Archive member included to satisfy reference by file (symbol)

c:/st/stm32cubeide_1.4.0/stm32cubeide/plugins/com.st.stm32cube.ide.mcu.externaltools.gnu-tools-for-stm32.7-2018-q2-update.win32_1.4.0.202007081208/tools/bin/../lib/gcc/arm-none-eabi/7.3.1/../../../../arm-none-eabi/lib/thumb/v7e-m/fpv4-sp/hard\libc_nano.a(lib_a-atoi.o)
                              Core/Src/main.o (atoi)
c:/st/stm32cubeide_1.4.0/stm32cubeide/plugins/com.st.stm32cube.ide.mcu.externaltools.gnu-tools-for-stm32.7-2018-q2-update.win32_1.4.0.202007081208/tools/bin/../lib/gcc/arm-none-eabi/7.3.1/../../../../arm-none-eabi/lib/thumb/v7e-m/fpv4-sp/hard\libc_nano.a(lib_a-errno.o)
                              Core/Src/syscalls.o (__errno)
c:/st/stm32cubeide_1.4.0/stm32cubeide/plugins/com.st.stm32cube.ide.mcu.externaltools.gnu-tools-for-stm32.7-2018-q2-update.win32_1.4.0.202007081208/tools/bin/../lib/gcc/arm-none-eabi/7.3.1/../../../../arm-none-eabi/lib/thumb/v7e-m/fpv4-sp/hard\libc_nano.a(lib_a-exit.o)
                              c:/st/stm32cubeide_1.4.0/stm32cubeide/plugins/com.st.stm32cube.ide.mcu.externaltools.gnu-tools-for-stm32.7-2018-q2-update.win32_1.4.0.202007081208/tools/bin/../lib/gcc/arm-none-eabi/7.3.1/../../../../arm-none-eabi/lib/thumb/v7e-m/fpv4-sp/hard/crt0.o (exit)
c:/st/stm32cubeide_1.4.0/stm32cubeide/plugins/com.st.stm32cube.ide.mcu.externaltools.gnu-tools-for-stm32.7-2018-q2-update.win32_1.4.0.202007081208/tools/bin/../lib/gcc/arm-none-eabi/7.3.1/../../../../arm-none-eabi/lib/thumb/v7e-m/fpv4-sp/hard\libc_nano.a(lib_a-impure.o)
                              c:/st/stm32cubeide_1.4.0/stm32cubeide/plugins/com.st.stm32cube.ide.mcu.externaltools.gnu-tools-for-stm32.7-2018-q2-update.win32_1.4.0.202007081208/tools/bin/../lib/gcc/arm-none-eabi/7.3.1/../../../../arm-none-eabi/lib/thumb/v7e-m/fpv4-sp/hard\libc_nano.a(lib_a-exit.o) (_global_impure_ptr)
c:/st/stm32cubeide_1.4.0/stm32cubeide/plugins/com.st.stm32cube.ide.mcu.externaltools.gnu-tools-for-stm32.7-2018-q2-update.win32_1.4.0.202007081208/tools/bin/../lib/gcc/arm-none-eabi/7.3.1/../../../../arm-none-eabi/lib/thumb/v7e-m/fpv4-sp/hard\libc_nano.a(lib_a-init.o)
                              c:/st/stm32cubeide_1.4.0/stm32cubeide/plugins/com.st.stm32cube.ide.mcu.externaltools.gnu-tools-for-stm32.7-2018-q2-update.win32_1.4.0.202007081208/tools/bin/../lib/gcc/arm-none-eabi/7.3.1/../../../../arm-none-eabi/lib/thumb/v7e-m/fpv4-sp/hard/crt0.o (__libc_init_array)
c:/st/stm32cubeide_1.4.0/stm32cubeide/plugins/com.st.stm32cube.ide.mcu.externaltools.gnu-tools-for-stm32.7-2018-q2-update.win32_1.4.0.202007081208/tools/bin/../lib/gcc/arm-none-eabi/7.3.1/../../../../arm-none-eabi/lib/thumb/v7e-m/fpv4-sp/hard\libc_nano.a(lib_a-memcmp.o)
                              Core/Src/es_wifi.o (memcmp)
c:/st/stm32cubeide_1.4.0/stm32cubeide/plugins/com.st.stm32cube.ide.mcu.externaltools.gnu-tools-for-stm32.7-2018-q2-update.win32_1.4.0.202007081208/tools/bin/../lib/gcc/arm-none-eabi/7.3.1/../../../../arm-none-eabi/lib/thumb/v7e-m/fpv4-sp/hard\libc_nano.a(lib_a-memcpy-stub.o)
                              Core/Src/es_wifi.o (memcpy)
c:/st/stm32cubeide_1.4.0/stm32cubeide/plugins/com.st.stm32cube.ide.mcu.externaltools.gnu-tools-for-stm32.7-2018-q2-update.win32_1.4.0.202007081208/tools/bin/../lib/gcc/arm-none-eabi/7.3.1/../../../../arm-none-eabi/lib/thumb/v7e-m/fpv4-sp/hard\libc_nano.a(lib_a-memset.o)
                              c:/st/stm32cubeide_1.4.0/stm32cubeide/plugins/com.st.stm32cube.ide.mcu.externaltools.gnu-tools-for-stm32.7-2018-q2-update.win32_1.4.0.202007081208/tools/bin/../lib/gcc/arm-none-eabi/7.3.1/../../../../arm-none-eabi/lib/thumb/v7e-m/fpv4-sp/hard/crt0.o (memset)
c:/st/stm32cubeide_1.4.0/stm32cubeide/plugins/com.st.stm32cube.ide.mcu.externaltools.gnu-tools-for-stm32.7-2018-q2-update.win32_1.4.0.202007081208/tools/bin/../lib/gcc/arm-none-eabi/7.3.1/../../../../arm-none-eabi/lib/thumb/v7e-m/fpv4-sp/hard\libc_nano.a(lib_a-printf.o)
                              Core/Src/es_wifi.o (printf)
c:/st/stm32cubeide_1.4.0/stm32cubeide/plugins/com.st.stm32cube.ide.mcu.externaltools.gnu-tools-for-stm32.7-2018-q2-update.win32_1.4.0.202007081208/tools/bin/../lib/gcc/arm-none-eabi/7.3.1/../../../../arm-none-eabi/lib/thumb/v7e-m/fpv4-sp/hard\libc_nano.a(lib_a-puts.o)
                              Core/Src/es_wifi.o (puts)
c:/st/stm32cubeide_1.4.0/stm32cubeide/plugins/com.st.stm32cube.ide.mcu.externaltools.gnu-tools-for-stm32.7-2018-q2-update.win32_1.4.0.202007081208/tools/bin/../lib/gcc/arm-none-eabi/7.3.1/../../../../arm-none-eabi/lib/thumb/v7e-m/fpv4-sp/hard\libc_nano.a(lib_a-snprintf.o)
                              Core/Src/main.o (snprintf)
c:/st/stm32cubeide_1.4.0/stm32cubeide/plugins/com.st.stm32cube.ide.mcu.externaltools.gnu-tools-for-stm32.7-2018-q2-update.win32_1.4.0.202007081208/tools/bin/../lib/gcc/arm-none-eabi/7.3.1/../../../../arm-none-eabi/lib/thumb/v7e-m/fpv4-sp/hard\libc_nano.a(lib_a-sprintf.o)
                              Core/Src/es_wifi.o (sprintf)
[...]
Memory Configuration

Name             Origin             Length             Attributes
RAM              0x0000000020000000 0x0000000000018000 xrw
RAM2             0x0000000010000000 0x0000000000008000 xrw
FLASH            0x0000000008000000 0x0000000000100000 xr
*default*        0x0000000000000000 0xffffffffffffffff

Linker script and memory map

LOAD c:/st/stm32cubeide_1.4.0/stm32cubeide/plugins/com.st.stm32cube.ide.mcu.externaltools.gnu-tools-for-stm32.7-2018-q2-update.win32_1.4.0.202007081208/tools/bin/../lib/gcc/arm-none-eabi/7.3.1/thumb/v7e-m/fpv4-sp/hard/crti.o
LOAD c:/st/stm32cubeide_1.4.0/stm32cubeide/plugins/com.st.stm32cube.ide.mcu.externaltools.gnu-tools-for-stm32.7-2018-q2-update.win32_1.4.0.202007081208/tools/bin/../lib/gcc/arm-none-eabi/7.3.1/thumb/v7e-m/fpv4-sp/hard/crtbegin.o
LOAD c:/st/stm32cubeide_1.4.0/stm32cubeide/plugins/com.st.stm32cube.ide.mcu.externaltools.gnu-tools-for-stm32.7-2018-q2-update.win32_1.4.0.202007081208/tools/bin/../lib/gcc/arm-none-eabi/7.3.1/../../../../arm-none-eabi/lib/thumb/v7e-m/fpv4-sp/hard/crt0.o
LOAD Core/Src/es_wifi.o
LOAD Core/Src/es_wifi_io.o
LOAD Core/Src/freertos.o
LOAD Core/Src/main.o
LOAD Core/Src/stm32l4xx_hal_msp.o
LOAD Core/Src/stm32l4xx_it.o
LOAD Core/Src/syscalls.o
LOAD Core/Src/sysmem.o
LOAD Core/Src/system_stm32l4xx.o
LOAD Core/Src/vl53l0x_api.o
LOAD Core/Src/vl53l0x_api_calibration.o
LOAD Core/Src/vl53l0x_api_core.o
LOAD Core/Src/vl53l0x_api_ranging.o
LOAD Core/Src/vl53l0x_api_strings.o
LOAD Core/Src/vl53l0x_platform_log.o
LOAD Core/Src/vl53l0x_tof.o
LOAD Core/Src/wifi.o
LOAD Core/Startup/startup_stm32l475vgtx.o
LOAD Drivers/B-L475E-IOT01/stm32l475e_iot01.o
LOAD Drivers/B-L475E-IOT01/stm32l475e_iot01_hsensor.o
LOAD Drivers/B-L475E-IOT01/stm32l475e_iot01_psensor.o
LOAD Drivers/B-L475E-IOT01/stm32l475e_iot01_tsensor.o
LOAD Drivers/Components/hts221/hts221.o
LOAD Drivers/Components/lps22hb/lps22hb.o
LOAD Drivers/STM32L4xx_HAL_Driver/Src/stm32l4xx_hal.o
LOAD Drivers/STM32L4xx_HAL_Driver/Src/stm32l4xx_hal_cortex.o
LOAD Drivers/STM32L4xx_HAL_Driver/Src/stm32l4xx_hal_dfsdm.o
LOAD Drivers/STM32L4xx_HAL_Driver/Src/stm32l4xx_hal_dma.o
LOAD Drivers/STM32L4xx_HAL_Driver/Src/stm32l4xx_hal_dma_ex.o
LOAD Drivers/STM32L4xx_HAL_Driver/Src/stm32l4xx_hal_exti.o
LOAD Drivers/STM32L4xx_HAL_Driver/Src/stm32l4xx_hal_flash.o
LOAD Drivers/STM32L4xx_HAL_Driver/Src/stm32l4xx_hal_flash_ex.o
LOAD Drivers/STM32L4xx_HAL_Driver/Src/stm32l4xx_hal_flash_ramfunc.o
LOAD Drivers/STM32L4xx_HAL_Driver/Src/stm32l4xx_hal_gpio.o
LOAD Drivers/STM32L4xx_HAL_Driver/Src/stm32l4xx_hal_i2c.o
LOAD Drivers/STM32L4xx_HAL_Driver/Src/stm32l4xx_hal_i2c_ex.o
LOAD Drivers/STM32L4xx_HAL_Driver/Src/stm32l4xx_hal_pcd.o
LOAD Drivers/STM32L4xx_HAL_Driver/Src/stm32l4xx_hal_pcd_ex.o
LOAD Drivers/STM32L4xx_HAL_Driver/Src/stm32l4xx_hal_pwr.o
LOAD Drivers/STM32L4xx_HAL_Driver/Src/stm32l4xx_hal_pwr_ex.o
LOAD Drivers/STM32L4xx_HAL_Driver/Src/stm32l4xx_hal_qspi.o
LOAD Drivers/STM32L4xx_HAL_Driver/Src/stm32l4xx_hal_rcc.o
LOAD Drivers/STM32L4xx_HAL_Driver/Src/stm32l4xx_hal_rcc_ex.o
LOAD Drivers/STM32L4xx_HAL_Driver/Src/stm32l4xx_hal_spi.o
LOAD Drivers/STM32L4xx_HAL_Driver/Src/stm32l4xx_hal_spi_ex.o
LOAD Drivers/STM32L4xx_HAL_Driver/Src/stm32l4xx_hal_tim.o
LOAD Drivers/STM32L4xx_HAL_Driver/Src/stm32l4xx_hal_tim_ex.o
LOAD Drivers/STM32L4xx_HAL_Driver/Src/stm32l4xx_hal_uart.o
LOAD Drivers/STM32L4xx_HAL_Driver/Src/stm32l4xx_hal_uart_ex.o
LOAD Drivers/STM32L4xx_HAL_Driver/Src/stm32l4xx_ll_usb.o
LOAD Middlewares/Third_Party/FreeRTOS/Source/CMSIS_RTOS_V2/cmsis_os2.o
LOAD Middlewares/Third_Party/FreeRTOS/Source/croutine.o
LOAD Middlewares/Third_Party/FreeRTOS/Source/event_groups.o
LOAD Middlewares/Third_Party/FreeRTOS/Source/list.o
LOAD Middlewares/Third_Party/FreeRTOS/Source/queue.o
LOAD Middlewares/Third_Party/FreeRTOS/Source/stream_buffer.o
LOAD Middlewares/Third_Party/FreeRTOS/Source/tasks.o
LOAD Middlewares/Third_Party/FreeRTOS/Source/timers.o
LOAD Middlewares/Third_Party/FreeRTOS/Source/portable/GCC/ARM_CM4F/port.o
LOAD Middlewares/Third_Party/FreeRTOS/Source/portable/MemMang/heap_4.o
START GROUP
LOAD c:/st/stm32cubeide_1.4.0/stm32cubeide/plugins/com.st.stm32cube.ide.mcu.externaltools.gnu-tools-for-stm32.7-2018-q2-update.win32_1.4.0.202007081208/tools/bin/../lib/gcc/arm-none-eabi/7.3.1/../../../../arm-none-eabi/lib/thumb/v7e-m/fpv4-sp/hard\libc_nano.a
LOAD c:/st/stm32cubeide_1.4.0/stm32cubeide/plugins/com.st.stm32cube.ide.mcu.externaltools.gnu-tools-for-stm32.7-2018-q2-update.win32_1.4.0.202007081208/tools/bin/../lib/gcc/arm-none-eabi/7.3.1/../../../../arm-none-eabi/lib/thumb/v7e-m/fpv4-sp/hard\libm.a
END GROUP
START GROUP
LOAD c:/st/stm32cubeide_1.4.0/stm32cubeide/plugins/com.st.stm32cube.ide.mcu.externaltools.gnu-tools-for-stm32.7-2018-q2-update.win32_1.4.0.202007081208/tools/bin/../lib/gcc/arm-none-eabi/7.3.1/thumb/v7e-m/fpv4-sp/hard\libgcc.a
LOAD c:/st/stm32cubeide_1.4.0/stm32cubeide/plugins/com.st.stm32cube.ide.mcu.externaltools.gnu-tools-for-stm32.7-2018-q2-update.win32_1.4.0.202007081208/tools/bin/../lib/gcc/arm-none-eabi/7.3.1/../../../../arm-none-eabi/lib/thumb/v7e-m/fpv4-sp/hard\libc_nano.a
END GROUP
START GROUP
LOAD c:/st/stm32cubeide_1.4.0/stm32cubeide/plugins/com.st.stm32cube.ide.mcu.externaltools.gnu-tools-for-stm32.7-2018-q2-update.win32_1.4.0.202007081208/tools/bin/../lib/gcc/arm-none-eabi/7.3.1/thumb/v7e-m/fpv4-sp/hard\libgcc.a
LOAD c:/st/stm32cubeide_1.4.0/stm32cubeide/plugins/com.st.stm32cube.ide.mcu.externaltools.gnu-tools-for-stm32.7-2018-q2-update.win32_1.4.0.202007081208/tools/bin/../lib/gcc/arm-none-eabi/7.3.1/../../../../arm-none-eabi/lib/thumb/v7e-m/fpv4-sp/hard\libc_nano.a
LOAD c:/st/stm32cubeide_1.4.0/stm32cubeide/plugins/com.st.stm32cube.ide.mcu.externaltools.gnu-tools-for-stm32.7-2018-q2-update.win32_1.4.0.202007081208/tools/bin/../lib/gcc/arm-none-eabi/7.3.1/../../../../arm-none-eabi/lib/thumb/v7e-m/fpv4-sp/hard\libnosys.a
END GROUP
START GROUP
LOAD c:/st/stm32cubeide_1.4.0/stm32cubeide/plugins/com.st.stm32cube.ide.mcu.externaltools.gnu-tools-for-stm32.7-2018-q2-update.win32_1.4.0.202007081208/tools/bin/../lib/gcc/arm-none-eabi/7.3.1/thumb/v7e-m/fpv4-sp/hard\libgcc.a
LOAD c:/st/stm32cubeide_1.4.0/stm32cubeide/plugins/com.st.stm32cube.ide.mcu.externaltools.gnu-tools-for-stm32.7-2018-q2-update.win32_1.4.0.202007081208/tools/bin/../lib/gcc/arm-none-eabi/7.3.1/../../../../arm-none-eabi/lib/thumb/v7e-m/fpv4-sp/hard\libc_nano.a
LOAD c:/st/stm32cubeide_1.4.0/stm32cubeide/plugins/com.st.stm32cube.ide.mcu.externaltools.gnu-tools-for-stm32.7-2018-q2-update.win32_1.4.0.202007081208/tools/bin/../lib/gcc/arm-none-eabi/7.3.1/../../../../arm-none-eabi/lib/thumb/v7e-m/fpv4-sp/hard\libnosys.a
END GROUP
LOAD c:/st/stm32cubeide_1.4.0/stm32cubeide/plugins/com.st.stm32cube.ide.mcu.externaltools.gnu-tools-for-stm32.7-2018-q2-update.win32_1.4.0.202007081208/tools/bin/../lib/gcc/arm-none-eabi/7.3.1/thumb/v7e-m/fpv4-sp/hard/crtend.o
LOAD c:/st/stm32cubeide_1.4.0/stm32cubeide/plugins/com.st.stm32cube.ide.mcu.externaltools.gnu-tools-for-stm32.7-2018-q2-update.win32_1.4.0.202007081208/tools/bin/../lib/gcc/arm-none-eabi/7.3.1/thumb/v7e-m/fpv4-sp/hard/crtn.o
                0x0000000020018000                _estack = (ORIGIN (RAM) + LENGTH (RAM))
                0x0000000000000200                _Min_Heap_Size = 0x200
                0x0000000000000400                _Min_Stack_Size = 0x400

.isr_vector     0x0000000008000000      0x188
                0x0000000008000000                . = ALIGN (0x4)
 *(.isr_vector)
 .isr_vector    0x0000000008000000      0x188 Core/Startup/startup_stm32l475vgtx.o
                0x0000000008000000                g_pfnVectors
                0x0000000008000188                . = ALIGN (0x4)

.text           0x0000000008000190     0xcfa4
                0x0000000008000190                . = ALIGN (0x4)
 *(.text)
 .text          0x0000000008000190       0x40 c:/st/stm32cubeide_1.4.0/stm32cubeide/plugins/com.st.stm32cube.ide.mcu.externaltools.gnu-tools-for-stm32.7-2018-q2-update.win32_1.4.0.202007081208/tools/bin/../lib/gcc/arm-none-eabi/7.3.1/thumb/v7e-m/fpv4-sp/hard/crtbegin.o
 .text          0x00000000080001d0       0x10 c:/st/stm32cubeide_1.4.0/stm32cubeide/plugins/com.st.stm32cube.ide.mcu.externaltools.gnu-tools-for-stm32.7-2018-q2-update.win32_1.4.0.202007081208/tools/bin/../lib/gcc/arm-none-eabi/7.3.1/../../../../arm-none-eabi/lib/thumb/v7e-m/fpv4-sp/hard\libc_nano.a(lib_a-strlen.o)
                0x00000000080001d0                strlen
 .text          0x00000000080001e0       0xa0 c:/st/stm32cubeide_1.4.0/stm32cubeide/plugins/com.st.stm32cube.ide.mcu.externaltools.gnu-tools-for-stm32.7-2018-q2-update.win32_1.4.0.202007081208/tools/bin/../lib/gcc/arm-none-eabi/7.3.1/../../../../arm-none-eabi/lib/thumb/v7e-m/fpv4-sp/hard\libc_nano.a(lib_a-memchr.o)
                0x00000000080001e0                memchr
 .text          0x0000000008000280      0x378 c:/st/stm32cubeide_1.4.0/stm32cubeide/plugins/com.st.stm32cube.ide.mcu.externaltools.gnu-tools-for-stm32.7-2018-q2-update.win32_1.4.0.202007081208/tools/bin/../lib/gcc/arm-none-eabi/7.3.1/thumb/v7e-m/fpv4-sp/hard\libgcc.a(_arm_addsubdf3.o)
                0x0000000008000280                __aeabi_drsub
                0x0000000008000288                __aeabi_dsub
                0x0000000008000288                __subdf3
                0x000000000800028c                __aeabi_dadd
                0x000000000800028c                __adddf3
                0x0000000008000504                __floatunsidf
                0x0000000008000504                __aeabi_ui2d
                0x0000000008000524                __floatsidf
                0x0000000008000524                __aeabi_i2d
                0x0000000008000548                __aeabi_f2d
                0x0000000008000548                __extendsfdf2
                0x000000000800058c                __floatundidf
                0x000000000800058c                __aeabi_ul2d
                0x000000000800059c                __floatdidf
                0x000000000800059c                __aeabi_l2d
 .text          0x00000000080005f8       0x50 c:/st/stm32cubeide_1.4.0/stm32cubeide/plugins/com.st.stm32cube.ide.mcu.externaltools.gnu-tools-for-stm32.7-2018-q2-update.win32_1.4.0.202007081208/tools/bin/../lib/gcc/arm-none-eabi/7.3.1/thumb/v7e-m/fpv4-sp/hard\libgcc.a(_arm_fixdfsi.o)
                0x00000000080005f8                __aeabi_d2iz
                0x00000000080005f8                __fixdfsi
 .text          0x0000000008000648       0x30 c:/st/stm32cubeide_1.4.0/stm32cubeide/plugins/com.st.stm32cube.ide.mcu.externaltools.gnu-tools-for-stm32.7-2018-q2-update.win32_1.4.0.202007081208/tools/bin/../lib/gcc/arm-none-eabi/7.3.1/thumb/v7e-m/fpv4-sp/hard\libgcc.a(_aeabi_uldivmod.o)
                0x0000000008000648                __aeabi_uldivmod
 .text          0x0000000008000678      0x2cc c:/st/stm32cubeide_1.4.0/stm32cubeide/plugins/com.st.stm32cube.ide.mcu.externaltools.gnu-tools-for-stm32.7-2018-q2-update.win32_1.4.0.202007081208/tools/bin/../lib/gcc/arm-none-eabi/7.3.1/thumb/v7e-m/fpv4-sp/hard\libgcc.a(_udivmoddi4.o)
                0x0000000008000678                __udivmoddi4
 .text          0x0000000008000944        0x4 c:/st/stm32cubeide_1.4.0/stm32cubeide/plugins/com.st.stm32cube.ide.mcu.externaltools.gnu-tools-for-stm32.7-2018-q2-update.win32_1.4.0.202007081208/tools/bin/../lib/gcc/arm-none-eabi/7.3.1/thumb/v7e-m/fpv4-sp/hard\libgcc.a(_dvmd_tls.o)
                0x0000000008000944                __aeabi_idiv0
                0x0000000008000944                __aeabi_ldiv0
 *(.text*)
 .text.Hex2Num  0x0000000008000948       0x54 Core/Src/es_wifi.o
 .text.ParseHexNumber
                0x000000000800099c       0x80 Core/Src/es_wifi.o
 .text.ParseNumber
                0x0000000008000a1c       0x88 Core/Src/es_wifi.o
 .text.ParseMAC
                0x0000000008000aa4       0x54 Core/Src/es_wifi.o
 .text.ParseIP  0x0000000008000af8       0x54 Core/Src/es_wifi.o
 .text.AT_ParseInfo
                0x0000000008000b4c       0xec Core/Src/es_wifi.o
 .text.AT_ParseConnSettings
                0x0000000008000c38      0x160 Core/Src/es_wifi.o
 .text.AT_ParseIsConnected
                0x0000000008000d98       0x2c Core/Src/es_wifi.o
 .text.AT_ExecuteCommand
                0x0000000008000dc4       0xcc Core/Src/es_wifi.o
 .text.AT_RequestSendData
                0x0000000008000e90       0xec Core/Src/es_wifi.o
 .text.AT_RequestReceiveData
                0x0000000008000f7c      0x12c Core/Src/es_wifi.o
 .text.ES_WIFI_Init
                0x00000000080010a8       0x5c Core/Src/es_wifi.o
                0x00000000080010a8                ES_WIFI_Init
 .text.ES_WIFI_RegisterBusIO
                0x0000000008001104       0x66 Core/Src/es_wifi.o
                0x0000000008001104                ES_WIFI_RegisterBusIO
 *fill*         0x000000000800116a        0x2 
 .text.ES_WIFI_Connect
                0x000000000800116c       0xec Core/Src/es_wifi.o
                0x000000000800116c                ES_WIFI_Connect
 .text.ES_WIFI_IsConnected
                0x0000000008001258       0x58 Core/Src/es_wifi.o
                0x0000000008001258                ES_WIFI_IsConnected
 .text.ES_WIFI_GetNetworkSettings
                0x00000000080012b0       0x54 Core/Src/es_wifi.o
                0x00000000080012b0                ES_WIFI_GetNetworkSettings
 .text.ES_WIFI_GetMACAddress
                0x0000000008001304       0x60 Core/Src/es_wifi.o
                0x0000000008001304                ES_WIFI_GetMACAddress
 .text.ES_WIFI_StartClientConnection
                0x0000000008001364      0x1d8 Core/Src/es_wifi.o
                0x0000000008001364                ES_WIFI_StartClientConnection
 .text.ES_WIFI_SendData
                0x000000000800153c      0x178 Core/Src/es_wifi.o
                0x000000000800153c                ES_WIFI_SendData
 .text.ES_WIFI_ReceiveData
                0x00000000080016b4      0x17c Core/Src/es_wifi.o
                0x00000000080016b4                ES_WIFI_ReceiveData
 .text.SPI_WIFI_MspInit
                0x0000000008001830      0x178 Core/Src/es_wifi_io.o
                0x0000000008001830                SPI_WIFI_MspInit
 .text.SPI_WIFI_Init
                0x00000000080019a8       0xbc Core/Src/es_wifi_io.o
                0x00000000080019a8                SPI_WIFI_Init
 .text.SPI_WIFI_ResetModule
                0x0000000008001a64       0xe0 Core/Src/es_wifi_io.o
                0x0000000008001a64                SPI_WIFI_ResetModule
 .text.SPI_WIFI_DeInit
                0x0000000008001b44       0x14 Core/Src/es_wifi_io.o
                0x0000000008001b44                SPI_WIFI_DeInit
 .text.wait_cmddata_rdy_high
                0x0000000008001b58       0x44 Core/Src/es_wifi_io.o
 .text.wait_cmddata_rdy_rising_event
                0x0000000008001b9c       0x40 Core/Src/es_wifi_io.o
 .text.wait_spi_rx_event
                0x0000000008001bdc       0x40 Core/Src/es_wifi_io.o
 .text.wait_spi_tx_event
                0x0000000008001c1c       0x40 Core/Src/es_wifi_io.o
 .text.SPI_WIFI_ReceiveData
                0x0000000008001c5c       0xf4 Core/Src/es_wifi_io.o
                0x0000000008001c5c                SPI_WIFI_ReceiveData
 .text.SPI_WIFI_SendData
                0x0000000008001d50       0xdc Core/Src/es_wifi_io.o
                0x0000000008001d50                SPI_WIFI_SendData
 .text.SPI_WIFI_Delay
                0x0000000008001e2c       0x16 Core/Src/es_wifi_io.o
                0x0000000008001e2c                SPI_WIFI_Delay
 *fill*         0x0000000008001e42        0x2 
 .text.SPI_WIFI_DelayUs
                0x0000000008001e44       0xa4 Core/Src/es_wifi_io.o
 .text.HAL_SPI_RxCpltCallback
                0x0000000008001ee8       0x28 Core/Src/es_wifi_io.o
                0x0000000008001ee8                HAL_SPI_RxCpltCallback
 .text.HAL_SPI_TxCpltCallback
                0x0000000008001f10       0x28 Core/Src/es_wifi_io.o
                0x0000000008001f10                HAL_SPI_TxCpltCallback
 .text.SPI_WIFI_ISR
                0x0000000008001f38       0x20 Core/Src/es_wifi_io.o
                0x0000000008001f38                SPI_WIFI_ISR
 .text.inizialize
                0x0000000008001f58       0x4e Core/Src/main.o
                0x0000000008001f58                inizialize
 *fill*         0x0000000008001fa6        0x2 
 .text.main     0x0000000008001fa8      0x120 Core/Src/main.o
                0x0000000008001fa8                main
 .text.SystemClock_Config
                0x00000000080020c8      0x148 Core/Src/main.o
 .text.__io_putchar
                0x0000000008002210       0x24 Core/Src/main.o
                0x0000000008002210                __io_putchar
 .text.MX_DFSDM1_Init
                0x0000000008002234       0x70 Core/Src/main.o
 .text.MX_I2C2_Init
                0x00000000080022a4       0x80 Core/Src/main.o
 .text.MX_QUADSPI_Init
                0x0000000008002324       0x4c Core/Src/main.o
 .text.MX_SPI3_Init
                0x0000000008002370       0x7c Core/Src/main.o
 .text.MX_USART1_UART_Init
                0x00000000080023ec       0x60 Core/Src/main.o
 .text.MX_USART3_UART_Init
                0x000000000800244c       0x60 Core/Src/main.o
 .text.MX_USB_OTG_FS_PCD_Init
                0x00000000080024ac       0x5c Core/Src/main.o
 .text.MX_GPIO_Init
                0x0000000008002508      0x360 Core/Src/main.o
 .text.controlla_valori_telefono
                0x0000000008002868      0x32c Core/Src/main.o
                0x0000000008002868                controlla_valori_telefono
 .text.StartDefaultTask
                0x0000000008002b94       0x1c Core/Src/main.o
                0x0000000008002b94                StartDefaultTask
 .text.stampa   0x0000000008002bb0       0xf8 Core/Src/main.o
                0x0000000008002bb0                stampa
 .text.StartTask02
                0x0000000008002ca8       0x14 Core/Src/main.o
                0x0000000008002ca8                StartTask02
 .text.Error_Handler
                0x0000000008002cbc        0xe Core/Src/main.o
                0x0000000008002cbc                Error_Handler
 .text.HAL_GPIO_EXTI_Callback
                0x0000000008002cca       0x20 Core/Src/main.o
                0x0000000008002cca                HAL_GPIO_EXTI_Callback
 *fill*         0x0000000008002cea        0x2 
 .text.SPI3_IRQHandler
                0x0000000008002cec       0x14 Core/Src/main.o
                0x0000000008002cec                SPI3_IRQHandler
 .text.HAL_MspInit
                0x0000000008002d00       0x48 Core/Src/stm32l4xx_hal_msp.o
                0x0000000008002d00                HAL_MspInit
 .text.HAL_DFSDM_ChannelMspInit
                0x0000000008002d48       0x88 Core/Src/stm32l4xx_hal_msp.o
                0x0000000008002d48                HAL_DFSDM_ChannelMspInit
 .text.HAL_I2C_MspInit
                0x0000000008002dd0       0x88 Core/Src/stm32l4xx_hal_msp.o
                0x0000000008002dd0                HAL_I2C_MspInit
 .text.HAL_QSPI_MspInit
                0x0000000008002e58       0x88 Core/Src/stm32l4xx_hal_msp.o
                0x0000000008002e58                HAL_QSPI_MspInit
 .text.HAL_SPI_MspInit
                0x0000000008002ee0       0x88 Core/Src/stm32l4xx_hal_msp.o
                0x0000000008002ee0                HAL_SPI_MspInit
 .text.HAL_SPI_MspDeInit
                0x0000000008002f68       0x3c Core/Src/stm32l4xx_hal_msp.o
                0x0000000008002f68                HAL_SPI_MspDeInit
 .text.HAL_UART_MspInit
                0x0000000008002fa4       0xec Core/Src/stm32l4xx_hal_msp.o
                0x0000000008002fa4                HAL_UART_MspInit
 .text.HAL_PCD_MspInit
                0x0000000008003090       0xd8 Core/Src/stm32l4xx_hal_msp.o
                0x0000000008003090                HAL_PCD_MspInit
 .text.NMI_Handler
                0x0000000008003168        0xe Core/Src/stm32l4xx_it.o
                0x0000000008003168                NMI_Handler
 .text.HardFault_Handler
                0x0000000008003176        0x6 Core/Src/stm32l4xx_it.o
                0x0000000008003176                HardFault_Handler
 .text.MemManage_Handler
                0x000000000800317c        0x6 Core/Src/stm32l4xx_it.o
                0x000000000800317c                MemManage_Handler
 .text.BusFault_Handler
                0x0000000008003182        0x6 Core/Src/stm32l4xx_it.o
                0x0000000008003182                BusFault_Handler
 .text.UsageFault_Handler
                0x0000000008003188        0x6 Core/Src/stm32l4xx_it.o
                0x0000000008003188                UsageFault_Handler
 .text.DebugMon_Handler
                0x000000000800318e        0xe Core/Src/stm32l4xx_it.o
                0x000000000800318e                DebugMon_Handler
 .text.SysTick_Handler
                0x000000000800319c       0x1a Core/Src/stm32l4xx_it.o
                0x000000000800319c                SysTick_Handler
 .text.EXTI9_5_IRQHandler
                0x00000000080031b6       0x22 Core/Src/stm32l4xx_it.o
                0x00000000080031b6                EXTI9_5_IRQHandler
 .text.EXTI1_IRQHandler
                0x00000000080031d8        0xe Core/Src/stm32l4xx_it.o
                0x00000000080031d8                EXTI1_IRQHandler
 .text.EXTI15_10_IRQHandler
                0x00000000080031e6       0x30 Core/Src/stm32l4xx_it.o
                0x00000000080031e6                EXTI15_10_IRQHandler
 .text._read    0x0000000008003216       0x3a Core/Src/syscalls.o
                0x0000000008003216                _read
 .text._write   0x0000000008003250       0x38 Core/Src/syscalls.o
                0x0000000008003250                _write
 .text._close   0x0000000008003288       0x18 Core/Src/syscalls.o
                0x0000000008003288                _close
 .text._fstat   0x00000000080032a0       0x20 Core/Src/syscalls.o
                0x00000000080032a0                _fstat
 .text._isatty  0x00000000080032c0       0x16 Core/Src/syscalls.o
                0x00000000080032c0                _isatty
 .text._lseek   0x00000000080032d6       0x1a Core/Src/syscalls.o
                0x00000000080032d6                _lseek
 .text._sbrk    0x00000000080032f0       0x6c Core/Src/sysmem.o
                0x00000000080032f0                _sbrk
 .text.SystemInit
                0x000000000800335c       0x6c Core/Src/system_stm32l4xx.o
                0x000000000800335c                SystemInit
 .text.WIFI_Init
                0x00000000080033c8       0x58 Core/Src/wifi.o
                0x00000000080033c8                WIFI_Init
 .text.WIFI_Connect
                0x0000000008003420       0x44 Core/Src/wifi.o
                0x0000000008003420                WIFI_Connect
 .text.WIFI_GetMAC_Address
                0x0000000008003464       0x2c Core/Src/wifi.o
                0x0000000008003464                WIFI_GetMAC_Address
 .text.WIFI_GetIP_Address
                0x0000000008003490       0x38 Core/Src/wifi.o
                0x0000000008003490                WIFI_GetIP_Address
 .text.WIFI_OpenClientConnection
                0x00000000080034c8       0x74 Core/Src/wifi.o
                0x00000000080034c8                WIFI_OpenClientConnection
 .text.WIFI_SendData
                0x000000000800353c       0x44 Core/Src/wifi.o
                0x000000000800353c                WIFI_SendData
 .text.WIFI_ReceiveData
                0x0000000008003580       0x44 Core/Src/wifi.o
                0x0000000008003580                WIFI_ReceiveData
 .text.Reset_Handler
                0x00000000080035c4       0x50 Core/Startup/startup_stm32l475vgtx.o
                0x00000000080035c4                Reset_Handler
 .text.Default_Handler
                0x0000000008003614        0x2 Core/Startup/startup_stm32l475vgtx.o
                0x0000000008003614                RTC_Alarm_IRQHandler
                0x0000000008003614                EXTI2_IRQHandler
                0x0000000008003614                TIM8_TRG_COM_IRQHandler
                0x0000000008003614                TIM8_CC_IRQHandler
                0x0000000008003614                TIM1_CC_IRQHandler
                0x0000000008003614                TSC_IRQHandler
                0x0000000008003614                TAMP_STAMP_IRQHandler
                0x0000000008003614                EXTI3_IRQHandler
                0x0000000008003614                LPTIM2_IRQHandler
                0x0000000008003614                DFSDM1_FLT1_IRQHandler
                0x0000000008003614                I2C3_ER_IRQHandler
                0x0000000008003614                DFSDM1_FLT2_IRQHandler
                0x0000000008003614                EXTI0_IRQHandler
                0x0000000008003614                I2C2_EV_IRQHandler
                0x0000000008003614                CAN1_RX0_IRQHandler
                0x0000000008003614                FPU_IRQHandler
                0x0000000008003614                TIM1_UP_TIM16_IRQHandler
                0x0000000008003614                ADC1_2_IRQHandler
                0x0000000008003614                SPI1_IRQHandler
                0x0000000008003614                TIM6_DAC_IRQHandler
                0x0000000008003614                TIM8_UP_IRQHandler
                0x0000000008003614                DMA2_Channel2_IRQHandler
                0x0000000008003614                DMA1_Channel4_IRQHandler
                0x0000000008003614                SAI2_IRQHandler
                0x0000000008003614                DFSDM1_FLT3_IRQHandler
                0x0000000008003614                USART3_IRQHandler
                0x0000000008003614                DMA1_Channel7_IRQHandler
                0x0000000008003614                CAN1_RX1_IRQHandler
                0x0000000008003614                UART5_IRQHandler
                0x0000000008003614                ADC3_IRQHandler
                0x0000000008003614                TIM4_IRQHandler
                0x0000000008003614                DMA2_Channel1_IRQHandler
                0x0000000008003614                QUADSPI_IRQHandler
                0x0000000008003614                I2C1_EV_IRQHandler
                0x0000000008003614                DMA1_Channel6_IRQHandler
                0x0000000008003614                UART4_IRQHandler
                0x0000000008003614                DMA2_Channel4_IRQHandler
                0x0000000008003614                TIM3_IRQHandler
                0x0000000008003614                RCC_IRQHandler
                0x0000000008003614                DMA1_Channel1_IRQHandler
                0x0000000008003614                Default_Handler
                0x0000000008003614                DMA2_Channel7_IRQHandler
                0x0000000008003614                TIM7_IRQHandler
                0x0000000008003614                SDMMC1_IRQHandler
                0x0000000008003614                TIM5_IRQHandler
                0x0000000008003614                I2C3_EV_IRQHandler
                0x0000000008003614                RTC_WKUP_IRQHandler
                0x0000000008003614                PVD_PVM_IRQHandler
                0x0000000008003614                SPI2_IRQHandler
                0x0000000008003614                CAN1_TX_IRQHandler
                0x0000000008003614                DMA2_Channel5_IRQHandler
                0x0000000008003614                DMA1_Channel5_IRQHandler
                0x0000000008003614                EXTI4_IRQHandler
                0x0000000008003614                RNG_IRQHandler
                0x0000000008003614                TIM1_TRG_COM_TIM17_IRQHandler
                0x0000000008003614                DMA1_Channel3_IRQHandler
                0x0000000008003614                COMP_IRQHandler
                0x0000000008003614                WWDG_IRQHandler
                0x0000000008003614                LPUART1_IRQHandler
                0x0000000008003614                DMA2_Channel6_IRQHandler
                0x0000000008003614                TIM2_IRQHandler
                0x0000000008003614                USART2_IRQHandler
                0x0000000008003614                DFSDM1_FLT0_IRQHandler
                0x0000000008003614                I2C2_ER_IRQHandler
                0x0000000008003614                DMA1_Channel2_IRQHandler
                0x0000000008003614                TIM8_BRK_IRQHandler
                0x0000000008003614                CAN1_SCE_IRQHandler
                0x0000000008003614                FLASH_IRQHandler
                0x0000000008003614                USART1_IRQHandler
                0x0000000008003614                OTG_FS_IRQHandler
                0x0000000008003614                I2C1_ER_IRQHandler
                0x0000000008003614                FMC_IRQHandler
                0x0000000008003614                SWPMI1_IRQHandler
                0x0000000008003614                LPTIM1_IRQHandler
                0x0000000008003614                SAI1_IRQHandler
                0x0000000008003614                DMA2_Channel3_IRQHandler
                0x0000000008003614                TIM1_BRK_TIM15_IRQHandler
 *fill*         0x0000000008003616        0x2 
 .text.BSP_LED_Init
                0x0000000008003618       0x60 Drivers/B-L475E-IOT01/stm32l475e_iot01.o
                0x0000000008003618                BSP_LED_Init
 .text.BSP_LED_On
                0x0000000008003678       0x2c Drivers/B-L475E-IOT01/stm32l475e_iot01.o
                0x0000000008003678                BSP_LED_On
 .text.BSP_PB_Init
                0x00000000080036a4       0xac Drivers/B-L475E-IOT01/stm32l475e_iot01.o
                0x00000000080036a4                BSP_PB_Init
 .text.BSP_COM_Init
                0x0000000008003750       0xd8 Drivers/B-L475E-IOT01/stm32l475e_iot01.o
                0x0000000008003750                BSP_COM_Init
 .text.BSP_TSENSOR_ReadTemp
                0x0000000008003828       0x1c Drivers/B-L475E-IOT01/stm32l475e_iot01_tsensor.o
                0x0000000008003828                BSP_TSENSOR_ReadTemp
 .text.HAL_Init
                0x0000000008003844       0x30 Drivers/STM32L4xx_HAL_Driver/Src/stm32l4xx_hal.o
                0x0000000008003844                HAL_Init
 .text.HAL_InitTick
                0x0000000008003874       0x78 Drivers/STM32L4xx_HAL_Driver/Src/stm32l4xx_hal.o
                0x0000000008003874                HAL_InitTick
 .text.HAL_IncTick
                0x00000000080038ec       0x28 Drivers/STM32L4xx_HAL_Driver/Src/stm32l4xx_hal.o
                0x00000000080038ec                HAL_IncTick
 .text.HAL_GetTick
                0x0000000008003914       0x18 Drivers/STM32L4xx_HAL_Driver/Src/stm32l4xx_hal.o
                0x0000000008003914                HAL_GetTick
 .text.HAL_Delay
                0x000000000800392c       0x44 Drivers/STM32L4xx_HAL_Driver/Src/stm32l4xx_hal.o
                0x000000000800392c                HAL_Delay
 .text.__NVIC_SetPriorityGrouping
                0x0000000008003970       0x48 Drivers/STM32L4xx_HAL_Driver/Src/stm32l4xx_hal_cortex.o
 .text.__NVIC_GetPriorityGrouping
                0x00000000080039b8       0x1c Drivers/STM32L4xx_HAL_Driver/Src/stm32l4xx_hal_cortex.o
 .text.__NVIC_EnableIRQ
                0x00000000080039d4       0x3c Drivers/STM32L4xx_HAL_Driver/Src/stm32l4xx_hal_cortex.o
 .text.__NVIC_SetPriority
                0x0000000008003a10       0x54 Drivers/STM32L4xx_HAL_Driver/Src/stm32l4xx_hal_cortex.o
 .text.NVIC_EncodePriority
                0x0000000008003a64       0x66 Drivers/STM32L4xx_HAL_Driver/Src/stm32l4xx_hal_cortex.o
 *fill*         0x0000000008003aca        0x2 
 .text.SysTick_Config
                0x0000000008003acc       0x44 Drivers/STM32L4xx_HAL_Driver/Src/stm32l4xx_hal_cortex.o
 .text.HAL_NVIC_SetPriorityGrouping
                0x0000000008003b10       0x16 Drivers/STM32L4xx_HAL_Driver/Src/stm32l4xx_hal_cortex.o
                0x0000000008003b10                HAL_NVIC_SetPriorityGrouping
 .text.HAL_NVIC_SetPriority
                0x0000000008003b26       0x38 Drivers/STM32L4xx_HAL_Driver/Src/stm32l4xx_hal_cortex.o
                0x0000000008003b26                HAL_NVIC_SetPriority
 .text.HAL_NVIC_EnableIRQ
                0x0000000008003b5e       0x1c Drivers/STM32L4xx_HAL_Driver/Src/stm32l4xx_hal_cortex.o
                0x0000000008003b5e                HAL_NVIC_EnableIRQ
 .text.HAL_SYSTICK_Config
                0x0000000008003b7a       0x18 Drivers/STM32L4xx_HAL_Driver/Src/stm32l4xx_hal_cortex.o
                0x0000000008003b7a                HAL_SYSTICK_Config
 *fill*         0x0000000008003b92        0x2 
 .text.HAL_DFSDM_ChannelInit
                0x0000000008003b94      0x180 Drivers/STM32L4xx_HAL_Driver/Src/stm32l4xx_hal_dfsdm.o
                0x0000000008003b94                HAL_DFSDM_ChannelInit
 .text.DFSDM_GetChannelFromInstance
                0x0000000008003d14       0x98 Drivers/STM32L4xx_HAL_Driver/Src/stm32l4xx_hal_dfsdm.o
 .text.HAL_DMA_Abort_IT
                0x0000000008003dac       0x82 Drivers/STM32L4xx_HAL_Driver/Src/stm32l4xx_hal_dma.o
                0x0000000008003dac                HAL_DMA_Abort_IT
 *fill*         0x0000000008003e2e        0x2 
 .text.HAL_GPIO_Init
                0x0000000008003e30      0x350 Drivers/STM32L4xx_HAL_Driver/Src/stm32l4xx_hal_gpio.o
                0x0000000008003e30                HAL_GPIO_Init
 .text.HAL_GPIO_DeInit
                0x0000000008004180      0x1e8 Drivers/STM32L4xx_HAL_Driver/Src/stm32l4xx_hal_gpio.o
                0x0000000008004180                HAL_GPIO_DeInit
 .text.HAL_GPIO_ReadPin
                0x0000000008004368       0x30 Drivers/STM32L4xx_HAL_Driver/Src/stm32l4xx_hal_gpio.o
                0x0000000008004368                HAL_GPIO_ReadPin
 .text.HAL_GPIO_WritePin
                0x0000000008004398       0x30 Drivers/STM32L4xx_HAL_Driver/Src/stm32l4xx_hal_gpio.o
                0x0000000008004398                HAL_GPIO_WritePin
 .text.HAL_GPIO_EXTI_IRQHandler
                0x00000000080043c8       0x30 Drivers/STM32L4xx_HAL_Driver/Src/stm32l4xx_hal_gpio.o
                0x00000000080043c8                HAL_GPIO_EXTI_IRQHandler
 .text.HAL_I2C_Init
                0x00000000080043f8      0x11e Drivers/STM32L4xx_HAL_Driver/Src/stm32l4xx_hal_i2c.o
                0x00000000080043f8                HAL_I2C_Init
 .text.HAL_I2CEx_ConfigAnalogFilter
                0x0000000008004516       0x96 Drivers/STM32L4xx_HAL_Driver/Src/stm32l4xx_hal_i2c_ex.o
                0x0000000008004516                HAL_I2CEx_ConfigAnalogFilter
 .text.HAL_I2CEx_ConfigDigitalFilter
                0x00000000080045ac       0x98 Drivers/STM32L4xx_HAL_Driver/Src/stm32l4xx_hal_i2c_ex.o
                0x00000000080045ac                HAL_I2CEx_ConfigDigitalFilter
 .text.HAL_PCD_Init
                0x0000000008004644      0x248 Drivers/STM32L4xx_HAL_Driver/Src/stm32l4xx_hal_pcd.o
                0x0000000008004644                HAL_PCD_Init
 .text.HAL_PCDEx_ActivateLPM
                0x000000000800488c       0x48 Drivers/STM32L4xx_HAL_Driver/Src/stm32l4xx_hal_pcd_ex.o
                0x000000000800488c                HAL_PCDEx_ActivateLPM
 .text.HAL_PWR_EnableBkUpAccess
                0x00000000080048d4       0x20 Drivers/STM32L4xx_HAL_Driver/Src/stm32l4xx_hal_pwr.o
                0x00000000080048d4                HAL_PWR_EnableBkUpAccess
 .text.HAL_PWREx_GetVoltageRange
                0x00000000080048f4       0x1c Drivers/STM32L4xx_HAL_Driver/Src/stm32l4xx_hal_pwr_ex.o
                0x00000000080048f4                HAL_PWREx_GetVoltageRange
 .text.HAL_PWREx_ControlVoltageScaling
                0x0000000008004910       0xac Drivers/STM32L4xx_HAL_Driver/Src/stm32l4xx_hal_pwr_ex.o
                0x0000000008004910                HAL_PWREx_ControlVoltageScaling
 .text.HAL_PWREx_EnableVddUSB
                0x00000000080049bc       0x20 Drivers/STM32L4xx_HAL_Driver/Src/stm32l4xx_hal_pwr_ex.o
                0x00000000080049bc                HAL_PWREx_EnableVddUSB
 .text.HAL_QSPI_Init
                0x00000000080049dc       0xec Drivers/STM32L4xx_HAL_Driver/Src/stm32l4xx_hal_qspi.o
                0x00000000080049dc                HAL_QSPI_Init
 .text.HAL_QSPI_SetTimeout
                0x0000000008004ac8       0x1c Drivers/STM32L4xx_HAL_Driver/Src/stm32l4xx_hal_qspi.o
                0x0000000008004ac8                HAL_QSPI_SetTimeout
 .text.QSPI_WaitFlagStateUntilTimeout
                0x0000000008004ae4       0x6e Drivers/STM32L4xx_HAL_Driver/Src/stm32l4xx_hal_qspi.o
 *fill*         0x0000000008004b52        0x2 
 .text.HAL_RCC_OscConfig
                0x0000000008004b54      0x7cc Drivers/STM32L4xx_HAL_Driver/Src/stm32l4xx_hal_rcc.o
                0x0000000008004b54                HAL_RCC_OscConfig
 .text.HAL_RCC_ClockConfig
                0x0000000008005320      0x1c4 Drivers/STM32L4xx_HAL_Driver/Src/stm32l4xx_hal_rcc.o
                0x0000000008005320                HAL_RCC_ClockConfig
 .text.HAL_RCC_GetSysClockFreq
                0x00000000080054e4      0x114 Drivers/STM32L4xx_HAL_Driver/Src/stm32l4xx_hal_rcc.o
                0x00000000080054e4                HAL_RCC_GetSysClockFreq
 .text.HAL_RCC_GetHCLKFreq
                0x00000000080055f8       0x18 Drivers/STM32L4xx_HAL_Driver/Src/stm32l4xx_hal_rcc.o
                0x00000000080055f8                HAL_RCC_GetHCLKFreq
 .text.HAL_RCC_GetPCLK1Freq
                0x0000000008005610       0x2c Drivers/STM32L4xx_HAL_Driver/Src/stm32l4xx_hal_rcc.o
                0x0000000008005610                HAL_RCC_GetPCLK1Freq
 .text.HAL_RCC_GetPCLK2Freq
                0x000000000800563c       0x2c Drivers/STM32L4xx_HAL_Driver/Src/stm32l4xx_hal_rcc.o
                0x000000000800563c                HAL_RCC_GetPCLK2Freq
 .text.RCC_SetFlashLatencyFromMSIRange
                0x0000000008005668       0xc0 Drivers/STM32L4xx_HAL_Driver/Src/stm32l4xx_hal_rcc.o
 .text.HAL_RCCEx_PeriphCLKConfig
                0x0000000008005728      0x5cc Drivers/STM32L4xx_HAL_Driver/Src/stm32l4xx_hal_rcc_ex.o
                0x0000000008005728                HAL_RCCEx_PeriphCLKConfig
 .text.HAL_RCCEx_EnableMSIPLLMode
                0x0000000008005cf4       0x20 Drivers/STM32L4xx_HAL_Driver/Src/stm32l4xx_hal_rcc_ex.o
                0x0000000008005cf4                HAL_RCCEx_EnableMSIPLLMode
 .text.RCCEx_PLLSAI1_Config
                0x0000000008005d14      0x1e0 Drivers/STM32L4xx_HAL_Driver/Src/stm32l4xx_hal_rcc_ex.o
 .text.RCCEx_PLLSAI2_Config
                0x0000000008005ef4      0x1b4 Drivers/STM32L4xx_HAL_Driver/Src/stm32l4xx_hal_rcc_ex.o
 .text.HAL_SPI_Init
                0x00000000080060a8      0x146 Drivers/STM32L4xx_HAL_Driver/Src/stm32l4xx_hal_spi.o
                0x00000000080060a8                HAL_SPI_Init
 .text.HAL_SPI_DeInit
                0x00000000080061ee       0x50 Drivers/STM32L4xx_HAL_Driver/Src/stm32l4xx_hal_spi.o
                0x00000000080061ee                HAL_SPI_DeInit
 .text.HAL_SPI_Receive
                0x000000000800623e      0x260 Drivers/STM32L4xx_HAL_Driver/Src/stm32l4xx_hal_spi.o
                0x000000000800623e                HAL_SPI_Receive
 .text.HAL_SPI_TransmitReceive
                0x000000000800649e      0x426 Drivers/STM32L4xx_HAL_Driver/Src/stm32l4xx_hal_spi.o
                0x000000000800649e                HAL_SPI_TransmitReceive
 .text.HAL_SPI_Transmit_IT
                0x00000000080068c4      0x11c Drivers/STM32L4xx_HAL_Driver/Src/stm32l4xx_hal_spi.o
                0x00000000080068c4                HAL_SPI_Transmit_IT
 .text.HAL_SPI_Receive_IT
                0x00000000080069e0      0x160 Drivers/STM32L4xx_HAL_Driver/Src/stm32l4xx_hal_spi.o
                0x00000000080069e0                HAL_SPI_Receive_IT
 .text.HAL_SPI_TransmitReceive_IT
                0x0000000008006b40      0x160 Drivers/STM32L4xx_HAL_Driver/Src/stm32l4xx_hal_spi.o
                0x0000000008006b40                HAL_SPI_TransmitReceive_IT
 .text.HAL_SPI_IRQHandler
                0x0000000008006ca0      0x200 Drivers/STM32L4xx_HAL_Driver/Src/stm32l4xx_hal_spi.o
                0x0000000008006ca0                HAL_SPI_IRQHandler
 .text.HAL_SPI_TxRxCpltCallback
                0x0000000008006ea0       0x14 Drivers/STM32L4xx_HAL_Driver/Src/stm32l4xx_hal_spi.o
                0x0000000008006ea0                HAL_SPI_TxRxCpltCallback
 .text.HAL_SPI_ErrorCallback
                0x0000000008006eb4       0x14 Drivers/STM32L4xx_HAL_Driver/Src/stm32l4xx_hal_spi.o
                0x0000000008006eb4                HAL_SPI_ErrorCallback
 .text.SPI_DMAAbortOnError
                0x0000000008006ec8       0x2a Drivers/STM32L4xx_HAL_Driver/Src/stm32l4xx_hal_spi.o
 .text.SPI_2linesRxISR_8BIT
                0x0000000008006ef2       0xbe Drivers/STM32L4xx_HAL_Driver/Src/stm32l4xx_hal_spi.o
 .text.SPI_2linesTxISR_8BIT
                0x0000000008006fb0       0x92 Drivers/STM32L4xx_HAL_Driver/Src/stm32l4xx_hal_spi.o
 .text.SPI_2linesRxISR_16BIT
                0x0000000008007042       0x66 Drivers/STM32L4xx_HAL_Driver/Src/stm32l4xx_hal_spi.o
 .text.SPI_2linesTxISR_16BIT
                0x00000000080070a8       0x60 Drivers/STM32L4xx_HAL_Driver/Src/stm32l4xx_hal_spi.o
 .text.SPI_RxISR_8BIT
                0x0000000008007108       0x50 Drivers/STM32L4xx_HAL_Driver/Src/stm32l4xx_hal_spi.o
 .text.SPI_RxISR_16BIT
                0x0000000008007158       0x4c Drivers/STM32L4xx_HAL_Driver/Src/stm32l4xx_hal_spi.o
 .text.SPI_TxISR_8BIT
                0x00000000080071a4       0x46 Drivers/STM32L4xx_HAL_Driver/Src/stm32l4xx_hal_spi.o
 .text.SPI_TxISR_16BIT
                0x00000000080071ea       0x44 Drivers/STM32L4xx_HAL_Driver/Src/stm32l4xx_hal_spi.o
 *fill*         0x000000000800722e        0x2 
 .text.SPI_WaitFlagStateUntilTimeout
                0x0000000008007230      0x110 Drivers/STM32L4xx_HAL_Driver/Src/stm32l4xx_hal_spi.o
 .text.SPI_WaitFifoStateUntilTimeout
                0x0000000008007340      0x11c Drivers/STM32L4xx_HAL_Driver/Src/stm32l4xx_hal_spi.o
 .text.SPI_EndRxTransaction
                0x000000000800745c       0xb0 Drivers/STM32L4xx_HAL_Driver/Src/stm32l4xx_hal_spi.o
 .text.SPI_EndRxTxTransaction
                0x000000000800750c       0x8c Drivers/STM32L4xx_HAL_Driver/Src/stm32l4xx_hal_spi.o
 .text.SPI_CloseRxTx_ISR
                0x0000000008007598       0x84 Drivers/STM32L4xx_HAL_Driver/Src/stm32l4xx_hal_spi.o
 .text.SPI_CloseRx_ISR
                0x000000000800761c       0x60 Drivers/STM32L4xx_HAL_Driver/Src/stm32l4xx_hal_spi.o
 .text.SPI_CloseTx_ISR
                0x000000000800767c       0x7e Drivers/STM32L4xx_HAL_Driver/Src/stm32l4xx_hal_spi.o
 .text.HAL_UART_Init
                0x00000000080076fa       0x9c Drivers/STM32L4xx_HAL_Driver/Src/stm32l4xx_hal_uart.o
                0x00000000080076fa                HAL_UART_Init
 .text.HAL_UART_Transmit
                0x0000000008007796      0x126 Drivers/STM32L4xx_HAL_Driver/Src/stm32l4xx_hal_uart.o
                0x0000000008007796                HAL_UART_Transmit
 .text.UART_SetConfig
                0x00000000080078bc      0x514 Drivers/STM32L4xx_HAL_Driver/Src/stm32l4xx_hal_uart.o
                0x00000000080078bc                UART_SetConfig
 .text.UART_AdvFeatureConfig
                0x0000000008007dd0      0x144 Drivers/STM32L4xx_HAL_Driver/Src/stm32l4xx_hal_uart.o
                0x0000000008007dd0                UART_AdvFeatureConfig
 .text.UART_CheckIdleState
                0x0000000008007f14       0x8a Drivers/STM32L4xx_HAL_Driver/Src/stm32l4xx_hal_uart.o
                0x0000000008007f14                UART_CheckIdleState
 .text.UART_WaitOnFlagUntilTimeout
                0x0000000008007f9e       0xf6 Drivers/STM32L4xx_HAL_Driver/Src/stm32l4xx_hal_uart.o
                0x0000000008007f9e                UART_WaitOnFlagUntilTimeout
 .text.USB_CoreInit
                0x0000000008008094       0xa4 Drivers/STM32L4xx_HAL_Driver/Src/stm32l4xx_ll_usb.o
                0x0000000008008094                USB_CoreInit
 .text.USB_DisableGlobalInt
                0x0000000008008138       0x22 Drivers/STM32L4xx_HAL_Driver/Src/stm32l4xx_ll_usb.o
                0x0000000008008138                USB_DisableGlobalInt
 .text.USB_SetCurrentMode
                0x000000000800815a       0x54 Drivers/STM32L4xx_HAL_Driver/Src/stm32l4xx_ll_usb.o
                0x000000000800815a                USB_SetCurrentMode
 *fill*         0x00000000080081ae        0x2 
 .text.USB_DevInit
                0x00000000080081b0      0x298 Drivers/STM32L4xx_HAL_Driver/Src/stm32l4xx_ll_usb.o
                0x00000000080081b0                USB_DevInit
 .text.USB_FlushTxFifo
                0x0000000008008448       0x4c Drivers/STM32L4xx_HAL_Driver/Src/stm32l4xx_ll_usb.o
                0x0000000008008448                USB_FlushTxFifo
 .text.USB_FlushRxFifo
                0x0000000008008494       0x44 Drivers/STM32L4xx_HAL_Driver/Src/stm32l4xx_ll_usb.o
                0x0000000008008494                USB_FlushRxFifo
 .text.USB_SetDevSpeed
                0x00000000080084d8       0x32 Drivers/STM32L4xx_HAL_Driver/Src/stm32l4xx_ll_usb.o
                0x00000000080084d8                USB_SetDevSpeed
 .text.USB_DevDisconnect
                0x000000000800850a       0x42 Drivers/STM32L4xx_HAL_Driver/Src/stm32l4xx_ll_usb.o
                0x000000000800850a                USB_DevDisconnect
 .text.USB_CoreReset
                0x000000000800854c       0x68 Drivers/STM32L4xx_HAL_Driver/Src/stm32l4xx_ll_usb.o
 .text.SVC_Setup
                0x00000000080085b4        0xe Middlewares/Third_Party/FreeRTOS/Source/CMSIS_RTOS_V2/cmsis_os2.o
 *fill*         0x00000000080085c2        0x2 
 .text.osKernelInitialize
                0x00000000080085c4       0x68 Middlewares/Third_Party/FreeRTOS/Source/CMSIS_RTOS_V2/cmsis_os2.o
                0x00000000080085c4                osKernelInitialize
 .text.osKernelStart
                0x000000000800862c       0x6c Middlewares/Third_Party/FreeRTOS/Source/CMSIS_RTOS_V2/cmsis_os2.o
                0x000000000800862c                osKernelStart
 .text.osThreadNew
                0x0000000008008698      0x14c Middlewares/Third_Party/FreeRTOS/Source/CMSIS_RTOS_V2/cmsis_os2.o
                0x0000000008008698                osThreadNew
 .text.osDelay  0x00000000080087e4       0x5c Middlewares/Third_Party/FreeRTOS/Source/CMSIS_RTOS_V2/cmsis_os2.o
                0x00000000080087e4                osDelay
 .text.osSemaphoreNew
                0x0000000008008840      0x13c Middlewares/Third_Party/FreeRTOS/Source/CMSIS_RTOS_V2/cmsis_os2.o
                0x0000000008008840                osSemaphoreNew
 .text.osSemaphoreAcquire
                0x000000000800897c       0xcc Middlewares/Third_Party/FreeRTOS/Source/CMSIS_RTOS_V2/cmsis_os2.o
                0x000000000800897c                osSemaphoreAcquire
 .text.osSemaphoreRelease
                0x0000000008008a48       0xb0 Middlewares/Third_Party/FreeRTOS/Source/CMSIS_RTOS_V2/cmsis_os2.o
                0x0000000008008a48                osSemaphoreRelease
 .text.vApplicationGetIdleTaskMemory
                0x0000000008008af8       0x34 Middlewares/Third_Party/FreeRTOS/Source/CMSIS_RTOS_V2/cmsis_os2.o
                0x0000000008008af8                vApplicationGetIdleTaskMemory
 .text.vApplicationGetTimerTaskMemory
                0x0000000008008b2c       0x34 Middlewares/Third_Party/FreeRTOS/Source/CMSIS_RTOS_V2/cmsis_os2.o
                0x0000000008008b2c                vApplicationGetTimerTaskMemory
 .text.vListInitialise
                0x0000000008008b60       0x40 Middlewares/Third_Party/FreeRTOS/Source/list.o
                0x0000000008008b60                vListInitialise
 .text.vListInitialiseItem
                0x0000000008008ba0       0x1a Middlewares/Third_Party/FreeRTOS/Source/list.o
                0x0000000008008ba0                vListInitialiseItem
 .text.vListInsertEnd
                0x0000000008008bba       0x48 Middlewares/Third_Party/FreeRTOS/Source/list.o
                0x0000000008008bba                vListInsertEnd
 .text.vListInsert
                0x0000000008008c02       0x72 Middlewares/Third_Party/FreeRTOS/Source/list.o
                0x0000000008008c02                vListInsert
 .text.uxListRemove
                0x0000000008008c74       0x54 Middlewares/Third_Party/FreeRTOS/Source/list.o
                0x0000000008008c74                uxListRemove
 .text.xQueueGenericReset
                0x0000000008008cc8       0xd0 Middlewares/Third_Party/FreeRTOS/Source/queue.o
                0x0000000008008cc8                xQueueGenericReset
 .text.xQueueGenericCreateStatic
                0x0000000008008d98       0xe6 Middlewares/Third_Party/FreeRTOS/Source/queue.o
                0x0000000008008d98                xQueueGenericCreateStatic
 .text.xQueueGenericCreate
                0x0000000008008e7e       0x7e Middlewares/Third_Party/FreeRTOS/Source/queue.o
                0x0000000008008e7e                xQueueGenericCreate
 .text.prvInitialiseNewQueue
                0x0000000008008efc       0x46 Middlewares/Third_Party/FreeRTOS/Source/queue.o
 .text.xQueueCreateCountingSemaphoreStatic
                0x0000000008008f42       0x6a Middlewares/Third_Party/FreeRTOS/Source/queue.o
                0x0000000008008f42                xQueueCreateCountingSemaphoreStatic
 .text.xQueueCreateCountingSemaphore
                0x0000000008008fac       0x62 Middlewares/Third_Party/FreeRTOS/Source/queue.o
                0x0000000008008fac                xQueueCreateCountingSemaphore
 *fill*         0x000000000800900e        0x2 
 .text.xQueueGenericSend
                0x0000000008009010      0x1f4 Middlewares/Third_Party/FreeRTOS/Source/queue.o
                0x0000000008009010                xQueueGenericSend
 .text.xQueueGenericSendFromISR
                0x0000000008009204      0x128 Middlewares/Third_Party/FreeRTOS/Source/queue.o
                0x0000000008009204                xQueueGenericSendFromISR
 .text.xQueueGiveFromISR
                0x000000000800932c      0x112 Middlewares/Third_Party/FreeRTOS/Source/queue.o
                0x000000000800932c                xQueueGiveFromISR
 *fill*         0x000000000800943e        0x2 
 .text.xQueueReceive
                0x0000000008009440      0x1b8 Middlewares/Third_Party/FreeRTOS/Source/queue.o
                0x0000000008009440                xQueueReceive
 .text.xQueueSemaphoreTake
                0x00000000080095f8      0x210 Middlewares/Third_Party/FreeRTOS/Source/queue.o
                0x00000000080095f8                xQueueSemaphoreTake
 .text.xQueueReceiveFromISR
                0x0000000008009808       0xfa Middlewares/Third_Party/FreeRTOS/Source/queue.o
                0x0000000008009808                xQueueReceiveFromISR
 .text.vQueueDelete
                0x0000000008009902       0x44 Middlewares/Third_Party/FreeRTOS/Source/queue.o
                0x0000000008009902                vQueueDelete
 .text.prvGetDisinheritPriorityAfterTimeout
                0x0000000008009946       0x30 Middlewares/Third_Party/FreeRTOS/Source/queue.o
 .text.prvCopyDataToQueue
                0x0000000008009976       0xd4 Middlewares/Third_Party/FreeRTOS/Source/queue.o
 .text.prvCopyDataFromQueue
                0x0000000008009a4a       0x4c Middlewares/Third_Party/FreeRTOS/Source/queue.o
 .text.prvUnlockQueue
                0x0000000008009a96       0xa4 Middlewares/Third_Party/FreeRTOS/Source/queue.o
 .text.prvIsQueueEmpty
                0x0000000008009b3a       0x2c Middlewares/Third_Party/FreeRTOS/Source/queue.o
 .text.prvIsQueueFull
                0x0000000008009b66       0x30 Middlewares/Third_Party/FreeRTOS/Source/queue.o
 *fill*         0x0000000008009b96        0x2 
 .text.vQueueAddToRegistry
                0x0000000008009b98       0x50 Middlewares/Third_Party/FreeRTOS/Source/queue.o
                0x0000000008009b98                vQueueAddToRegistry
 .text.vQueueUnregisterQueue
                0x0000000008009be8       0x54 Middlewares/Third_Party/FreeRTOS/Source/queue.o
                0x0000000008009be8                vQueueUnregisterQueue
 .text.vQueueWaitForMessageRestricted
                0x0000000008009c3c       0x68 Middlewares/Third_Party/FreeRTOS/Source/queue.o
                0x0000000008009c3c                vQueueWaitForMessageRestricted
 .text.xTaskCreateStatic
                0x0000000008009ca4       0xb4 Middlewares/Third_Party/FreeRTOS/Source/tasks.o
                0x0000000008009ca4                xTaskCreateStatic
 .text.xTaskCreate
                0x0000000008009d58       0x8a Middlewares/Third_Party/FreeRTOS/Source/tasks.o
                0x0000000008009d58                xTaskCreate
 .text.prvInitialiseNewTask
                0x0000000008009de2      0x11c Middlewares/Third_Party/FreeRTOS/Source/tasks.o
 *fill*         0x0000000008009efe        0x2 
 .text.prvAddNewTaskToReadyList
                0x0000000008009f00       0xe0 Middlewares/Third_Party/FreeRTOS/Source/tasks.o
 .text.vTaskDelay
                0x0000000008009fe0       0x68 Middlewares/Third_Party/FreeRTOS/Source/tasks.o
                0x0000000008009fe0                vTaskDelay
 .text.vTaskStartScheduler
                0x000000000800a048       0xc8 Middlewares/Third_Party/FreeRTOS/Source/tasks.o
                0x000000000800a048                vTaskStartScheduler
 .text.vTaskSuspendAll
                0x000000000800a110       0x1c Middlewares/Third_Party/FreeRTOS/Source/tasks.o
                0x000000000800a110                vTaskSuspendAll
 .text.xTaskResumeAll
                0x000000000800a12c      0x138 Middlewares/Third_Party/FreeRTOS/Source/tasks.o
                0x000000000800a12c                xTaskResumeAll
 .text.xTaskGetTickCount
                0x000000000800a264       0x20 Middlewares/Third_Party/FreeRTOS/Source/tasks.o
                0x000000000800a264                xTaskGetTickCount
 .text.xTaskIncrementTick
                0x000000000800a284      0x170 Middlewares/Third_Party/FreeRTOS/Source/tasks.o
                0x000000000800a284                xTaskIncrementTick
 .text.vTaskSwitchContext
                0x000000000800a3f4       0xb8 Middlewares/Third_Party/FreeRTOS/Source/tasks.o
                0x000000000800a3f4                vTaskSwitchContext
 .text.vTaskPlaceOnEventList
                0x000000000800a4ac       0x48 Middlewares/Third_Party/FreeRTOS/Source/tasks.o
                0x000000000800a4ac                vTaskPlaceOnEventList
 .text.vTaskPlaceOnEventListRestricted
                0x000000000800a4f4       0x54 Middlewares/Third_Party/FreeRTOS/Source/tasks.o
                0x000000000800a4f4                vTaskPlaceOnEventListRestricted
 .text.xTaskRemoveFromEventList
                0x000000000800a548       0xc4 Middlewares/Third_Party/FreeRTOS/Source/tasks.o
                0x000000000800a548                xTaskRemoveFromEventList
 .text.vTaskInternalSetTimeOutState
                0x000000000800a60c       0x2c Middlewares/Third_Party/FreeRTOS/Source/tasks.o
                0x000000000800a60c                vTaskInternalSetTimeOutState
 .text.xTaskCheckForTimeOut
                0x000000000800a638       0xc0 Middlewares/Third_Party/FreeRTOS/Source/tasks.o
                0x000000000800a638                xTaskCheckForTimeOut
 .text.vTaskMissedYield
                0x000000000800a6f8       0x18 Middlewares/Third_Party/FreeRTOS/Source/tasks.o
                0x000000000800a6f8                vTaskMissedYield
 .text.prvIdleTask
                0x000000000800a710       0x30 Middlewares/Third_Party/FreeRTOS/Source/tasks.o
 .text.prvInitialiseTaskLists
                0x000000000800a740       0x80 Middlewares/Third_Party/FreeRTOS/Source/tasks.o
 .text.prvCheckTasksWaitingTermination
                0x000000000800a7c0       0x58 Middlewares/Third_Party/FreeRTOS/Source/tasks.o
 .text.prvDeleteTCB
                0x000000000800a818       0x5c Middlewares/Third_Party/FreeRTOS/Source/tasks.o
 .text.prvResetNextTaskUnblockTime
                0x000000000800a874       0x40 Middlewares/Third_Party/FreeRTOS/Source/tasks.o
 .text.xTaskGetSchedulerState
                0x000000000800a8b4       0x3c Middlewares/Third_Party/FreeRTOS/Source/tasks.o
                0x000000000800a8b4                xTaskGetSchedulerState
 .text.xTaskPriorityInherit
                0x000000000800a8f0       0xd0 Middlewares/Third_Party/FreeRTOS/Source/tasks.o
                0x000000000800a8f0                xTaskPriorityInherit
 .text.xTaskPriorityDisinherit
                0x000000000800a9c0       0xd8 Middlewares/Third_Party/FreeRTOS/Source/tasks.o
                0x000000000800a9c0                xTaskPriorityDisinherit
 .text.vTaskPriorityDisinheritAfterTimeout
                0x000000000800aa98      0x100 Middlewares/Third_Party/FreeRTOS/Source/tasks.o
                0x000000000800aa98                vTaskPriorityDisinheritAfterTimeout
 .text.pvTaskIncrementMutexHeldCount
                0x000000000800ab98       0x28 Middlewares/Third_Party/FreeRTOS/Source/tasks.o
                0x000000000800ab98                pvTaskIncrementMutexHeldCount
 .text.prvAddCurrentTaskToDelayedList
                0x000000000800abc0       0xa8 Middlewares/Third_Party/FreeRTOS/Source/tasks.o
 .text.xTimerCreateTimerTask
                0x000000000800ac68       0x90 Middlewares/Third_Party/FreeRTOS/Source/timers.o
                0x000000000800ac68                xTimerCreateTimerTask
 .text.xTimerGenericCommand
                0x000000000800acf8       0x98 Middlewares/Third_Party/FreeRTOS/Source/timers.o
                0x000000000800acf8                xTimerGenericCommand
 .text.prvProcessExpiredTimer
                0x000000000800ad90       0x98 Middlewares/Third_Party/FreeRTOS/Source/timers.o
 .text.prvTimerTask
                0x000000000800ae28       0x24 Middlewares/Third_Party/FreeRTOS/Source/timers.o
 .text.prvProcessTimerOrBlockTask
                0x000000000800ae4c       0x9c Middlewares/Third_Party/FreeRTOS/Source/timers.o
 .text.prvGetNextExpireTime
                0x000000000800aee8       0x48 Middlewares/Third_Party/FreeRTOS/Source/timers.o
 .text.prvSampleTimeNow
                0x000000000800af30       0x40 Middlewares/Third_Party/FreeRTOS/Source/timers.o
 .text.prvInsertTimerInActiveList
                0x000000000800af70       0x84 Middlewares/Third_Party/FreeRTOS/Source/timers.o
 .text.prvProcessReceivedCommands
                0x000000000800aff4      0x1b8 Middlewares/Third_Party/FreeRTOS/Source/timers.o
 .text.prvSwitchTimerLists
                0x000000000800b1ac       0xc8 Middlewares/Third_Party/FreeRTOS/Source/timers.o
 .text.prvCheckForValidListAndQueue
                0x000000000800b274       0x80 Middlewares/Third_Party/FreeRTOS/Source/timers.o
 .text.pxPortInitialiseStack
                0x000000000800b2f4       0x68 Middlewares/Third_Party/FreeRTOS/Source/portable/GCC/ARM_CM4F/port.o
                0x000000000800b2f4                pxPortInitialiseStack
 .text.prvTaskExitError
                0x000000000800b35c       0x54 Middlewares/Third_Party/FreeRTOS/Source/portable/GCC/ARM_CM4F/port.o
 .text.SVC_Handler
                0x000000000800b3b0       0x28 Middlewares/Third_Party/FreeRTOS/Source/portable/GCC/ARM_CM4F/port.o
                0x000000000800b3b0                SVC_Handler
 .text.prvPortStartFirstTask
                0x000000000800b3d8       0x28 Middlewares/Third_Party/FreeRTOS/Source/portable/GCC/ARM_CM4F/port.o
 .text.xPortStartScheduler
                0x000000000800b400      0x13c Middlewares/Third_Party/FreeRTOS/Source/portable/GCC/ARM_CM4F/port.o
                0x000000000800b400                xPortStartScheduler
 .text.vPortEnterCritical
                0x000000000800b53c       0x5c Middlewares/Third_Party/FreeRTOS/Source/portable/GCC/ARM_CM4F/port.o
                0x000000000800b53c                vPortEnterCritical
 .text.vPortExitCritical
                0x000000000800b598       0x50 Middlewares/Third_Party/FreeRTOS/Source/portable/GCC/ARM_CM4F/port.o
                0x000000000800b598                vPortExitCritical
 *fill*         0x000000000800b5e8        0x8 
 .text.PendSV_Handler
                0x000000000800b5f0       0x68 Middlewares/Third_Party/FreeRTOS/Source/portable/GCC/ARM_CM4F/port.o
                0x000000000800b5f0                PendSV_Handler
 .text.xPortSysTickHandler
                0x000000000800b658       0x40 Middlewares/Third_Party/FreeRTOS/Source/portable/GCC/ARM_CM4F/port.o
                0x000000000800b658                xPortSysTickHandler
 .text.vPortSetupTimerInterrupt
                0x000000000800b698       0x48 Middlewares/Third_Party/FreeRTOS/Source/portable/GCC/ARM_CM4F/port.o
                0x000000000800b698                vPortSetupTimerInterrupt
 .text.vPortEnableVFP
                0x000000000800b6e0       0x14 Middlewares/Third_Party/FreeRTOS/Source/portable/GCC/ARM_CM4F/port.o
 .text.vPortValidateInterruptPriority
                0x000000000800b6f4       0x7c Middlewares/Third_Party/FreeRTOS/Source/portable/GCC/ARM_CM4F/port.o
                0x000000000800b6f4                vPortValidateInterruptPriority
 .text.pvPortMalloc
                0x000000000800b770      0x184 Middlewares/Third_Party/FreeRTOS/Source/portable/MemMang/heap_4.o
                0x000000000800b770                pvPortMalloc
 .text.vPortFree
                0x000000000800b8f4       0xb0 Middlewares/Third_Party/FreeRTOS/Source/portable/MemMang/heap_4.o
                0x000000000800b8f4                vPortFree
 .text.prvHeapInit
                0x000000000800b9a4       0xc4 Middlewares/Third_Party/FreeRTOS/Source/portable/MemMang/heap_4.o
 .text.prvInsertBlockIntoFreeList
                0x000000000800ba68       0xb4 Middlewares/Third_Party/FreeRTOS/Source/portable/MemMang/heap_4.o
 .text.atoi     0x000000000800bb1c        0x8 c:/st/stm32cubeide_1.4.0/stm32cubeide/plugins/com.st.stm32cube.ide.mcu.externaltools.gnu-tools-for-stm32.7-2018-q2-update.win32_1.4.0.202007081208/tools/bin/../lib/gcc/arm-none-eabi/7.3.1/../../../../arm-none-eabi/lib/thumb/v7e-m/fpv4-sp/hard\libc_nano.a(lib_a-atoi.o)
                0x000000000800bb1c                atoi
 .text.__errno  0x000000000800bb24        0xc c:/st/stm32cubeide_1.4.0/stm32cubeide/plugins/com.st.stm32cube.ide.mcu.externaltools.gnu-tools-for-stm32.7-2018-q2-update.win32_1.4.0.202007081208/tools/bin/../lib/gcc/arm-none-eabi/7.3.1/../../../../arm-none-eabi/lib/thumb/v7e-m/fpv4-sp/hard\libc_nano.a(lib_a-errno.o)
                0x000000000800bb24                __errno
 .text.__libc_init_array
                0x000000000800bb30       0x48 c:/st/stm32cubeide_1.4.0/stm32cubeide/plugins/com.st.stm32cube.ide.mcu.externaltools.gnu-tools-for-stm32.7-2018-q2-update.win32_1.4.0.202007081208/tools/bin/../lib/gcc/arm-none-eabi/7.3.1/../../../../arm-none-eabi/lib/thumb/v7e-m/fpv4-sp/hard\libc_nano.a(lib_a-init.o)
                0x000000000800bb30                __libc_init_array
 .text.memcmp   0x000000000800bb78       0x1e c:/st/stm32cubeide_1.4.0/stm32cubeide/plugins/com.st.stm32cube.ide.mcu.externaltools.gnu-tools-for-stm32.7-2018-q2-update.win32_1.4.0.202007081208/tools/bin/../lib/gcc/arm-none-eabi/7.3.1/../../../../arm-none-eabi/lib/thumb/v7e-m/fpv4-sp/hard\libc_nano.a(lib_a-memcmp.o)
                0x000000000800bb78                memcmp
 .text.memcpy   0x000000000800bb96       0x16 c:/st/stm32cubeide_1.4.0/stm32cubeide/plugins/com.st.stm32cube.ide.mcu.externaltools.gnu-tools-for-stm32.7-2018-q2-update.win32_1.4.0.202007081208/tools/bin/../lib/gcc/arm-none-eabi/7.3.1/../../../../arm-none-eabi/lib/thumb/v7e-m/fpv4-sp/hard\libc_nano.a(lib_a-memcpy-stub.o)
                0x000000000800bb96                memcpy
 .text.memset   0x000000000800bbac       0x10 c:/st/stm32cubeide_1.4.0/stm32cubeide/plugins/com.st.stm32cube.ide.mcu.externaltools.gnu-tools-for-stm32.7-2018-q2-update.win32_1.4.0.202007081208/tools/bin/../lib/gcc/arm-none-eabi/7.3.1/../../../../arm-none-eabi/lib/thumb/v7e-m/fpv4-sp/hard\libc_nano.a(lib_a-memset.o)
                0x000000000800bbac                memset
 .text.printf   0x000000000800bbbc       0x30 c:/st/stm32cubeide_1.4.0/stm32cubeide/plugins/com.st.stm32cube.ide.mcu.externaltools.gnu-tools-for-stm32.7-2018-q2-update.win32_1.4.0.202007081208/tools/bin/../lib/gcc/arm-none-eabi/7.3.1/../../../../arm-none-eabi/lib/thumb/v7e-m/fpv4-sp/hard\libc_nano.a(lib_a-printf.o)
                0x000000000800bbbc                iprintf
                0x000000000800bbbc                printf
 .text._puts_r  0x000000000800bbec       0xb8 c:/st/stm32cubeide_1.4.0/stm32cubeide/plugins/com.st.stm32cube.ide.mcu.externaltools.gnu-tools-for-stm32.7-2018-q2-update.win32_1.4.0.202007081208/tools/bin/../lib/gcc/arm-none-eabi/7.3.1/../../../../arm-none-eabi/lib/thumb/v7e-m/fpv4-sp/hard\libc_nano.a(lib_a-puts.o)
                0x000000000800bbec                _puts_r
 .text.puts     0x000000000800bca4       0x10 c:/st/stm32cubeide_1.4.0/stm32cubeide/plugins/com.st.stm32cube.ide.mcu.externaltools.gnu-tools-for-stm32.7-2018-q2-update.win32_1.4.0.202007081208/tools/bin/../lib/gcc/arm-none-eabi/7.3.1/../../../../arm-none-eabi/lib/thumb/v7e-m/fpv4-sp/hard\libc_nano.a(lib_a-puts.o)
                0x000000000800bca4                puts
 .text.snprintf
                0x000000000800bcb4       0x68 c:/st/stm32cubeide_1.4.0/stm32cubeide/plugins/com.st.stm32cube.ide.mcu.externaltools.gnu-tools-for-stm32.7-2018-q2-update.win32_1.4.0.202007081208/tools/bin/../lib/gcc/arm-none-eabi/7.3.1/../../../../arm-none-eabi/lib/thumb/v7e-m/fpv4-sp/hard\libc_nano.a(lib_a-snprintf.o)
                0x000000000800bcb4                sniprintf
                0x000000000800bcb4                snprintf
 .text.sprintf  0x000000000800bd1c       0x40 c:/st/stm32cubeide_1.4.0/stm32cubeide/plugins/com.st.stm32cube.ide.mcu.externaltools.gnu-tools-for-stm32.7-2018-q2-update.win32_1.4.0.202007081208/tools/bin/../lib/gcc/arm-none-eabi/7.3.1/../../../../arm-none-eabi/lib/thumb/v7e-m/fpv4-sp/hard\libc_nano.a(lib_a-sprintf.o)
                0x000000000800bd1c                siprintf
                0x000000000800bd1c                sprintf
 .text.strncpy  0x000000000800bd5c       0x2a c:/st/stm32cubeide_1.4.0/stm32cubeide/plugins/com.st.stm32cube.ide.mcu.externaltools.gnu-tools-for-stm32.7-2018-q2-update.win32_1.4.0.202007081208/tools/bin/../lib/gcc/arm-none-eabi/7.3.1/../../../../arm-none-eabi/lib/thumb/v7e-m/fpv4-sp/hard\libc_nano.a(lib_a-strncpy.o)
                0x000000000800bd5c                strncpy
 .text.strstr   0x000000000800bd86       0x34 c:/st/stm32cubeide_1.4.0/stm32cubeide/plugins/com.st.stm32cube.ide.mcu.externaltools.gnu-tools-for-stm32.7-2018-q2-update.win32_1.4.0.202007081208/tools/bin/../lib/gcc/arm-none-eabi/7.3.1/../../../../arm-none-eabi/lib/thumb/v7e-m/fpv4-sp/hard\libc_nano.a(lib_a-strstr.o)
                0x000000000800bd86                strstr
 *fill*         0x000000000800bdba        0x2 
 .text.strtok   0x000000000800bdbc       0x54 c:/st/stm32cubeide_1.4.0/stm32cubeide/plugins/com.st.stm32cube.ide.mcu.externaltools.gnu-tools-for-stm32.7-2018-q2-update.win32_1.4.0.202007081208/tools/bin/../lib/gcc/arm-none-eabi/7.3.1/../../../../arm-none-eabi/lib/thumb/v7e-m/fpv4-sp/hard\libc_nano.a(lib_a-strtok.o)
                0x000000000800bdbc                strtok
 .text.__strtok_r
                0x000000000800be10       0x54 c:/st/stm32cubeide_1.4.0/stm32cubeide/plugins/com.st.stm32cube.ide.mcu.externaltools.gnu-tools-for-stm32.7-2018-q2-update.win32_1.4.0.202007081208/tools/bin/../lib/gcc/arm-none-eabi/7.3.1/../../../../arm-none-eabi/lib/thumb/v7e-m/fpv4-sp/hard\libc_nano.a(lib_a-strtok_r.o)
                0x000000000800be10                __strtok_r
 .text._strtol_l.isra.0
                0x000000000800be64       0xf6 c:/st/stm32cubeide_1.4.0/stm32cubeide/plugins/com.st.stm32cube.ide.mcu.externaltools.gnu-tools-for-stm32.7-2018-q2-update.win32_1.4.0.202007081208/tools/bin/../lib/gcc/arm-none-eabi/7.3.1/../../../../arm-none-eabi/lib/thumb/v7e-m/fpv4-sp/hard\libc_nano.a(lib_a-strtol.o)
 *fill*         0x000000000800bf5a        0x2 
 .text.strtol   0x000000000800bf5c       0x2c c:/st/stm32cubeide_1.4.0/stm32cubeide/plugins/com.st.stm32cube.ide.mcu.externaltools.gnu-tools-for-stm32.7-2018-q2-update.win32_1.4.0.202007081208/tools/bin/../lib/gcc/arm-none-eabi/7.3.1/../../../../arm-none-eabi/lib/thumb/v7e-m/fpv4-sp/hard\libc_nano.a(lib_a-strtol.o)
                0x000000000800bf5c                strtol
 .text.__swbuf_r
                0x000000000800bf88       0xa4 c:/st/stm32cubeide_1.4.0/stm32cubeide/plugins/com.st.stm32cube.ide.mcu.externaltools.gnu-tools-for-stm32.7-2018-q2-update.win32_1.4.0.202007081208/tools/bin/../lib/gcc/arm-none-eabi/7.3.1/../../../../arm-none-eabi/lib/thumb/v7e-m/fpv4-sp/hard\libc_nano.a(lib_a-wbuf.o)
                0x000000000800bf88                __swbuf_r
 .text.__swsetup_r
                0x000000000800c02c       0xdc c:/st/stm32cubeide_1.4.0/stm32cubeide/plugins/com.st.stm32cube.ide.mcu.externaltools.gnu-tools-for-stm32.7-2018-q2-update.win32_1.4.0.202007081208/tools/bin/../lib/gcc/arm-none-eabi/7.3.1/../../../../arm-none-eabi/lib/thumb/v7e-m/fpv4-sp/hard\libc_nano.a(lib_a-wsetup.o)
                0x000000000800c02c                __swsetup_r
 .text.__sflush_r
                0x000000000800c108      0x10c c:/st/stm32cubeide_1.4.0/stm32cubeide/plugins/com.st.stm32cube.ide.mcu.externaltools.gnu-tools-for-stm32.7-2018-q2-update.win32_1.4.0.202007081208/tools/bin/../lib/gcc/arm-none-eabi/7.3.1/../../../../arm-none-eabi/lib/thumb/v7e-m/fpv4-sp/hard\libc_nano.a(lib_a-fflush.o)
                0x000000000800c108                __sflush_r
 .text._fflush_r
                0x000000000800c214       0x54 c:/st/stm32cubeide_1.4.0/stm32cubeide/plugins/com.st.stm32cube.ide.mcu.externaltools.gnu-tools-for-stm32.7-2018-q2-update.win32_1.4.0.202007081208/tools/bin/../lib/gcc/arm-none-eabi/7.3.1/../../../../arm-none-eabi/lib/thumb/v7e-m/fpv4-sp/hard\libc_nano.a(lib_a-fflush.o)
                0x000000000800c214                _fflush_r
 .text.std      0x000000000800c268       0x48 c:/st/stm32cubeide_1.4.0/stm32cubeide/plugins/com.st.stm32cube.ide.mcu.externaltools.gnu-tools-for-stm32.7-2018-q2-update.win32_1.4.0.202007081208/tools/bin/../lib/gcc/arm-none-eabi/7.3.1/../../../../arm-none-eabi/lib/thumb/v7e-m/fpv4-sp/hard\libc_nano.a(lib_a-findfp.o)
 .text._cleanup_r
                0x000000000800c2b0        0xc c:/st/stm32cubeide_1.4.0/stm32cubeide/plugins/com.st.stm32cube.ide.mcu.externaltools.gnu-tools-for-stm32.7-2018-q2-update.win32_1.4.0.202007081208/tools/bin/../lib/gcc/arm-none-eabi/7.3.1/../../../../arm-none-eabi/lib/thumb/v7e-m/fpv4-sp/hard\libc_nano.a(lib_a-findfp.o)
                0x000000000800c2b0                _cleanup_r
 .text.__sfmoreglue
                0x000000000800c2bc       0x2c c:/st/stm32cubeide_1.4.0/stm32cubeide/plugins/com.st.stm32cube.ide.mcu.externaltools.gnu-tools-for-stm32.7-2018-q2-update.win32_1.4.0.202007081208/tools/bin/../lib/gcc/arm-none-eabi/7.3.1/../../../../arm-none-eabi/lib/thumb/v7e-m/fpv4-sp/hard\libc_nano.a(lib_a-findfp.o)
                0x000000000800c2bc                __sfmoreglue
 .text.__sinit  0x000000000800c2e8       0x60 c:/st/stm32cubeide_1.4.0/stm32cubeide/plugins/com.st.stm32cube.ide.mcu.externaltools.gnu-tools-for-stm32.7-2018-q2-update.win32_1.4.0.202007081208/tools/bin/../lib/gcc/arm-none-eabi/7.3.1/../../../../arm-none-eabi/lib/thumb/v7e-m/fpv4-sp/hard\libc_nano.a(lib_a-findfp.o)
                0x000000000800c2e8                __sinit
 .text.__sfp    0x000000000800c348       0x78 c:/st/stm32cubeide_1.4.0/stm32cubeide/plugins/com.st.stm32cube.ide.mcu.externaltools.gnu-tools-for-stm32.7-2018-q2-update.win32_1.4.0.202007081208/tools/bin/../lib/gcc/arm-none-eabi/7.3.1/../../../../arm-none-eabi/lib/thumb/v7e-m/fpv4-sp/hard\libc_nano.a(lib_a-findfp.o)
                0x000000000800c348                __sfp
 .text._fwalk_reent
                0x000000000800c3c0       0x3c c:/st/stm32cubeide_1.4.0/stm32cubeide/plugins/com.st.stm32cube.ide.mcu.externaltools.gnu-tools-for-stm32.7-2018-q2-update.win32_1.4.0.202007081208/tools/bin/../lib/gcc/arm-none-eabi/7.3.1/../../../../arm-none-eabi/lib/thumb/v7e-m/fpv4-sp/hard\libc_nano.a(lib_a-fwalk.o)
                0x000000000800c3c0                _fwalk_reent
 .text.__locale_ctype_ptr_l
                0x000000000800c3fc        0x6 c:/st/stm32cubeide_1.4.0/stm32cubeide/plugins/com.st.stm32cube.ide.mcu.externaltools.gnu-tools-for-stm32.7-2018-q2-update.win32_1.4.0.202007081208/tools/bin/../lib/gcc/arm-none-eabi/7.3.1/../../../../arm-none-eabi/lib/thumb/v7e-m/fpv4-sp/hard\libc_nano.a(lib_a-locale.o)
                0x000000000800c3fc                __locale_ctype_ptr_l
 .text.__swhatbuf_r
                0x000000000800c402       0x48 c:/st/stm32cubeide_1.4.0/stm32cubeide/plugins/com.st.stm32cube.ide.mcu.externaltools.gnu-tools-for-stm32.7-2018-q2-update.win32_1.4.0.202007081208/tools/bin/../lib/gcc/arm-none-eabi/7.3.1/../../../../arm-none-eabi/lib/thumb/v7e-m/fpv4-sp/hard\libc_nano.a(lib_a-makebuf.o)
                0x000000000800c402                __swhatbuf_r
 *fill*         0x000000000800c44a        0x2 
 .text.__smakebuf_r
                0x000000000800c44c       0x80 c:/st/stm32cubeide_1.4.0/stm32cubeide/plugins/com.st.stm32cube.ide.mcu.externaltools.gnu-tools-for-stm32.7-2018-q2-update.win32_1.4.0.202007081208/tools/bin/../lib/gcc/arm-none-eabi/7.3.1/../../../../arm-none-eabi/lib/thumb/v7e-m/fpv4-sp/hard\libc_nano.a(lib_a-makebuf.o)
                0x000000000800c44c                __smakebuf_r
 .text.malloc   0x000000000800c4cc       0x10 c:/st/stm32cubeide_1.4.0/stm32cubeide/plugins/com.st.stm32cube.ide.mcu.externaltools.gnu-tools-for-stm32.7-2018-q2-update.win32_1.4.0.202007081208/tools/bin/../lib/gcc/arm-none-eabi/7.3.1/../../../../arm-none-eabi/lib/thumb/v7e-m/fpv4-sp/hard\libc_nano.a(lib_a-malloc.o)
                0x000000000800c4cc                malloc
 .text.__ascii_mbtowc
                0x000000000800c4dc       0x24 c:/st/stm32cubeide_1.4.0/stm32cubeide/plugins/com.st.stm32cube.ide.mcu.externaltools.gnu-tools-for-stm32.7-2018-q2-update.win32_1.4.0.202007081208/tools/bin/../lib/gcc/arm-none-eabi/7.3.1/../../../../arm-none-eabi/lib/thumb/v7e-m/fpv4-sp/hard\libc_nano.a(lib_a-mbtowc_r.o)
                0x000000000800c4dc                __ascii_mbtowc
 .text._free_r  0x000000000800c500       0x9c c:/st/stm32cubeide_1.4.0/stm32cubeide/plugins/com.st.stm32cube.ide.mcu.externaltools.gnu-tools-for-stm32.7-2018-q2-update.win32_1.4.0.202007081208/tools/bin/../lib/gcc/arm-none-eabi/7.3.1/../../../../arm-none-eabi/lib/thumb/v7e-m/fpv4-sp/hard\libc_nano.a(lib_a-nano-freer.o)
                0x000000000800c500                _free_r
 .text._malloc_r
                0x000000000800c59c       0xb4 c:/st/stm32cubeide_1.4.0/stm32cubeide/plugins/com.st.stm32cube.ide.mcu.externaltools.gnu-tools-for-stm32.7-2018-q2-update.win32_1.4.0.202007081208/tools/bin/../lib/gcc/arm-none-eabi/7.3.1/../../../../arm-none-eabi/lib/thumb/v7e-m/fpv4-sp/hard\libc_nano.a(lib_a-nano-mallocr.o)
                0x000000000800c59c                _malloc_r
 .text.__ssputs_r
                0x000000000800c650       0xb4 c:/st/stm32cubeide_1.4.0/stm32cubeide/plugins/com.st.stm32cube.ide.mcu.externaltools.gnu-tools-for-stm32.7-2018-q2-update.win32_1.4.0.202007081208/tools/bin/../lib/gcc/arm-none-eabi/7.3.1/../../../../arm-none-eabi/lib/thumb/v7e-m/fpv4-sp/hard\libc_nano.a(lib_a-nano-svfprintf.o)
                0x000000000800c650                __ssputs_r
 .text._svfprintf_r
                0x000000000800c704      0x1f0 c:/st/stm32cubeide_1.4.0/stm32cubeide/plugins/com.st.stm32cube.ide.mcu.externaltools.gnu-tools-for-stm32.7-2018-q2-update.win32_1.4.0.202007081208/tools/bin/../lib/gcc/arm-none-eabi/7.3.1/../../../../arm-none-eabi/lib/thumb/v7e-m/fpv4-sp/hard\libc_nano.a(lib_a-nano-svfprintf.o)
                0x000000000800c704                _svfiprintf_r
                0x000000000800c704                _svfprintf_r
 .text.__sfputc_r
                0x000000000800c8f4       0x2e c:/st/stm32cubeide_1.4.0/stm32cubeide/plugins/com.st.stm32cube.ide.mcu.externaltools.gnu-tools-for-stm32.7-2018-q2-update.win32_1.4.0.202007081208/tools/bin/../lib/gcc/arm-none-eabi/7.3.1/../../../../arm-none-eabi/lib/thumb/v7e-m/fpv4-sp/hard\libc_nano.a(lib_a-nano-vfprintf.o)
 .text.__sfputs_r
                0x000000000800c922       0x24 c:/st/stm32cubeide_1.4.0/stm32cubeide/plugins/com.st.stm32cube.ide.mcu.externaltools.gnu-tools-for-stm32.7-2018-q2-update.win32_1.4.0.202007081208/tools/bin/../lib/gcc/arm-none-eabi/7.3.1/../../../../arm-none-eabi/lib/thumb/v7e-m/fpv4-sp/hard\libc_nano.a(lib_a-nano-vfprintf.o)
                0x000000000800c922                __sfputs_r
 *fill*         0x000000000800c946        0x2 
 .text._vfprintf_r
                0x000000000800c948      0x22c c:/st/stm32cubeide_1.4.0/stm32cubeide/plugins/com.st.stm32cube.ide.mcu.externaltools.gnu-tools-for-stm32.7-2018-q2-update.win32_1.4.0.202007081208/tools/bin/../lib/gcc/arm-none-eabi/7.3.1/../../../../arm-none-eabi/lib/thumb/v7e-m/fpv4-sp/hard\libc_nano.a(lib_a-nano-vfprintf.o)
                0x000000000800c948                _vfprintf_r
                0x000000000800c948                _vfiprintf_r
 .text._printf_common
                0x000000000800cb74       0xea c:/st/stm32cubeide_1.4.0/stm32cubeide/plugins/com.st.stm32cube.ide.mcu.externaltools.gnu-tools-for-stm32.7-2018-q2-update.win32_1.4.0.202007081208/tools/bin/../lib/gcc/arm-none-eabi/7.3.1/../../../../arm-none-eabi/lib/thumb/v7e-m/fpv4-sp/hard\libc_nano.a(lib_a-nano-vfprintf_i.o)
                0x000000000800cb74                _printf_common
 *fill*         0x000000000800cc5e        0x2 
 .text._printf_i
                0x000000000800cc60      0x224 c:/st/stm32cubeide_1.4.0/stm32cubeide/plugins/com.st.stm32cube.ide.mcu.externaltools.gnu-tools-for-stm32.7-2018-q2-update.win32_1.4.0.202007081208/tools/bin/../lib/gcc/arm-none-eabi/7.3.1/../../../../arm-none-eabi/lib/thumb/v7e-m/fpv4-sp/hard\libc_nano.a(lib_a-nano-vfprintf_i.o)
                0x000000000800cc60                _printf_i
 .text._sbrk_r  0x000000000800ce84       0x20 c:/st/stm32cubeide_1.4.0/stm32cubeide/plugins/com.st.stm32cube.ide.mcu.externaltools.gnu-tools-for-stm32.7-2018-q2-update.win32_1.4.0.202007081208/tools/bin/../lib/gcc/arm-none-eabi/7.3.1/../../../../arm-none-eabi/lib/thumb/v7e-m/fpv4-sp/hard\libc_nano.a(lib_a-sbrkr.o)
                0x000000000800ce84                _sbrk_r
 .text.__sread  0x000000000800cea4       0x22 c:/st/stm32cubeide_1.4.0/stm32cubeide/plugins/com.st.stm32cube.ide.mcu.externaltools.gnu-tools-for-stm32.7-2018-q2-update.win32_1.4.0.202007081208/tools/bin/../lib/gcc/arm-none-eabi/7.3.1/../../../../arm-none-eabi/lib/thumb/v7e-m/fpv4-sp/hard\libc_nano.a(lib_a-stdio.o)
                0x000000000800cea4                __sread
 .text.__swrite
                0x000000000800cec6       0x38 c:/st/stm32cubeide_1.4.0/stm32cubeide/plugins/com.st.stm32cube.ide.mcu.externaltools.gnu-tools-for-stm32.7-2018-q2-update.win32_1.4.0.202007081208/tools/bin/../lib/gcc/arm-none-eabi/7.3.1/../../../../arm-none-eabi/lib/thumb/v7e-m/fpv4-sp/hard\libc_nano.a(lib_a-stdio.o)
                0x000000000800cec6                __swrite
 .text.__sseek  0x000000000800cefe       0x24 c:/st/stm32cubeide_1.4.0/stm32cubeide/plugins/com.st.stm32cube.ide.mcu.externaltools.gnu-tools-for-stm32.7-2018-q2-update.win32_1.4.0.202007081208/tools/bin/../lib/gcc/arm-none-eabi/7.3.1/../../../../arm-none-eabi/lib/thumb/v7e-m/fpv4-sp/hard\libc_nano.a(lib_a-stdio.o)
                0x000000000800cefe                __sseek
 .text.__sclose
                0x000000000800cf22        0x8 c:/st/stm32cubeide_1.4.0/stm32cubeide/plugins/com.st.stm32cube.ide.mcu.externaltools.gnu-tools-for-stm32.7-2018-q2-update.win32_1.4.0.202007081208/tools/bin/../lib/gcc/arm-none-eabi/7.3.1/../../../../arm-none-eabi/lib/thumb/v7e-m/fpv4-sp/hard\libc_nano.a(lib_a-stdio.o)
                0x000000000800cf22                __sclose
 .text.__ascii_wctomb
                0x000000000800cf2a       0x1a c:/st/stm32cubeide_1.4.0/stm32cubeide/plugins/com.st.stm32cube.ide.mcu.externaltools.gnu-tools-for-stm32.7-2018-q2-update.win32_1.4.0.202007081208/tools/bin/../lib/gcc/arm-none-eabi/7.3.1/../../../../arm-none-eabi/lib/thumb/v7e-m/fpv4-sp/hard\libc_nano.a(lib_a-wctomb_r.o)
                0x000000000800cf2a                __ascii_wctomb
 .text._write_r
                0x000000000800cf44       0x24 c:/st/stm32cubeide_1.4.0/stm32cubeide/plugins/com.st.stm32cube.ide.mcu.externaltools.gnu-tools-for-stm32.7-2018-q2-update.win32_1.4.0.202007081208/tools/bin/../lib/gcc/arm-none-eabi/7.3.1/../../../../arm-none-eabi/lib/thumb/v7e-m/fpv4-sp/hard\libc_nano.a(lib_a-writer.o)
                0x000000000800cf44                _write_r
 .text._close_r
                0x000000000800cf68       0x20 c:/st/stm32cubeide_1.4.0/stm32cubeide/plugins/com.st.stm32cube.ide.mcu.externaltools.gnu-tools-for-stm32.7-2018-q2-update.win32_1.4.0.202007081208/tools/bin/../lib/gcc/arm-none-eabi/7.3.1/../../../../arm-none-eabi/lib/thumb/v7e-m/fpv4-sp/hard\libc_nano.a(lib_a-closer.o)
                0x000000000800cf68                _close_r
 .text._fstat_r
                0x000000000800cf88       0x24 c:/st/stm32cubeide_1.4.0/stm32cubeide/plugins/com.st.stm32cube.ide.mcu.externaltools.gnu-tools-for-stm32.7-2018-q2-update.win32_1.4.0.202007081208/tools/bin/../lib/gcc/arm-none-eabi/7.3.1/../../../../arm-none-eabi/lib/thumb/v7e-m/fpv4-sp/hard\libc_nano.a(lib_a-fstatr.o)
                0x000000000800cf88                _fstat_r
 .text._isatty_r
                0x000000000800cfac       0x20 c:/st/stm32cubeide_1.4.0/stm32cubeide/plugins/com.st.stm32cube.ide.mcu.externaltools.gnu-tools-for-stm32.7-2018-q2-update.win32_1.4.0.202007081208/tools/bin/../lib/gcc/arm-none-eabi/7.3.1/../../../../arm-none-eabi/lib/thumb/v7e-m/fpv4-sp/hard\libc_nano.a(lib_a-isattyr.o)
                0x000000000800cfac                _isatty_r
 .text._lseek_r
                0x000000000800cfcc       0x24 c:/st/stm32cubeide_1.4.0/stm32cubeide/plugins/com.st.stm32cube.ide.mcu.externaltools.gnu-tools-for-stm32.7-2018-q2-update.win32_1.4.0.202007081208/tools/bin/../lib/gcc/arm-none-eabi/7.3.1/../../../../arm-none-eabi/lib/thumb/v7e-m/fpv4-sp/hard\libc_nano.a(lib_a-lseekr.o)
                0x000000000800cfcc                _lseek_r
 .text.memmove  0x000000000800cff0       0x32 c:/st/stm32cubeide_1.4.0/stm32cubeide/plugins/com.st.stm32cube.ide.mcu.externaltools.gnu-tools-for-stm32.7-2018-q2-update.win32_1.4.0.202007081208/tools/bin/../lib/gcc/arm-none-eabi/7.3.1/../../../../arm-none-eabi/lib/thumb/v7e-m/fpv4-sp/hard\libc_nano.a(lib_a-memmove.o)
                0x000000000800cff0                memmove
 .text.__malloc_lock
                0x000000000800d022        0x2 c:/st/stm32cubeide_1.4.0/stm32cubeide/plugins/com.st.stm32cube.ide.mcu.externaltools.gnu-tools-for-stm32.7-2018-q2-update.win32_1.4.0.202007081208/tools/bin/../lib/gcc/arm-none-eabi/7.3.1/../../../../arm-none-eabi/lib/thumb/v7e-m/fpv4-sp/hard\libc_nano.a(lib_a-mlock.o)
                0x000000000800d022                __malloc_lock
 .text.__malloc_unlock
                0x000000000800d024        0x2 c:/st/stm32cubeide_1.4.0/stm32cubeide/plugins/com.st.stm32cube.ide.mcu.externaltools.gnu-tools-for-stm32.7-2018-q2-update.win32_1.4.0.202007081208/tools/bin/../lib/gcc/arm-none-eabi/7.3.1/../../../../arm-none-eabi/lib/thumb/v7e-m/fpv4-sp/hard\libc_nano.a(lib_a-mlock.o)
                0x000000000800d024                __malloc_unlock
 .text._realloc_r
                0x000000000800d026       0x4c c:/st/stm32cubeide_1.4.0/stm32cubeide/plugins/com.st.stm32cube.ide.mcu.externaltools.gnu-tools-for-stm32.7-2018-q2-update.win32_1.4.0.202007081208/tools/bin/../lib/gcc/arm-none-eabi/7.3.1/../../../../arm-none-eabi/lib/thumb/v7e-m/fpv4-sp/hard\libc_nano.a(lib_a-nano-reallocr.o)
                0x000000000800d026                _realloc_r
 *fill*         0x000000000800d072        0x2 
 .text._read_r  0x000000000800d074       0x24 c:/st/stm32cubeide_1.4.0/stm32cubeide/plugins/com.st.stm32cube.ide.mcu.externaltools.gnu-tools-for-stm32.7-2018-q2-update.win32_1.4.0.202007081208/tools/bin/../lib/gcc/arm-none-eabi/7.3.1/../../../../arm-none-eabi/lib/thumb/v7e-m/fpv4-sp/hard\libc_nano.a(lib_a-readr.o)
                0x000000000800d074                _read_r
 .text._malloc_usable_size_r
                0x000000000800d098       0x10 c:/st/stm32cubeide_1.4.0/stm32cubeide/plugins/com.st.stm32cube.ide.mcu.externaltools.gnu-tools-for-stm32.7-2018-q2-update.win32_1.4.0.202007081208/tools/bin/../lib/gcc/arm-none-eabi/7.3.1/../../../../arm-none-eabi/lib/thumb/v7e-m/fpv4-sp/hard\libc_nano.a(lib_a-nano-msizer.o)
                0x000000000800d098                _malloc_usable_size_r
 .text.trunc    0x000000000800d0a8       0x74 c:/st/stm32cubeide_1.4.0/stm32cubeide/plugins/com.st.stm32cube.ide.mcu.externaltools.gnu-tools-for-stm32.7-2018-q2-update.win32_1.4.0.202007081208/tools/bin/../lib/gcc/arm-none-eabi/7.3.1/../../../../arm-none-eabi/lib/thumb/v7e-m/fpv4-sp/hard\libm.a(lib_a-s_trunc.o)
                0x000000000800d0a8                trunc
 *(.glue_7)
 .glue_7        0x000000000800d11c        0x0 linker stubs
 *(.glue_7t)
 .glue_7t       0x000000000800d11c        0x0 linker stubs
 *(.eh_frame)
 .eh_frame      0x000000000800d11c        0x0 c:/st/stm32cubeide_1.4.0/stm32cubeide/plugins/com.st.stm32cube.ide.mcu.externaltools.gnu-tools-for-stm32.7-2018-q2-update.win32_1.4.0.202007081208/tools/bin/../lib/gcc/arm-none-eabi/7.3.1/thumb/v7e-m/fpv4-sp/hard/crtbegin.o
 *(.init)
 .init          0x000000000800d11c        0x4 c:/st/stm32cubeide_1.4.0/stm32cubeide/plugins/com.st.stm32cube.ide.mcu.externaltools.gnu-tools-for-stm32.7-2018-q2-update.win32_1.4.0.202007081208/tools/bin/../lib/gcc/arm-none-eabi/7.3.1/thumb/v7e-m/fpv4-sp/hard/crti.o
                0x000000000800d11c                _init
 .init          0x000000000800d120        0x8 c:/st/stm32cubeide_1.4.0/stm32cubeide/plugins/com.st.stm32cube.ide.mcu.externaltools.gnu-tools-for-stm32.7-2018-q2-update.win32_1.4.0.202007081208/tools/bin/../lib/gcc/arm-none-eabi/7.3.1/thumb/v7e-m/fpv4-sp/hard/crtn.o
 *(.fini)
 .fini          0x000000000800d128        0x4 c:/st/stm32cubeide_1.4.0/stm32cubeide/plugins/com.st.stm32cube.ide.mcu.externaltools.gnu-tools-for-stm32.7-2018-q2-update.win32_1.4.0.202007081208/tools/bin/../lib/gcc/arm-none-eabi/7.3.1/thumb/v7e-m/fpv4-sp/hard/crti.o
                0x000000000800d128                _fini
 .fini          0x000000000800d12c        0x8 c:/st/stm32cubeide_1.4.0/stm32cubeide/plugins/com.st.stm32cube.ide.mcu.externaltools.gnu-tools-for-stm32.7-2018-q2-update.win32_1.4.0.202007081208/tools/bin/../lib/gcc/arm-none-eabi/7.3.1/thumb/v7e-m/fpv4-sp/hard/crtn.o
                0x000000000800d134                . = ALIGN (0x4)
                0x000000000800d134                _etext = .

.vfp11_veneer   0x000000000800d134        0x0
 .vfp11_veneer  0x000000000800d134        0x0 linker stubs

.v4_bx          0x000000000800d134        0x0
 .v4_bx         0x000000000800d134        0x0 linker stubs

.iplt           0x000000000800d134        0x0
 .iplt          0x000000000800d134        0x0 c:/st/stm32cubeide_1.4.0/stm32cubeide/plugins/com.st.stm32cube.ide.mcu.externaltools.gnu-tools-for-stm32.7-2018-q2-update.win32_1.4.0.202007081208/tools/bin/../lib/gcc/arm-none-eabi/7.3.1/thumb/v7e-m/fpv4-sp/hard/crtbegin.o

.rodata         0x000000000800d134      0xcd4
                0x000000000800d134                . = ALIGN (0x4)
 *(.rodata)
 .rodata        0x000000000800d134      0x4be Core/Src/es_wifi.o
 *fill*         0x000000000800d5f2        0x2 
 .rodata        0x000000000800d5f4      0x5c8 Core/Src/main.o
 .rodata        0x000000000800dbbc        0x5 Middlewares/Third_Party/FreeRTOS/Source/tasks.o
 *fill*         0x000000000800dbc1        0x3 
 .rodata        0x000000000800dbc4        0xd Middlewares/Third_Party/FreeRTOS/Source/timers.o
 *(.rodata*)
 *fill*         0x000000000800dbd1        0x3 
 .rodata.defaultTask_attributes
                0x000000000800dbd4       0x24 Core/Src/main.o
                0x000000000800dbd4                defaultTask_attributes
 .rodata.myTask02_attributes
                0x000000000800dbf8       0x24 Core/Src/main.o
                0x000000000800dbf8                myTask02_attributes
 .rodata.AHBPrescTable
                0x000000000800dc1c       0x10 Core/Src/system_stm32l4xx.o
                0x000000000800dc1c                AHBPrescTable
 .rodata.APBPrescTable
                0x000000000800dc2c        0x8 Core/Src/system_stm32l4xx.o
                0x000000000800dc2c                APBPrescTable
 .rodata.MSIRangeTable
                0x000000000800dc34       0x30 Core/Src/system_stm32l4xx.o
                0x000000000800dc34                MSIRangeTable
 .rodata._global_impure_ptr
                0x000000000800dc64        0x4 c:/st/stm32cubeide_1.4.0/stm32cubeide/plugins/com.st.stm32cube.ide.mcu.externaltools.gnu-tools-for-stm32.7-2018-q2-update.win32_1.4.0.202007081208/tools/bin/../lib/gcc/arm-none-eabi/7.3.1/../../../../arm-none-eabi/lib/thumb/v7e-m/fpv4-sp/hard\libc_nano.a(lib_a-impure.o)
                0x000000000800dc64                _global_impure_ptr
 .rodata.__sf_fake_stderr
                0x000000000800dc68       0x20 c:/st/stm32cubeide_1.4.0/stm32cubeide/plugins/com.st.stm32cube.ide.mcu.externaltools.gnu-tools-for-stm32.7-2018-q2-update.win32_1.4.0.202007081208/tools/bin/../lib/gcc/arm-none-eabi/7.3.1/../../../../arm-none-eabi/lib/thumb/v7e-m/fpv4-sp/hard\libc_nano.a(lib_a-findfp.o)
                0x000000000800dc68                __sf_fake_stderr
 .rodata.__sf_fake_stdin
                0x000000000800dc88       0x20 c:/st/stm32cubeide_1.4.0/stm32cubeide/plugins/com.st.stm32cube.ide.mcu.externaltools.gnu-tools-for-stm32.7-2018-q2-update.win32_1.4.0.202007081208/tools/bin/../lib/gcc/arm-none-eabi/7.3.1/../../../../arm-none-eabi/lib/thumb/v7e-m/fpv4-sp/hard\libc_nano.a(lib_a-findfp.o)
                0x000000000800dc88                __sf_fake_stdin
 .rodata.__sf_fake_stdout
                0x000000000800dca8       0x20 c:/st/stm32cubeide_1.4.0/stm32cubeide/plugins/com.st.stm32cube.ide.mcu.externaltools.gnu-tools-for-stm32.7-2018-q2-update.win32_1.4.0.202007081208/tools/bin/../lib/gcc/arm-none-eabi/7.3.1/../../../../arm-none-eabi/lib/thumb/v7e-m/fpv4-sp/hard\libc_nano.a(lib_a-findfp.o)
                0x000000000800dca8                __sf_fake_stdout
 .rodata._setlocale_r.str1.1
                0x000000000800dcc8        0x8 c:/st/stm32cubeide_1.4.0/stm32cubeide/plugins/com.st.stm32cube.ide.mcu.externaltools.gnu-tools-for-stm32.7-2018-q2-update.win32_1.4.0.202007081208/tools/bin/../lib/gcc/arm-none-eabi/7.3.1/../../../../arm-none-eabi/lib/thumb/v7e-m/fpv4-sp/hard\libc_nano.a(lib_a-locale.o)
                                          0x9 (size before relaxing)
 .rodata.str1.1
                0x000000000800dcd0        0x2 c:/st/stm32cubeide_1.4.0/stm32cubeide/plugins/com.st.stm32cube.ide.mcu.externaltools.gnu-tools-for-stm32.7-2018-q2-update.win32_1.4.0.202007081208/tools/bin/../lib/gcc/arm-none-eabi/7.3.1/../../../../arm-none-eabi/lib/thumb/v7e-m/fpv4-sp/hard\libc_nano.a(lib_a-locale.o)
 .rodata._svfprintf_r.str1.1
                0x000000000800dcd2       0x11 c:/st/stm32cubeide_1.4.0/stm32cubeide/plugins/com.st.stm32cube.ide.mcu.externaltools.gnu-tools-for-stm32.7-2018-q2-update.win32_1.4.0.202007081208/tools/bin/../lib/gcc/arm-none-eabi/7.3.1/../../../../arm-none-eabi/lib/thumb/v7e-m/fpv4-sp/hard\libc_nano.a(lib_a-nano-svfprintf.o)
 .rodata._vfprintf_r.str1.1
                0x000000000800dce3       0x11 c:/st/stm32cubeide_1.4.0/stm32cubeide/plugins/com.st.stm32cube.ide.mcu.externaltools.gnu-tools-for-stm32.7-2018-q2-update.win32_1.4.0.202007081208/tools/bin/../lib/gcc/arm-none-eabi/7.3.1/../../../../arm-none-eabi/lib/thumb/v7e-m/fpv4-sp/hard\libc_nano.a(lib_a-nano-vfprintf.o)
 .rodata._printf_i.str1.1
                0x000000000800dce3       0x22 c:/st/stm32cubeide_1.4.0/stm32cubeide/plugins/com.st.stm32cube.ide.mcu.externaltools.gnu-tools-for-stm32.7-2018-q2-update.win32_1.4.0.202007081208/tools/bin/../lib/gcc/arm-none-eabi/7.3.1/../../../../arm-none-eabi/lib/thumb/v7e-m/fpv4-sp/hard\libc_nano.a(lib_a-nano-vfprintf_i.o)
 .rodata._ctype_
                0x000000000800dd05      0x101 c:/st/stm32cubeide_1.4.0/stm32cubeide/plugins/com.st.stm32cube.ide.mcu.externaltools.gnu-tools-for-stm32.7-2018-q2-update.win32_1.4.0.202007081208/tools/bin/../lib/gcc/arm-none-eabi/7.3.1/../../../../arm-none-eabi/lib/thumb/v7e-m/fpv4-sp/hard\libc_nano.a(lib_a-ctype_.o)
                0x000000000800dd05                _ctype_
                0x000000000800de08                . = ALIGN (0x4)
 *fill*         0x000000000800de06        0x2 

.ARM.extab      0x000000000800de08        0x0
                0x000000000800de08                . = ALIGN (0x4)
 *(.ARM.extab* .gnu.linkonce.armextab.*)
                0x000000000800de08                . = ALIGN (0x4)

.ARM            0x000000000800de08        0x8
                0x000000000800de08                . = ALIGN (0x4)
                0x000000000800de08                __exidx_start = .
 *(.ARM.exidx*)
 .ARM.exidx     0x000000000800de08        0x8 c:/st/stm32cubeide_1.4.0/stm32cubeide/plugins/com.st.stm32cube.ide.mcu.externaltools.gnu-tools-for-stm32.7-2018-q2-update.win32_1.4.0.202007081208/tools/bin/../lib/gcc/arm-none-eabi/7.3.1/thumb/v7e-m/fpv4-sp/hard\libgcc.a(_udivmoddi4.o)
                0x000000000800de10                __exidx_end = .
                0x000000000800de10                . = ALIGN (0x4)

.rel.dyn        0x000000000800de10        0x0
 .rel.iplt      0x000000000800de10        0x0 c:/st/stm32cubeide_1.4.0/stm32cubeide/plugins/com.st.stm32cube.ide.mcu.externaltools.gnu-tools-for-stm32.7-2018-q2-update.win32_1.4.0.202007081208/tools/bin/../lib/gcc/arm-none-eabi/7.3.1/thumb/v7e-m/fpv4-sp/hard/crtbegin.o

.preinit_array  0x000000000800de10        0x0
                0x000000000800de10                . = ALIGN (0x4)
                0x000000000800de10                PROVIDE (__preinit_array_start = .)
 *(.preinit_array*)
                0x000000000800de10                PROVIDE (__preinit_array_end = .)
                0x000000000800de10                . = ALIGN (0x4)

.init_array     0x000000000800de10        0x4
                0x000000000800de10                . = ALIGN (0x4)
                0x000000000800de10                PROVIDE (__init_array_start = .)
 *(SORT_BY_NAME(.init_array.*))
 *(.init_array*)
 .init_array    0x000000000800de10        0x4 c:/st/stm32cubeide_1.4.0/stm32cubeide/plugins/com.st.stm32cube.ide.mcu.externaltools.gnu-tools-for-stm32.7-2018-q2-update.win32_1.4.0.202007081208/tools/bin/../lib/gcc/arm-none-eabi/7.3.1/thumb/v7e-m/fpv4-sp/hard/crtbegin.o
                0x000000000800de14                PROVIDE (__init_array_end = .)
                0x000000000800de14                . = ALIGN (0x4)
