Archive member included to satisfy reference by file (symbol)

c:/st/stm32cubeide_1.4.0/stm32cubeide/plugins/com.st.stm32cube.ide.mcu.externaltools.gnu-tools-for-stm32.7-2018-q2-update.win32_1.4.0.202007081208/tools/bin/../lib/gcc/arm-none-eabi/7.3.1/../../../../arm-none-eabi/lib/thumb/v7e-m/fpv4-sp/hard\libc_nano.a(lib_a-atoi.o)
                              Core/Src/main.o (atoi)
c:/st/stm32cubeide_1.4.0/stm32cubeide/plugins/com.st.stm32cube.ide.mcu.externaltools.gnu-tools-for-stm32.7-2018-q2-update.win32_1.4.0.202007081208/tools/bin/../lib/gcc/arm-none-eabi/7.3.1/../../../../arm-none-eabi/lib/thumb/v7e-m/fpv4-sp/hard\libc_nano.a(lib_a-errno.o)
                              Core/Src/syscalls.o (__errno)
c:/st/stm32cubeide_1.4.0/stm32cubeide/plugins/com.st.stm32cube.ide.mcu.externaltools.gnu-tools-for-stm32.7-2018-q2-update.win32_1.4.0.202007081208/tools/bin/../lib/gcc/arm-none-eabi/7.3.1/../../../../arm-none-eabi/lib/thumb/v7e-m/fpv4-sp/hard\libc_nano.a(lib_a-exit.o)
                              c:/st/stm32cubeide_1.4.0/stm32cubeide/plugins/com.st.stm32cube.ide.mcu.externaltools.gnu-tools-for-stm32.7-2018-q2-update.win32_1.4.0.202007081208/tools/bin/../lib/gcc/arm-none-eabi/7.3.1/../../../../arm-none-eabi/lib/thumb/v7e-m/fpv4-sp/hard/crt0.o (exit)
c:/st/stm32cubeide_1.4.0/stm32cubeide/plugins/com.st.stm32cube.ide.mcu.externaltools.gnu-tools-for-stm32.7-2018-q2-update.win32_1.4.0.202007081208/tools/bin/../lib/gcc/arm-none-eabi/7.3.1/../../../../arm-none-eabi/lib/thumb/v7e-m/fpv4-sp/hard\libc_nano.a(lib_a-impure.o)
                              c:/st/stm32cubeide_1.4.0/stm32cubeide/plugins/com.st.stm32cube.ide.mcu.externaltools.gnu-tools-for-stm32.7-2018-q2-update.win32_1.4.0.202007081208/tools/bin/../lib/gcc/arm-none-eabi/7.3.1/../../../../arm-none-eabi/lib/thumb/v7e-m/fpv4-sp/hard\libc_nano.a(lib_a-exit.o) (_global_impure_ptr)
c:/st/stm32cubeide_1.4.0/stm32cubeide/plugins/com.st.stm32cube.ide.mcu.externaltools.gnu-tools-for-stm32.7-2018-q2-update.win32_1.4.0.202007081208/tools/bin/../lib/gcc/arm-none-eabi/7.3.1/../../../../arm-none-eabi/lib/thumb/v7e-m/fpv4-sp/hard\libc_nano.a(lib_a-init.o)
                              c:/st/stm32cubeide_1.4.0/stm32cubeide/plugins/com.st.stm32cube.ide.mcu.externaltools.gnu-tools-for-stm32.7-2018-q2-update.win32_1.4.0.202007081208/tools/bin/../lib/gcc/arm-none-eabi/7.3.1/../../../../arm-none-eabi/lib/thumb/v7e-m/fpv4-sp/hard/crt0.o (__libc_init_array)
c:/st/stm32cubeide_1.4.0/stm32cubeide/plugins/com.st.stm32cube.ide.mcu.externaltools.gnu-tools-for-stm32.7-2018-q2-update.win32_1.4.0.202007081208/tools/bin/../lib/gcc/arm-none-eabi/7.3.1/../../../../arm-none-eabi/lib/thumb/v7e-m/fpv4-sp/hard\libc_nano.a(lib_a-memcmp.o)
                              Core/Src/es_wifi.o (memcmp)
c:/st/stm32cubeide_1.4.0/stm32cubeide/plugins/com.st.stm32cube.ide.mcu.externaltools.gnu-tools-for-stm32.7-2018-q2-update.win32_1.4.0.202007081208/tools/bin/../lib/gcc/arm-none-eabi/7.3.1/../../../../arm-none-eabi/lib/thumb/v7e-m/fpv4-sp/hard\libc_nano.a(lib_a-memcpy-stub.o)
                              Core/Src/es_wifi.o (memcpy)
c:/st/stm32cubeide_1.4.0/stm32cubeide/plugins/com.st.stm32cube.ide.mcu.externaltools.gnu-tools-for-stm32.7-2018-q2-update.win32_1.4.0.202007081208/tools/bin/../lib/gcc/arm-none-eabi/7.3.1/../../../../arm-none-eabi/lib/thumb/v7e-m/fpv4-sp/hard\libc_nano.a(lib_a-memset.o)
                              c:/st/stm32cubeide_1.4.0/stm32cubeide/plugins/com.st.stm32cube.ide.mcu.externaltools.gnu-tools-for-stm32.7-2018-q2-update.win32_1.4.0.202007081208/tools/bin/../lib/gcc/arm-none-eabi/7.3.1/../../../../arm-none-eabi/lib/thumb/v7e-m/fpv4-sp/hard/crt0.o (memset)
c:/st/stm32cubeide_1.4.0/stm32cubeide/plugins/com.st.stm32cube.ide.mcu.externaltools.gnu-tools-for-stm32.7-2018-q2-update.win32_1.4.0.202007081208/tools/bin/../lib/gcc/arm-none-eabi/7.3.1/../../../../arm-none-eabi/lib/thumb/v7e-m/fpv4-sp/hard\libc_nano.a(lib_a-printf.o)
                              Core/Src/es_wifi.o (printf)
c:/st/stm32cubeide_1.4.0/stm32cubeide/plugins/com.st.stm32cube.ide.mcu.externaltools.gnu-tools-for-stm32.7-2018-q2-update.win32_1.4.0.202007081208/tools/bin/../lib/gcc/arm-none-eabi/7.3.1/../../../../arm-none-eabi/lib/thumb/v7e-m/fpv4-sp/hard\libc_nano.a(lib_a-puts.o)
                              Core/Src/es_wifi.o (puts)
c:/st/stm32cubeide_1.4.0/stm32cubeide/plugins/com.st.stm32cube.ide.mcu.externaltools.gnu-tools-for-stm32.7-2018-q2-update.win32_1.4.0.202007081208/tools/bin/../lib/gcc/arm-none-eabi/7.3.1/../../../../arm-none-eabi/lib/thumb/v7e-m/fpv4-sp/hard\libc_nano.a(lib_a-snprintf.o)
                              Core/Src/main.o (snprintf)
c:/st/stm32cubeide_1.4.0/stm32cubeide/plugins/com.st.stm32cube.ide.mcu.externaltools.gnu-tools-for-stm32.7-2018-q2-update.win32_1.4.0.202007081208/tools/bin/../lib/gcc/arm-none-eabi/7.3.1/../../../../arm-none-eabi/lib/thumb/v7e-m/fpv4-sp/hard\libc_nano.a(lib_a-sprintf.o)
                              Core/Src/es_wifi.o (sprintf)
[...]
Memory Configuration

Name             Origin             Length             Attributes
RAM              0x0000000020000000 0x0000000000018000 xrw
RAM2             0x0000000010000000 0x0000000000008000 xrw
FLASH            0x0000000008000000 0x0000000000100000 xr
*default*        0x0000000000000000 0xffffffffffffffff

Linker script and memory map

LOAD c:/st/stm32cubeide_1.4.0/stm32cubeide/plugins/com.st.stm32cube.ide.mcu.externaltools.gnu-tools-for-stm32.7-2018-q2-update.win32_1.4.0.202007081208/tools/bin/../lib/gcc/arm-none-eabi/7.3.1/thumb/v7e-m/fpv4-sp/hard/crti.o
LOAD c:/st/stm32cubeide_1.4.0/stm32cubeide/plugins/com.st.stm32cube.ide.mcu.externaltools.gnu-tools-for-stm32.7-2018-q2-update.win32_1.4.0.202007081208/tools/bin/../lib/gcc/arm-none-eabi/7.3.1/thumb/v7e-m/fpv4-sp/hard/crtbegin.o
LOAD c:/st/stm32cubeide_1.4.0/stm32cubeide/plugins/com.st.stm32cube.ide.mcu.externaltools.gnu-tools-for-stm32.7-2018-q2-update.win32_1.4.0.202007081208/tools/bin/../lib/gcc/arm-none-eabi/7.3.1/../../../../arm-none-eabi/lib/thumb/v7e-m/fpv4-sp/hard/crt0.o
LOAD Core/Src/es_wifi.o
LOAD Core/Src/es_wifi_io.o
LOAD Core/Src/freertos.o
LOAD Core/Src/main.o
LOAD Core/Src/stm32l4xx_hal_msp.o
LOAD Core/Src/stm32l4xx_it.o
LOAD Core/Src/syscalls.o
LOAD Core/Src/sysmem.o
LOAD Core/Src/system_stm32l4xx.o
LOAD Core/Src/vl53l0x_api.o
LOAD Core/Src/vl53l0x_api_calibration.o
LOAD Core/Src/vl53l0x_api_core.o
LOAD Core/Src/vl53l0x_api_ranging.o
LOAD Core/Src/vl53l0x_api_strings.o
LOAD Core/Src/vl53l0x_platform_log.o
LOAD Core/Src/vl53l0x_tof.o
LOAD Core/Src/wifi.o
LOAD Core/Startup/startup_stm32l475vgtx.o
LOAD Drivers/B-L475E-IOT01/stm32l475e_iot01.o
LOAD Drivers/B-L475E-IOT01/stm32l475e_iot01_hsensor.o
LOAD Drivers/B-L475E-IOT01/stm32l475e_iot01_psensor.o
LOAD Drivers/B-L475E-IOT01/stm32l475e_iot01_tsensor.o
LOAD Drivers/Components/hts221/hts221.o
LOAD Drivers/Components/lps22hb/lps22hb.o
LOAD Drivers/STM32L4xx_HAL_Driver/Src/stm32l4xx_hal.o
LOAD Drivers/STM32L4xx_HAL_Driver/Src/stm32l4xx_hal_cortex.o
LOAD Drivers/STM32L4xx_HAL_Driver/Src/stm32l4xx_hal_dfsdm.o
LOAD Drivers/STM32L4xx_HAL_Driver/Src/stm32l4xx_hal_dma.o
LOAD Drivers/STM32L4xx_HAL_Driver/Src/stm32l4xx_hal_dma_ex.o
LOAD Drivers/STM32L4xx_HAL_Driver/Src/stm32l4xx_hal_exti.o
LOAD Drivers/STM32L4xx_HAL_Driver/Src/stm32l4xx_hal_flash.o
LOAD Drivers/STM32L4xx_HAL_Driver/Src/stm32l4xx_hal_flash_ex.o
LOAD Drivers/STM32L4xx_HAL_Driver/Src/stm32l4xx_hal_flash_ramfunc.o
LOAD Drivers/STM32L4xx_HAL_Driver/Src/stm32l4xx_hal_gpio.o
LOAD Drivers/STM32L4xx_HAL_Driver/Src/stm32l4xx_hal_i2c.o
LOAD Drivers/STM32L4xx_HAL_Driver/Src/stm32l4xx_hal_i2c_ex.o
LOAD Drivers/STM32L4xx_HAL_Driver/Src/stm32l4xx_hal_pcd.o
LOAD Drivers/STM32L4xx_HAL_Driver/Src/stm32l4xx_hal_pcd_ex.o
LOAD Drivers/STM32L4xx_HAL_Driver/Src/stm32l4xx_hal_pwr.o
LOAD Drivers/STM32L4xx_HAL_Driver/Src/stm32l4xx_hal_pwr_ex.o
LOAD Drivers/STM32L4xx_HAL_Driver/Src/stm32l4xx_hal_qspi.o
LOAD Drivers/STM32L4xx_HAL_Driver/Src/stm32l4xx_hal_rcc.o
LOAD Drivers/STM32L4xx_HAL_Driver/Src/stm32l4xx_hal_rcc_ex.o
LOAD Drivers/STM32L4xx_HAL_Driver/Src/stm32l4xx_hal_spi.o
LOAD Drivers/STM32L4xx_HAL_Driver/Src/stm32l4xx_hal_spi_ex.o
LOAD Drivers/STM32L4xx_HAL_Driver/Src/stm32l4xx_hal_tim.o
LOAD Drivers/STM32L4xx_HAL_Driver/Src/stm32l4xx_hal_tim_ex.o
LOAD Drivers/STM32L4xx_HAL_Driver/Src/stm32l4xx_hal_uart.o
LOAD Drivers/STM32L4xx_HAL_Driver/Src/stm32l4xx_hal_uart_ex.o
LOAD Drivers/STM32L4xx_HAL_Driver/Src/stm32l4xx_ll_usb.o
LOAD Middlewares/Third_Party/FreeRTOS/Source/CMSIS_RTOS_V2/cmsis_os2.o
LOAD Middlewares/Third_Party/FreeRTOS/Source/croutine.o
LOAD Middlewares/Third_Party/FreeRTOS/Source/event_groups.o
LOAD Middlewares/Third_Party/FreeRTOS/Source/list.o
LOAD Middlewares/Third_Party/FreeRTOS/Source/queue.o
LOAD Middlewares/Third_Party/FreeRTOS/Source/stream_buffer.o
LOAD Middlewares/Third_Party/FreeRTOS/Source/tasks.o
LOAD Middlewares/Third_Party/FreeRTOS/Source/timers.o
LOAD Middlewares/Third_Party/FreeRTOS/Source/portable/GCC/ARM_CM4F/port.o
LOAD Middlewares/Third_Party/FreeRTOS/Source/portable/MemMang/heap_4.o
START GROUP
LOAD c:/st/stm32cubeide_1.4.0/stm32cubeide/plugins/com.st.stm32cube.ide.mcu.externaltools.gnu-tools-for-stm32.7-2018-q2-update.win32_1.4.0.202007081208/tools/bin/../lib/gcc/arm-none-eabi/7.3.1/../../../../arm-none-eabi/lib/thumb/v7e-m/fpv4-sp/hard\libc_nano.a
LOAD c:/st/stm32cubeide_1.4.0/stm32cubeide/plugins/com.st.stm32cube.ide.mcu.externaltools.gnu-tools-for-stm32.7-2018-q2-update.win32_1.4.0.202007081208/tools/bin/../lib/gcc/arm-none-eabi/7.3.1/../../../../arm-none-eabi/lib/thumb/v7e-m/fpv4-sp/hard\libm.a
END GROUP
START GROUP
LOAD c:/st/stm32cubeide_1.4.0/stm32cubeide/plugins/com.st.stm32cube.ide.mcu.externaltools.gnu-tools-for-stm32.7-2018-q2-update.win32_1.4.0.202007081208/tools/bin/../lib/gcc/arm-none-eabi/7.3.1/thumb/v7e-m/fpv4-sp/hard\libgcc.a
LOAD c:/st/stm32cubeide_1.4.0/stm32cubeide/plugins/com.st.stm32cube.ide.mcu.externaltools.gnu-tools-for-stm32.7-2018-q2-update.win32_1.4.0.202007081208/tools/bin/../lib/gcc/arm-none-eabi/7.3.1/../../../../arm-none-eabi/lib/thumb/v7e-m/fpv4-sp/hard\libc_nano.a
END GROUP
START GROUP
LOAD c:/st/stm32cubeide_1.4.0/stm32cubeide/plugins/com.st.stm32cube.ide.mcu.externaltools.gnu-tools-for-stm32.7-2018-q2-update.win32_1.4.0.202007081208/tools/bin/../lib/gcc/arm-none-eabi/7.3.1/thumb/v7e-m/fpv4-sp/hard\libgcc.a
LOAD c:/st/stm32cubeide_1.4.0/stm32cubeide/plugins/com.st.stm32cube.ide.mcu.externaltools.gnu-tools-for-stm32.7-2018-q2-update.win32_1.4.0.202007081208/tools/bin/../lib/gcc/arm-none-eabi/7.3.1/../../../../arm-none-eabi/lib/thumb/v7e-m/fpv4-sp/hard\libc_nano.a
LOAD c:/st/stm32cubeide_1.4.0/stm32cubeide/plugins/com.st.stm32cube.ide.mcu.externaltools.gnu-tools-for-stm32.7-2018-q2-update.win32_1.4.0.202007081208/tools/bin/../lib/gcc/arm-none-eabi/7.3.1/../../../../arm-none-eabi/lib/thumb/v7e-m/fpv4-sp/hard\libnosys.a
END GROUP
START GROUP
LOAD c:/st/stm32cubeide_1.4.0/stm32cubeide/plugins/com.st.stm32cube.ide.mcu.externaltools.gnu-tools-for-stm32.7-2018-q2-update.win32_1.4.0.202007081208/tools/bin/../lib/gcc/arm-none-eabi/7.3.1/thumb/v7e-m/fpv4-sp/hard\libgcc.a
LOAD c:/st/stm32cubeide_1.4.0/stm32cubeide/plugins/com.st.stm32cube.ide.mcu.externaltools.gnu-tools-for-stm32.7-2018-q2-update.win32_1.4.0.202007081208/tools/bin/../lib/gcc/arm-none-eabi/7.3.1/../../../../arm-none-eabi/lib/thumb/v7e-m/fpv4-sp/hard\libc_nano.a
LOAD c:/st/stm32cubeide_1.4.0/stm32cubeide/plugins/com.st.stm32cube.ide.mcu.externaltools.gnu-tools-for-stm32.7-2018-q2-update.win32_1.4.0.202007081208/tools/bin/../lib/gcc/arm-none-eabi/7.3.1/../../../../arm-none-eabi/lib/thumb/v7e-m/fpv4-sp/hard\libnosys.a
END GROUP
LOAD c:/st/stm32cubeide_1.4.0/stm32cubeide/plugins/com.st.stm32cube.ide.mcu.externaltools.gnu-tools-for-stm32.7-2018-q2-update.win32_1.4.0.202007081208/tools/bin/../lib/gcc/arm-none-eabi/7.3.1/thumb/v7e-m/fpv4-sp/hard/crtend.o
LOAD c:/st/stm32cubeide_1.4.0/stm32cubeide/plugins/com.st.stm32cube.ide.mcu.externaltools.gnu-tools-for-stm32.7-2018-q2-update.win32_1.4.0.202007081208/tools/bin/../lib/gcc/arm-none-eabi/7.3.1/thumb/v7e-m/fpv4-sp/hard/crtn.o
                0x0000000020018000                _estack = (ORIGIN (RAM) + LENGTH (RAM))
                0x0000000000000200                _Min_Heap_Size = 0x200
                0x0000000000000400                _Min_Stack_Size = 0x400

.isr_vector     0x0000000008000000      0x188
                0x0000000008000000                . = ALIGN (0x4)
 *(.isr_vector)
 .isr_vector    0x0000000008000000      0x188 Core/Startup/startup_stm32l475vgtx.o
                0x0000000008000000                g_pfnVectors
                0x0000000008000188                . = ALIGN (0x4)

.text           0x0000000008000190    0x13be4
                0x0000000008000190                . = ALIGN (0x4)
 *(.text)
 .text          0x0000000008000190       0x40 c:/st/stm32cubeide_1.4.0/stm32cubeide/plugins/com.st.stm32cube.ide.mcu.externaltools.gnu-tools-for-stm32.7-2018-q2-update.win32_1.4.0.202007081208/tools/bin/../lib/gcc/arm-none-eabi/7.3.1/thumb/v7e-m/fpv4-sp/hard/crtbegin.o
 .text          0x00000000080001d0       0x10 c:/st/stm32cubeide_1.4.0/stm32cubeide/plugins/com.st.stm32cube.ide.mcu.externaltools.gnu-tools-for-stm32.7-2018-q2-update.win32_1.4.0.202007081208/tools/bin/../lib/gcc/arm-none-eabi/7.3.1/../../../../arm-none-eabi/lib/thumb/v7e-m/fpv4-sp/hard\libc_nano.a(lib_a-strlen.o)
                0x00000000080001d0                strlen
 .text          0x00000000080001e0       0xa0 c:/st/stm32cubeide_1.4.0/stm32cubeide/plugins/com.st.stm32cube.ide.mcu.externaltools.gnu-tools-for-stm32.7-2018-q2-update.win32_1.4.0.202007081208/tools/bin/../lib/gcc/arm-none-eabi/7.3.1/../../../../arm-none-eabi/lib/thumb/v7e-m/fpv4-sp/hard\libc_nano.a(lib_a-memchr.o)
                0x00000000080001e0                memchr
 .text          0x0000000008000280      0x378 c:/st/stm32cubeide_1.4.0/stm32cubeide/plugins/com.st.stm32cube.ide.mcu.externaltools.gnu-tools-for-stm32.7-2018-q2-update.win32_1.4.0.202007081208/tools/bin/../lib/gcc/arm-none-eabi/7.3.1/thumb/v7e-m/fpv4-sp/hard\libgcc.a(_arm_addsubdf3.o)
                0x0000000008000280                __aeabi_drsub
                0x0000000008000288                __aeabi_dsub
                0x0000000008000288                __subdf3
                0x000000000800028c                __aeabi_dadd
                0x000000000800028c                __adddf3
                0x0000000008000504                __floatunsidf
                0x0000000008000504                __aeabi_ui2d
                0x0000000008000524                __floatsidf
                0x0000000008000524                __aeabi_i2d
                0x0000000008000548                __aeabi_f2d
                0x0000000008000548                __extendsfdf2
                0x000000000800058c                __floatundidf
                0x000000000800058c                __aeabi_ul2d
                0x000000000800059c                __floatdidf
                0x000000000800059c                __aeabi_l2d
 .text          0x00000000080005f8       0x50 c:/st/stm32cubeide_1.4.0/stm32cubeide/plugins/com.st.stm32cube.ide.mcu.externaltools.gnu-tools-for-stm32.7-2018-q2-update.win32_1.4.0.202007081208/tools/bin/../lib/gcc/arm-none-eabi/7.3.1/thumb/v7e-m/fpv4-sp/hard\libgcc.a(_arm_fixdfsi.o)
                0x00000000080005f8                __aeabi_d2iz
                0x00000000080005f8                __fixdfsi
 .text          0x0000000008000648       0x30 c:/st/stm32cubeide_1.4.0/stm32cubeide/plugins/com.st.stm32cube.ide.mcu.externaltools.gnu-tools-for-stm32.7-2018-q2-update.win32_1.4.0.202007081208/tools/bin/../lib/gcc/arm-none-eabi/7.3.1/thumb/v7e-m/fpv4-sp/hard\libgcc.a(_aeabi_uldivmod.o)
                0x0000000008000648                __aeabi_uldivmod
 .text          0x0000000008000678      0x2cc c:/st/stm32cubeide_1.4.0/stm32cubeide/plugins/com.st.stm32cube.ide.mcu.externaltools.gnu-tools-for-stm32.7-2018-q2-update.win32_1.4.0.202007081208/tools/bin/../lib/gcc/arm-none-eabi/7.3.1/thumb/v7e-m/fpv4-sp/hard\libgcc.a(_udivmoddi4.o)
                0x0000000008000678                __udivmoddi4
 .text          0x0000000008000944        0x4 c:/st/stm32cubeide_1.4.0/stm32cubeide/plugins/com.st.stm32cube.ide.mcu.externaltools.gnu-tools-for-stm32.7-2018-q2-update.win32_1.4.0.202007081208/tools/bin/../lib/gcc/arm-none-eabi/7.3.1/thumb/v7e-m/fpv4-sp/hard\libgcc.a(_dvmd_tls.o)
                0x0000000008000944                __aeabi_idiv0
                0x0000000008000944                __aeabi_ldiv0
 *(.text*)
 .text.Hex2Num  0x0000000008000948       0x54 Core/Src/es_wifi.o
 .text.ParseHexNumber
                0x000000000800099c       0x80 Core/Src/es_wifi.o
 .text.ParseNumber
                0x0000000008000a1c       0x88 Core/Src/es_wifi.o
 .text.ParseMAC
                0x0000000008000aa4       0x54 Core/Src/es_wifi.o
 .text.ParseIP  0x0000000008000af8       0x54 Core/Src/es_wifi.o
 .text.AT_ParseInfo
                0x0000000008000b4c       0xec Core/Src/es_wifi.o
 .text.AT_ParseConnSettings
                0x0000000008000c38      0x160 Core/Src/es_wifi.o
 .text.AT_ParseIsConnected
                0x0000000008000d98       0x2c Core/Src/es_wifi.o
 .text.AT_ExecuteCommand
                0x0000000008000dc4       0xcc Core/Src/es_wifi.o
 .text.AT_RequestSendData
                0x0000000008000e90       0xec Core/Src/es_wifi.o
 .text.AT_RequestReceiveData
                0x0000000008000f7c      0x12c Core/Src/es_wifi.o
 .text.ES_WIFI_Init
                0x00000000080010a8       0x5c Core/Src/es_wifi.o
                0x00000000080010a8                ES_WIFI_Init
 .text.ES_WIFI_RegisterBusIO
                0x0000000008001104       0x66 Core/Src/es_wifi.o
                0x0000000008001104                ES_WIFI_RegisterBusIO
 *fill*         0x000000000800116a        0x2 
 .text.ES_WIFI_Connect
                0x000000000800116c       0xec Core/Src/es_wifi.o
                0x000000000800116c                ES_WIFI_Connect
 .text.ES_WIFI_IsConnected
                0x0000000008001258       0x58 Core/Src/es_wifi.o
                0x0000000008001258                ES_WIFI_IsConnected
 .text.ES_WIFI_GetNetworkSettings
                0x00000000080012b0       0x54 Core/Src/es_wifi.o
                0x00000000080012b0                ES_WIFI_GetNetworkSettings
 .text.ES_WIFI_GetMACAddress
                0x0000000008001304       0x60 Core/Src/es_wifi.o
                0x0000000008001304                ES_WIFI_GetMACAddress
 .text.ES_WIFI_StartClientConnection
                0x0000000008001364      0x1d8 Core/Src/es_wifi.o
                0x0000000008001364                ES_WIFI_StartClientConnection
 .text.ES_WIFI_SendData
                0x000000000800153c      0x178 Core/Src/es_wifi.o
                0x000000000800153c                ES_WIFI_SendData
 .text.ES_WIFI_ReceiveData
                0x00000000080016b4      0x17c Core/Src/es_wifi.o
                0x00000000080016b4                ES_WIFI_ReceiveData
 .text.SPI_WIFI_MspInit
                0x0000000008001830      0x178 Core/Src/es_wifi_io.o
                0x0000000008001830                SPI_WIFI_MspInit
 .text.SPI_WIFI_Init
                0x00000000080019a8       0xbc Core/Src/es_wifi_io.o
                0x00000000080019a8                SPI_WIFI_Init
 .text.SPI_WIFI_ResetModule
                0x0000000008001a64       0xe0 Core/Src/es_wifi_io.o
                0x0000000008001a64                SPI_WIFI_ResetModule
 .text.SPI_WIFI_DeInit
                0x0000000008001b44       0x14 Core/Src/es_wifi_io.o
                0x0000000008001b44                SPI_WIFI_DeInit
 .text.wait_cmddata_rdy_high
                0x0000000008001b58       0x44 Core/Src/es_wifi_io.o
 .text.wait_cmddata_rdy_rising_event
                0x0000000008001b9c       0x40 Core/Src/es_wifi_io.o
 .text.wait_spi_rx_event
                0x0000000008001bdc       0x40 Core/Src/es_wifi_io.o
 .text.wait_spi_tx_event
                0x0000000008001c1c       0x40 Core/Src/es_wifi_io.o
 .text.SPI_WIFI_ReceiveData
                0x0000000008001c5c       0xf4 Core/Src/es_wifi_io.o
                0x0000000008001c5c                SPI_WIFI_ReceiveData
 .text.SPI_WIFI_SendData
                0x0000000008001d50       0xdc Core/Src/es_wifi_io.o
                0x0000000008001d50                SPI_WIFI_SendData
 .text.SPI_WIFI_Delay
                0x0000000008001e2c       0x16 Core/Src/es_wifi_io.o
                0x0000000008001e2c                SPI_WIFI_Delay
 *fill*         0x0000000008001e42        0x2 
 .text.SPI_WIFI_DelayUs
                0x0000000008001e44       0xa4 Core/Src/es_wifi_io.o
 .text.HAL_SPI_RxCpltCallback
                0x0000000008001ee8       0x28 Core/Src/es_wifi_io.o
                0x0000000008001ee8                HAL_SPI_RxCpltCallback
 .text.HAL_SPI_TxCpltCallback
                0x0000000008001f10       0x28 Core/Src/es_wifi_io.o
                0x0000000008001f10                HAL_SPI_TxCpltCallback
 .text.SPI_WIFI_ISR
                0x0000000008001f38       0x20 Core/Src/es_wifi_io.o
                0x0000000008001f38                SPI_WIFI_ISR
 .text.inizialize
                0x0000000008001f58       0x62 Core/Src/main.o
                0x0000000008001f58                inizialize
 *fill*         0x0000000008001fba        0x2 
 .text.main     0x0000000008001fbc      0x14c Core/Src/main.o
                0x0000000008001fbc                main
 .text.SystemClock_Config
                0x0000000008002108      0x148 Core/Src/main.o
 .text.__io_putchar
                0x0000000008002250       0x24 Core/Src/main.o
                0x0000000008002250                __io_putchar
 .text.MX_DFSDM1_Init
                0x0000000008002274       0x70 Core/Src/main.o
 .text.MX_I2C2_Init
                0x00000000080022e4       0x80 Core/Src/main.o
 .text.MX_QUADSPI_Init
                0x0000000008002364       0x4c Core/Src/main.o
 .text.MX_SPI3_Init
                0x00000000080023b0       0x7c Core/Src/main.o
 .text.MX_USART1_UART_Init
                0x000000000800242c       0x60 Core/Src/main.o
 .text.MX_USART3_UART_Init
                0x000000000800248c       0x60 Core/Src/main.o
 .text.MX_USB_OTG_FS_PCD_Init
                0x00000000080024ec       0x5c Core/Src/main.o
 .text.MX_GPIO_Init
                0x0000000008002548      0x360 Core/Src/main.o
 .text.VL53L0X_PROXIMITY_Init
                0x00000000080028a8       0xb0 Core/Src/main.o
 .text.VL53L0X_PROXIMITY_GetDistance
                0x0000000008002958       0x20 Core/Src/main.o
 .text.VL53L0X_PROXIMITY_MspInit
                0x0000000008002978       0x40 Core/Src/main.o
 .text.controlla_valori_telefono
                0x00000000080029b8      0x390 Core/Src/main.o
                0x00000000080029b8                controlla_valori_telefono
 .text.StartDefaultTask
                0x0000000008002d48       0x1c Core/Src/main.o
                0x0000000008002d48                StartDefaultTask
 .text.stampa   0x0000000008002d64      0x258 Core/Src/main.o
                0x0000000008002d64                stampa
 .text.StartTask02
                0x0000000008002fbc       0x14 Core/Src/main.o
                0x0000000008002fbc                StartTask02
 .text.aggiorna_contatore
                0x0000000008002fd0       0x4c Core/Src/main.o
                0x0000000008002fd0                aggiorna_contatore
 .text.Proximity_Test
                0x000000000800301c       0x3c Core/Src/main.o
                0x000000000800301c                Proximity_Test
 .text.Error_Handler
                0x0000000008003058        0xe Core/Src/main.o
                0x0000000008003058                Error_Handler
 .text.HAL_GPIO_EXTI_Callback
                0x0000000008003066       0x20 Core/Src/main.o
                0x0000000008003066                HAL_GPIO_EXTI_Callback
 *fill*         0x0000000008003086        0x2 
 .text.SPI3_IRQHandler
                0x0000000008003088       0x14 Core/Src/main.o
                0x0000000008003088                SPI3_IRQHandler
 .text.HAL_MspInit
                0x000000000800309c       0x48 Core/Src/stm32l4xx_hal_msp.o
                0x000000000800309c                HAL_MspInit
 .text.HAL_DFSDM_ChannelMspInit
                0x00000000080030e4       0x88 Core/Src/stm32l4xx_hal_msp.o
                0x00000000080030e4                HAL_DFSDM_ChannelMspInit
 .text.HAL_I2C_MspInit
                0x000000000800316c       0x88 Core/Src/stm32l4xx_hal_msp.o
                0x000000000800316c                HAL_I2C_MspInit
 .text.HAL_I2C_MspDeInit
                0x00000000080031f4       0x48 Core/Src/stm32l4xx_hal_msp.o
                0x00000000080031f4                HAL_I2C_MspDeInit
 .text.HAL_QSPI_MspInit
                0x000000000800323c       0x88 Core/Src/stm32l4xx_hal_msp.o
                0x000000000800323c                HAL_QSPI_MspInit
 .text.HAL_SPI_MspInit
                0x00000000080032c4       0x88 Core/Src/stm32l4xx_hal_msp.o
                0x00000000080032c4                HAL_SPI_MspInit
 .text.HAL_SPI_MspDeInit
                0x000000000800334c       0x3c Core/Src/stm32l4xx_hal_msp.o
                0x000000000800334c                HAL_SPI_MspDeInit
 .text.HAL_UART_MspInit
                0x0000000008003388       0xec Core/Src/stm32l4xx_hal_msp.o
                0x0000000008003388                HAL_UART_MspInit
 .text.HAL_PCD_MspInit
                0x0000000008003474       0xd8 Core/Src/stm32l4xx_hal_msp.o
                0x0000000008003474                HAL_PCD_MspInit
 .text.NMI_Handler
                0x000000000800354c        0xe Core/Src/stm32l4xx_it.o
                0x000000000800354c                NMI_Handler
 .text.HardFault_Handler
                0x000000000800355a        0x6 Core/Src/stm32l4xx_it.o
                0x000000000800355a                HardFault_Handler
 .text.MemManage_Handler
                0x0000000008003560        0x6 Core/Src/stm32l4xx_it.o
                0x0000000008003560                MemManage_Handler
 .text.BusFault_Handler
                0x0000000008003566        0x6 Core/Src/stm32l4xx_it.o
                0x0000000008003566                BusFault_Handler
 .text.UsageFault_Handler
                0x000000000800356c        0x6 Core/Src/stm32l4xx_it.o
                0x000000000800356c                UsageFault_Handler
 .text.DebugMon_Handler
                0x0000000008003572        0xe Core/Src/stm32l4xx_it.o
                0x0000000008003572                DebugMon_Handler
 .text.SysTick_Handler
                0x0000000008003580       0x1a Core/Src/stm32l4xx_it.o
                0x0000000008003580                SysTick_Handler
 .text.EXTI9_5_IRQHandler
                0x000000000800359a       0x22 Core/Src/stm32l4xx_it.o
                0x000000000800359a                EXTI9_5_IRQHandler
 .text.EXTI1_IRQHandler
                0x00000000080035bc        0xe Core/Src/stm32l4xx_it.o
                0x00000000080035bc                EXTI1_IRQHandler
 .text.EXTI15_10_IRQHandler
                0x00000000080035ca       0x30 Core/Src/stm32l4xx_it.o
                0x00000000080035ca                EXTI15_10_IRQHandler
 .text._read    0x00000000080035fa       0x3a Core/Src/syscalls.o
                0x00000000080035fa                _read
 .text._write   0x0000000008003634       0x38 Core/Src/syscalls.o
                0x0000000008003634                _write
 .text._close   0x000000000800366c       0x18 Core/Src/syscalls.o
                0x000000000800366c                _close
 .text._fstat   0x0000000008003684       0x20 Core/Src/syscalls.o
                0x0000000008003684                _fstat
 .text._isatty  0x00000000080036a4       0x16 Core/Src/syscalls.o
                0x00000000080036a4                _isatty
 .text._lseek   0x00000000080036ba       0x1a Core/Src/syscalls.o
                0x00000000080036ba                _lseek
 .text._sbrk    0x00000000080036d4       0x6c Core/Src/sysmem.o
                0x00000000080036d4                _sbrk
 .text.SystemInit
                0x0000000008003740       0x6c Core/Src/system_stm32l4xx.o
                0x0000000008003740                SystemInit
 .text.VL53L0X_GetDeviceInfo
                0x00000000080037ac       0x26 Core/Src/vl53l0x_api.o
                0x00000000080037ac                VL53L0X_GetDeviceInfo
 .text.VL53L0X_GetOffsetCalibrationDataMicroMeter
                0x00000000080037d2       0x26 Core/Src/vl53l0x_api.o
                0x00000000080037d2                VL53L0X_GetOffsetCalibrationDataMicroMeter
 .text.VL53L0X_DataInit
                0x00000000080037f8      0x214 Core/Src/vl53l0x_api.o
                0x00000000080037f8                VL53L0X_DataInit
 .text.VL53L0X_StaticInit
                0x0000000008003a0c      0x304 Core/Src/vl53l0x_api.o
                0x0000000008003a0c                VL53L0X_StaticInit
 .text.VL53L0X_GetDeviceParameters
                0x0000000008003d10      0x120 Core/Src/vl53l0x_api.o
                0x0000000008003d10                VL53L0X_GetDeviceParameters
 .text.VL53L0X_SetDeviceMode
                0x0000000008003e30       0x90 Core/Src/vl53l0x_api.o
                0x0000000008003e30                VL53L0X_SetDeviceMode
 .text.VL53L0X_GetDeviceMode
                0x0000000008003ec0       0x26 Core/Src/vl53l0x_api.o
                0x0000000008003ec0                VL53L0X_GetDeviceMode
 .text.VL53L0X_GetFractionEnable
                0x0000000008003ee6       0x3e Core/Src/vl53l0x_api.o
                0x0000000008003ee6                VL53L0X_GetFractionEnable
 .text.VL53L0X_SetMeasurementTimingBudgetMicroSeconds
                0x0000000008003f24       0x26 Core/Src/vl53l0x_api.o
                0x0000000008003f24                VL53L0X_SetMeasurementTimingBudgetMicroSeconds
 .text.VL53L0X_GetMeasurementTimingBudgetMicroSeconds
                0x0000000008003f4a       0x26 Core/Src/vl53l0x_api.o
                0x0000000008003f4a                VL53L0X_GetMeasurementTimingBudgetMicroSeconds
 .text.VL53L0X_SetVcselPulsePeriod
                0x0000000008003f70       0x30 Core/Src/vl53l0x_api.o
                0x0000000008003f70                VL53L0X_SetVcselPulsePeriod
 .text.VL53L0X_GetVcselPulsePeriod
                0x0000000008003fa0       0x2e Core/Src/vl53l0x_api.o
                0x0000000008003fa0                VL53L0X_GetVcselPulsePeriod
 *fill*         0x0000000008003fce        0x2 
 .text.VL53L0X_SetSequenceStepEnable
                0x0000000008003fd0      0x144 Core/Src/vl53l0x_api.o
                0x0000000008003fd0                VL53L0X_SetSequenceStepEnable
 .text.sequence_step_enabled
                0x0000000008004114       0xa4 Core/Src/vl53l0x_api.o
                0x0000000008004114                sequence_step_enabled
 .text.VL53L0X_GetSequenceStepEnables
                0x00000000080041b8       0xb0 Core/Src/vl53l0x_api.o
                0x00000000080041b8                VL53L0X_GetSequenceStepEnables
 .text.VL53L0X_GetSequenceStepTimeout
                0x0000000008004268       0x80 Core/Src/vl53l0x_api.o
                0x0000000008004268                VL53L0X_GetSequenceStepTimeout
 .text.VL53L0X_GetInterMeasurementPeriodMilliSeconds
                0x00000000080042e8       0x68 Core/Src/vl53l0x_api.o
                0x00000000080042e8                VL53L0X_GetInterMeasurementPeriodMilliSeconds
 .text.VL53L0X_GetXTalkCompensationEnable
                0x0000000008004350       0x2a Core/Src/vl53l0x_api.o
                0x0000000008004350                VL53L0X_GetXTalkCompensationEnable
 .text.VL53L0X_GetXTalkCompensationRateMegaCps
                0x000000000800437a       0x66 Core/Src/vl53l0x_api.o
                0x000000000800437a                VL53L0X_GetXTalkCompensationRateMegaCps
 .text.VL53L0X_SetLimitCheckEnable
                0x00000000080043e0      0x118 Core/Src/vl53l0x_api.o
                0x00000000080043e0                VL53L0X_SetLimitCheckEnable
 .text.VL53L0X_GetLimitCheckEnable
                0x00000000080044f8       0x46 Core/Src/vl53l0x_api.o
                0x00000000080044f8                VL53L0X_GetLimitCheckEnable
 *fill*         0x000000000800453e        0x2 
 .text.VL53L0X_SetLimitCheckValue
                0x0000000008004540       0xc4 Core/Src/vl53l0x_api.o
                0x0000000008004540                VL53L0X_SetLimitCheckValue
 .text.VL53L0X_GetLimitCheckValue
                0x0000000008004604      0x11c Core/Src/vl53l0x_api.o
                0x0000000008004604                VL53L0X_GetLimitCheckValue
 .text.VL53L0X_GetWrapAroundCheckEnable
                0x0000000008004720       0x64 Core/Src/vl53l0x_api.o
                0x0000000008004720                VL53L0X_GetWrapAroundCheckEnable
 .text.VL53L0X_PerformSingleMeasurement
                0x0000000008004784       0x68 Core/Src/vl53l0x_api.o
                0x0000000008004784                VL53L0X_PerformSingleMeasurement
 .text.VL53L0X_PerformRefCalibration
                0x00000000080047ec       0x2c Core/Src/vl53l0x_api.o
                0x00000000080047ec                VL53L0X_PerformRefCalibration
 .text.VL53L0X_CheckAndLoadInterruptSettings
                0x0000000008004818       0xcc Core/Src/vl53l0x_api.o
                0x0000000008004818                VL53L0X_CheckAndLoadInterruptSettings
 .text.VL53L0X_StartMeasurement
                0x00000000080048e4      0x112 Core/Src/vl53l0x_api.o
                0x00000000080048e4                VL53L0X_StartMeasurement
 .text.VL53L0X_GetMeasurementDataReady
                0x00000000080049f6       0x80 Core/Src/vl53l0x_api.o
                0x00000000080049f6                VL53L0X_GetMeasurementDataReady
 *fill*         0x0000000008004a76        0x2 
 .text.VL53L0X_GetRangingMeasurementData
                0x0000000008004a78      0x24c Core/Src/vl53l0x_api.o
                0x0000000008004a78                VL53L0X_GetRangingMeasurementData
 .text.VL53L0X_PerformSingleRangingMeasurement
                0x0000000008004cc4       0x60 Core/Src/vl53l0x_api.o
                0x0000000008004cc4                VL53L0X_PerformSingleRangingMeasurement
 .text.VL53L0X_SetGpioConfig
                0x0000000008004d24      0x248 Core/Src/vl53l0x_api.o
                0x0000000008004d24                VL53L0X_SetGpioConfig
 .text.VL53L0X_GetInterruptThresholds
                0x0000000008004f6c       0x6c Core/Src/vl53l0x_api.o
                0x0000000008004f6c                VL53L0X_GetInterruptThresholds
 .text.VL53L0X_ClearInterruptMask
                0x0000000008004fd8       0x80 Core/Src/vl53l0x_api.o
                0x0000000008004fd8                VL53L0X_ClearInterruptMask
 .text.VL53L0X_GetInterruptMaskStatus
                0x0000000008005058       0x44 Core/Src/vl53l0x_api.o
                0x0000000008005058                VL53L0X_GetInterruptMaskStatus
 .text.VL53L0X_PerformRefSpadManagement
                0x000000000800509c       0x2a Core/Src/vl53l0x_api.o
                0x000000000800509c                VL53L0X_PerformRefSpadManagement
 .text.VL53L0X_get_offset_calibration_data_micro_meter
                0x00000000080050c6       0x7e Core/Src/vl53l0x_api_calibration.o
                0x00000000080050c6                VL53L0X_get_offset_calibration_data_micro_meter
 .text.get_next_good_spad
                0x0000000008005144       0xbc Core/Src/vl53l0x_api_calibration.o
                0x0000000008005144                get_next_good_spad
 .text.is_aperture
                0x0000000008005200       0x34 Core/Src/vl53l0x_api_calibration.o
                0x0000000008005200                is_aperture
 .text.enable_spad_bit
                0x0000000008005234       0x70 Core/Src/vl53l0x_api_calibration.o
                0x0000000008005234                enable_spad_bit
 .text.set_ref_spad_map
                0x00000000080052a4       0x26 Core/Src/vl53l0x_api_calibration.o
                0x00000000080052a4                set_ref_spad_map
 .text.get_ref_spad_map
                0x00000000080052ca       0x26 Core/Src/vl53l0x_api_calibration.o
                0x00000000080052ca                get_ref_spad_map
 .text.enable_ref_spads
                0x00000000080052f0       0xf8 Core/Src/vl53l0x_api_calibration.o
                0x00000000080052f0                enable_ref_spads
 .text.perform_ref_signal_measurement
                0x00000000080053e8       0xd4 Core/Src/vl53l0x_api_calibration.o
                0x00000000080053e8                perform_ref_signal_measurement
 .text.VL53L0X_perform_ref_spad_management
                0x00000000080054bc      0x418 Core/Src/vl53l0x_api_calibration.o
                0x00000000080054bc                VL53L0X_perform_ref_spad_management
 .text.VL53L0X_set_reference_spads
                0x00000000080058d4      0x14a Core/Src/vl53l0x_api_calibration.o
                0x00000000080058d4                VL53L0X_set_reference_spads
 .text.VL53L0X_perform_single_ref_calibration
                0x0000000008005a1e       0x76 Core/Src/vl53l0x_api_calibration.o
                0x0000000008005a1e                VL53L0X_perform_single_ref_calibration
 .text.VL53L0X_ref_calibration_io
                0x0000000008005a94      0x132 Core/Src/vl53l0x_api_calibration.o
                0x0000000008005a94                VL53L0X_ref_calibration_io
 .text.VL53L0X_perform_vhv_calibration
                0x0000000008005bc6       0xce Core/Src/vl53l0x_api_calibration.o
                0x0000000008005bc6                VL53L0X_perform_vhv_calibration
 .text.VL53L0X_perform_phase_calibration
                0x0000000008005c94       0xca Core/Src/vl53l0x_api_calibration.o
                0x0000000008005c94                VL53L0X_perform_phase_calibration
 .text.VL53L0X_perform_ref_calibration
                0x0000000008005d5e       0x7a Core/Src/vl53l0x_api_calibration.o
                0x0000000008005d5e                VL53L0X_perform_ref_calibration
 .text.VL53L0X_measurement_poll_for_completion
                0x0000000008005dd8       0x5e Core/Src/vl53l0x_api_core.o
                0x0000000008005dd8                VL53L0X_measurement_poll_for_completion
 .text.VL53L0X_decode_vcsel_period
                0x0000000008005e36       0x26 Core/Src/vl53l0x_api_core.o
                0x0000000008005e36                VL53L0X_decode_vcsel_period
 .text.VL53L0X_encode_vcsel_period
                0x0000000008005e5c       0x26 Core/Src/vl53l0x_api_core.o
                0x0000000008005e5c                VL53L0X_encode_vcsel_period
 .text.VL53L0X_isqrt
                0x0000000008005e82       0x68 Core/Src/vl53l0x_api_core.o
                0x0000000008005e82                VL53L0X_isqrt
 .text.VL53L0X_device_read_strobe
                0x0000000008005eea       0x82 Core/Src/vl53l0x_api_core.o
                0x0000000008005eea                VL53L0X_device_read_strobe
 .text.VL53L0X_get_info_from_device
                0x0000000008005f6c      0x99a Core/Src/vl53l0x_api_core.o
                0x0000000008005f6c                VL53L0X_get_info_from_device
 .text.VL53L0X_calc_macro_period_ps
                0x0000000008006906       0x3a Core/Src/vl53l0x_api_core.o
                0x0000000008006906                VL53L0X_calc_macro_period_ps
 .text.VL53L0X_encode_timeout
                0x0000000008006940       0x58 Core/Src/vl53l0x_api_core.o
                0x0000000008006940                VL53L0X_encode_timeout
 .text.VL53L0X_decode_timeout
                0x0000000008006998       0x2c Core/Src/vl53l0x_api_core.o
                0x0000000008006998                VL53L0X_decode_timeout
 .text.VL53L0X_calc_timeout_mclks
                0x00000000080069c4       0x54 Core/Src/vl53l0x_api_core.o
                0x00000000080069c4                VL53L0X_calc_timeout_mclks
 .text.VL53L0X_calc_timeout_us
                0x0000000008006a18       0x58 Core/Src/vl53l0x_api_core.o
                0x0000000008006a18                VL53L0X_calc_timeout_us
 .text.get_sequence_step_timeout
                0x0000000008006a70      0x1c2 Core/Src/vl53l0x_api_core.o
                0x0000000008006a70                get_sequence_step_timeout
 .text.set_sequence_step_timeout
                0x0000000008006c32      0x1e8 Core/Src/vl53l0x_api_core.o
                0x0000000008006c32                set_sequence_step_timeout
 .text.VL53L0X_set_vcsel_pulse_period
                0x0000000008006e1a      0x512 Core/Src/vl53l0x_api_core.o
                0x0000000008006e1a                VL53L0X_set_vcsel_pulse_period
 .text.VL53L0X_get_vcsel_pulse_period
                0x000000000800732c       0x6e Core/Src/vl53l0x_api_core.o
                0x000000000800732c                VL53L0X_get_vcsel_pulse_period
 .text.VL53L0X_set_measurement_timing_budget_micro_seconds
                0x000000000800739a      0x1c0 Core/Src/vl53l0x_api_core.o
                0x000000000800739a                VL53L0X_set_measurement_timing_budget_micro_seconds
 .text.VL53L0X_get_measurement_timing_budget_micro_seconds
                0x000000000800755a      0x162 Core/Src/vl53l0x_api_core.o
                0x000000000800755a                VL53L0X_get_measurement_timing_budget_micro_seconds
 .text.VL53L0X_load_tuning_settings
                0x00000000080076bc      0x1c4 Core/Src/vl53l0x_api_core.o
                0x00000000080076bc                VL53L0X_load_tuning_settings
 .text.VL53L0X_get_total_xtalk_rate
                0x0000000008007880       0x5e Core/Src/vl53l0x_api_core.o
                0x0000000008007880                VL53L0X_get_total_xtalk_rate
 .text.VL53L0X_get_total_signal_rate
                0x00000000080078de       0x4a Core/Src/vl53l0x_api_core.o
                0x00000000080078de                VL53L0X_get_total_signal_rate
 .text.VL53L0X_calc_dmax
                0x0000000008007928      0x240 Core/Src/vl53l0x_api_core.o
                0x0000000008007928                VL53L0X_calc_dmax
 .text.VL53L0X_calc_sigma_estimate
                0x0000000008007b68      0x430 Core/Src/vl53l0x_api_core.o
                0x0000000008007b68                VL53L0X_calc_sigma_estimate
 .text.VL53L0X_get_pal_range_status
                0x0000000008007f98      0x3b6 Core/Src/vl53l0x_api_core.o
                0x0000000008007f98                VL53L0X_get_pal_range_status
 .text.VL53L0X_check_part_used
                0x000000000800834e       0x6a Core/Src/vl53l0x_api_strings.o
                0x000000000800834e                VL53L0X_check_part_used
 .text.VL53L0X_get_device_info
                0x00000000080083b8      0x108 Core/Src/vl53l0x_api_strings.o
                0x00000000080083b8                VL53L0X_get_device_info
 .text._I2CWrite
                0x00000000080084c0       0x3e Core/Src/vl53l0x_tof.o
                0x00000000080084c0                _I2CWrite
 .text._I2CRead
                0x00000000080084fe       0x44 Core/Src/vl53l0x_tof.o
                0x00000000080084fe                _I2CRead
 .text.VL53L0X_RdByte
                0x0000000008008542       0x54 Core/Src/vl53l0x_tof.o
                0x0000000008008542                VL53L0X_RdByte
 *fill*         0x0000000008008596        0x2 
 .text.VL53L0X_WriteMulti
                0x0000000008008598       0x60 Core/Src/vl53l0x_tof.o
                0x0000000008008598                VL53L0X_WriteMulti
 .text.VL53L0X_ReadMulti
                0x00000000080085f8       0x56 Core/Src/vl53l0x_tof.o
                0x00000000080085f8                VL53L0X_ReadMulti
 *fill*         0x000000000800864e        0x2 
 .text.VL53L0X_RdWord
                0x0000000008008650       0x70 Core/Src/vl53l0x_tof.o
                0x0000000008008650                VL53L0X_RdWord
 .text.VL53L0X_RdDWord
                0x00000000080086c0       0x78 Core/Src/vl53l0x_tof.o
                0x00000000080086c0                VL53L0X_RdDWord
 .text.VL53L0X_WrByte
                0x0000000008008738       0x48 Core/Src/vl53l0x_tof.o
                0x0000000008008738                VL53L0X_WrByte
 .text.VL53L0X_WrWord
                0x0000000008008780       0x54 Core/Src/vl53l0x_tof.o
                0x0000000008008780                VL53L0X_WrWord
 .text.VL53L0X_UpdateByte
                0x00000000080087d4       0x68 Core/Src/vl53l0x_tof.o
                0x00000000080087d4                VL53L0X_UpdateByte
 .text.VL53L0X_PollingDelay
                0x000000000800883c       0x1e Core/Src/vl53l0x_tof.o
                0x000000000800883c                VL53L0X_PollingDelay
 *fill*         0x000000000800885a        0x2 
 .text.SetupSingleShot
                0x000000000800885c      0x1bc Core/Src/vl53l0x_tof.o
                0x000000000800885c                SetupSingleShot
 .text.WIFI_Init
                0x0000000008008a18       0x58 Core/Src/wifi.o
                0x0000000008008a18                WIFI_Init
 .text.WIFI_Connect
                0x0000000008008a70       0x44 Core/Src/wifi.o
                0x0000000008008a70                WIFI_Connect
 .text.WIFI_GetMAC_Address
                0x0000000008008ab4       0x2c Core/Src/wifi.o
                0x0000000008008ab4                WIFI_GetMAC_Address
 .text.WIFI_GetIP_Address
                0x0000000008008ae0       0x38 Core/Src/wifi.o
                0x0000000008008ae0                WIFI_GetIP_Address
 .text.WIFI_OpenClientConnection
                0x0000000008008b18       0x74 Core/Src/wifi.o
                0x0000000008008b18                WIFI_OpenClientConnection
 .text.WIFI_SendData
                0x0000000008008b8c       0x44 Core/Src/wifi.o
                0x0000000008008b8c                WIFI_SendData
 .text.WIFI_ReceiveData
                0x0000000008008bd0       0x44 Core/Src/wifi.o
                0x0000000008008bd0                WIFI_ReceiveData
 .text.Reset_Handler
                0x0000000008008c14       0x50 Core/Startup/startup_stm32l475vgtx.o
                0x0000000008008c14                Reset_Handler
 .text.Default_Handler
                0x0000000008008c64        0x2 Core/Startup/startup_stm32l475vgtx.o
                0x0000000008008c64                RTC_Alarm_IRQHandler
                0x0000000008008c64                EXTI2_IRQHandler
                0x0000000008008c64                TIM8_TRG_COM_IRQHandler
                0x0000000008008c64                TIM8_CC_IRQHandler
                0x0000000008008c64                TIM1_CC_IRQHandler
                0x0000000008008c64                TSC_IRQHandler
                0x0000000008008c64                TAMP_STAMP_IRQHandler
                0x0000000008008c64                EXTI3_IRQHandler
                0x0000000008008c64                LPTIM2_IRQHandler
                0x0000000008008c64                DFSDM1_FLT1_IRQHandler
                0x0000000008008c64                I2C3_ER_IRQHandler
                0x0000000008008c64                DFSDM1_FLT2_IRQHandler
                0x0000000008008c64                EXTI0_IRQHandler
                0x0000000008008c64                I2C2_EV_IRQHandler
                0x0000000008008c64                CAN1_RX0_IRQHandler
                0x0000000008008c64                FPU_IRQHandler
                0x0000000008008c64                TIM1_UP_TIM16_IRQHandler
                0x0000000008008c64                ADC1_2_IRQHandler
                0x0000000008008c64                SPI1_IRQHandler
                0x0000000008008c64                TIM6_DAC_IRQHandler
                0x0000000008008c64                TIM8_UP_IRQHandler
                0x0000000008008c64                DMA2_Channel2_IRQHandler
                0x0000000008008c64                DMA1_Channel4_IRQHandler
                0x0000000008008c64                SAI2_IRQHandler
                0x0000000008008c64                DFSDM1_FLT3_IRQHandler
                0x0000000008008c64                USART3_IRQHandler
                0x0000000008008c64                DMA1_Channel7_IRQHandler
                0x0000000008008c64                CAN1_RX1_IRQHandler
                0x0000000008008c64                UART5_IRQHandler
                0x0000000008008c64                ADC3_IRQHandler
                0x0000000008008c64                TIM4_IRQHandler
                0x0000000008008c64                DMA2_Channel1_IRQHandler
                0x0000000008008c64                QUADSPI_IRQHandler
                0x0000000008008c64                I2C1_EV_IRQHandler
                0x0000000008008c64                DMA1_Channel6_IRQHandler
                0x0000000008008c64                UART4_IRQHandler
                0x0000000008008c64                DMA2_Channel4_IRQHandler
                0x0000000008008c64                TIM3_IRQHandler
                0x0000000008008c64                RCC_IRQHandler
                0x0000000008008c64                DMA1_Channel1_IRQHandler
                0x0000000008008c64                Default_Handler
                0x0000000008008c64                DMA2_Channel7_IRQHandler
                0x0000000008008c64                TIM7_IRQHandler
                0x0000000008008c64                SDMMC1_IRQHandler
                0x0000000008008c64                TIM5_IRQHandler
                0x0000000008008c64                I2C3_EV_IRQHandler
                0x0000000008008c64                RTC_WKUP_IRQHandler
                0x0000000008008c64                PVD_PVM_IRQHandler
                0x0000000008008c64                SPI2_IRQHandler
                0x0000000008008c64                CAN1_TX_IRQHandler
                0x0000000008008c64                DMA2_Channel5_IRQHandler
                0x0000000008008c64                DMA1_Channel5_IRQHandler
                0x0000000008008c64                EXTI4_IRQHandler
                0x0000000008008c64                RNG_IRQHandler
                0x0000000008008c64                TIM1_TRG_COM_TIM17_IRQHandler
                0x0000000008008c64                DMA1_Channel3_IRQHandler
                0x0000000008008c64                COMP_IRQHandler
                0x0000000008008c64                WWDG_IRQHandler
                0x0000000008008c64                LPUART1_IRQHandler
                0x0000000008008c64                DMA2_Channel6_IRQHandler
                0x0000000008008c64                TIM2_IRQHandler
                0x0000000008008c64                USART2_IRQHandler
                0x0000000008008c64                DFSDM1_FLT0_IRQHandler
                0x0000000008008c64                I2C2_ER_IRQHandler
                0x0000000008008c64                DMA1_Channel2_IRQHandler
                0x0000000008008c64                TIM8_BRK_IRQHandler
                0x0000000008008c64                CAN1_SCE_IRQHandler
                0x0000000008008c64                FLASH_IRQHandler
                0x0000000008008c64                USART1_IRQHandler
                0x0000000008008c64                OTG_FS_IRQHandler
                0x0000000008008c64                I2C1_ER_IRQHandler
                0x0000000008008c64                FMC_IRQHandler
                0x0000000008008c64                SWPMI1_IRQHandler
                0x0000000008008c64                LPTIM1_IRQHandler
                0x0000000008008c64                SAI1_IRQHandler
                0x0000000008008c64                DMA2_Channel3_IRQHandler
                0x0000000008008c64                TIM1_BRK_TIM15_IRQHandler
 *fill*         0x0000000008008c66        0x2 
 .text.BSP_LED_Init
                0x0000000008008c68       0x60 Drivers/B-L475E-IOT01/stm32l475e_iot01.o
                0x0000000008008c68                BSP_LED_Init
 .text.BSP_LED_On
                0x0000000008008cc8       0x2c Drivers/B-L475E-IOT01/stm32l475e_iot01.o
                0x0000000008008cc8                BSP_LED_On
 .text.BSP_PB_Init
                0x0000000008008cf4       0xac Drivers/B-L475E-IOT01/stm32l475e_iot01.o
                0x0000000008008cf4                BSP_PB_Init
 .text.BSP_COM_Init
                0x0000000008008da0       0xd8 Drivers/B-L475E-IOT01/stm32l475e_iot01.o
                0x0000000008008da0                BSP_COM_Init
 .text.I2Cx_MspInit
                0x0000000008008e78       0xb0 Drivers/B-L475E-IOT01/stm32l475e_iot01.o
 .text.I2Cx_Init
                0x0000000008008f28       0x5c Drivers/B-L475E-IOT01/stm32l475e_iot01.o
 .text.I2Cx_ReadMultiple
                0x0000000008008f84       0x5a Drivers/B-L475E-IOT01/stm32l475e_iot01.o
 .text.I2Cx_WriteMultiple
                0x0000000008008fde       0x5a Drivers/B-L475E-IOT01/stm32l475e_iot01.o
 .text.I2Cx_Error
                0x0000000008009038       0x20 Drivers/B-L475E-IOT01/stm32l475e_iot01.o
 .text.SENSOR_IO_Init
                0x0000000008009058       0x14 Drivers/B-L475E-IOT01/stm32l475e_iot01.o
                0x0000000008009058                SENSOR_IO_Init
 .text.SENSOR_IO_Write
                0x000000000800906c       0x34 Drivers/B-L475E-IOT01/stm32l475e_iot01.o
                0x000000000800906c                SENSOR_IO_Write
 .text.SENSOR_IO_Read
                0x00000000080090a0       0x3c Drivers/B-L475E-IOT01/stm32l475e_iot01.o
                0x00000000080090a0                SENSOR_IO_Read
 .text.SENSOR_IO_ReadMultiple
                0x00000000080090dc       0x3c Drivers/B-L475E-IOT01/stm32l475e_iot01.o
                0x00000000080090dc                SENSOR_IO_ReadMultiple
 .text.BSP_HSENSOR_Init
                0x0000000008009118       0x40 Drivers/B-L475E-IOT01/stm32l475e_iot01_hsensor.o
                0x0000000008009118                BSP_HSENSOR_Init
 .text.BSP_HSENSOR_ReadHumidity
                0x0000000008009158       0x1c Drivers/B-L475E-IOT01/stm32l475e_iot01_hsensor.o
                0x0000000008009158                BSP_HSENSOR_ReadHumidity
 .text.BSP_PSENSOR_Init
                0x0000000008009174       0x40 Drivers/B-L475E-IOT01/stm32l475e_iot01_psensor.o
                0x0000000008009174                BSP_PSENSOR_Init
 .text.BSP_PSENSOR_ReadPressure
                0x00000000080091b4       0x1c Drivers/B-L475E-IOT01/stm32l475e_iot01_psensor.o
                0x00000000080091b4                BSP_PSENSOR_ReadPressure
 .text.BSP_TSENSOR_Init
                0x00000000080091d0       0x38 Drivers/B-L475E-IOT01/stm32l475e_iot01_tsensor.o
                0x00000000080091d0                BSP_TSENSOR_Init
 .text.BSP_TSENSOR_ReadTemp
                0x0000000008009208       0x1c Drivers/B-L475E-IOT01/stm32l475e_iot01_tsensor.o
                0x0000000008009208                BSP_TSENSOR_ReadTemp
 .text.HTS221_H_Init
                0x0000000008009224       0x58 Drivers/Components/hts221/hts221.o
                0x0000000008009224                HTS221_H_Init
 .text.HTS221_H_ReadID
                0x000000000800927c       0x2c Drivers/Components/hts221/hts221.o
                0x000000000800927c                HTS221_H_ReadID
 .text.HTS221_H_ReadHumidity
                0x00000000080092a8      0x138 Drivers/Components/hts221/hts221.o
                0x00000000080092a8                HTS221_H_ReadHumidity
 .text.HTS221_T_Init
                0x00000000080093e0       0x5a Drivers/Components/hts221/hts221.o
                0x00000000080093e0                HTS221_T_Init
 .text.HTS221_T_ReadTemp
                0x000000000800943a      0x10e Drivers/Components/hts221/hts221.o
                0x000000000800943a                HTS221_T_ReadTemp
 .text.LPS22HB_P_Init
                0x0000000008009548       0x1a Drivers/Components/lps22hb/lps22hb.o
                0x0000000008009548                LPS22HB_P_Init
 .text.LPS22HB_P_ReadID
                0x0000000008009562       0x2c Drivers/Components/lps22hb/lps22hb.o
                0x0000000008009562                LPS22HB_P_ReadID
 *fill*         0x000000000800958e        0x2 
 .text.LPS22HB_P_ReadPressure
                0x0000000008009590       0xc0 Drivers/Components/lps22hb/lps22hb.o
                0x0000000008009590                LPS22HB_P_ReadPressure
 .text.LPS22HB_Init
                0x0000000008009650       0x7e Drivers/Components/lps22hb/lps22hb.o
 .text.HAL_Init
                0x00000000080096ce       0x30 Drivers/STM32L4xx_HAL_Driver/Src/stm32l4xx_hal.o
                0x00000000080096ce                HAL_Init
 *fill*         0x00000000080096fe        0x2 
 .text.HAL_InitTick
                0x0000000008009700       0x78 Drivers/STM32L4xx_HAL_Driver/Src/stm32l4xx_hal.o
                0x0000000008009700                HAL_InitTick
 .text.HAL_IncTick
                0x0000000008009778       0x28 Drivers/STM32L4xx_HAL_Driver/Src/stm32l4xx_hal.o
                0x0000000008009778                HAL_IncTick
 .text.HAL_GetTick
                0x00000000080097a0       0x18 Drivers/STM32L4xx_HAL_Driver/Src/stm32l4xx_hal.o
                0x00000000080097a0                HAL_GetTick
 .text.HAL_Delay
                0x00000000080097b8       0x44 Drivers/STM32L4xx_HAL_Driver/Src/stm32l4xx_hal.o
                0x00000000080097b8                HAL_Delay
 .text.__NVIC_SetPriorityGrouping
                0x00000000080097fc       0x48 Drivers/STM32L4xx_HAL_Driver/Src/stm32l4xx_hal_cortex.o
 .text.__NVIC_GetPriorityGrouping
                0x0000000008009844       0x1c Drivers/STM32L4xx_HAL_Driver/Src/stm32l4xx_hal_cortex.o
 .text.__NVIC_EnableIRQ
                0x0000000008009860       0x3c Drivers/STM32L4xx_HAL_Driver/Src/stm32l4xx_hal_cortex.o
 .text.__NVIC_SetPriority
                0x000000000800989c       0x54 Drivers/STM32L4xx_HAL_Driver/Src/stm32l4xx_hal_cortex.o
 .text.NVIC_EncodePriority
                0x00000000080098f0       0x66 Drivers/STM32L4xx_HAL_Driver/Src/stm32l4xx_hal_cortex.o
 *fill*         0x0000000008009956        0x2 
 .text.SysTick_Config
                0x0000000008009958       0x44 Drivers/STM32L4xx_HAL_Driver/Src/stm32l4xx_hal_cortex.o
 .text.HAL_NVIC_SetPriorityGrouping
                0x000000000800999c       0x16 Drivers/STM32L4xx_HAL_Driver/Src/stm32l4xx_hal_cortex.o
                0x000000000800999c                HAL_NVIC_SetPriorityGrouping
 .text.HAL_NVIC_SetPriority
                0x00000000080099b2       0x38 Drivers/STM32L4xx_HAL_Driver/Src/stm32l4xx_hal_cortex.o
                0x00000000080099b2                HAL_NVIC_SetPriority
 .text.HAL_NVIC_EnableIRQ
                0x00000000080099ea       0x1c Drivers/STM32L4xx_HAL_Driver/Src/stm32l4xx_hal_cortex.o
                0x00000000080099ea                HAL_NVIC_EnableIRQ
 .text.HAL_SYSTICK_Config
                0x0000000008009a06       0x18 Drivers/STM32L4xx_HAL_Driver/Src/stm32l4xx_hal_cortex.o
                0x0000000008009a06                HAL_SYSTICK_Config
 *fill*         0x0000000008009a1e        0x2 
 .text.HAL_DFSDM_ChannelInit
                0x0000000008009a20      0x180 Drivers/STM32L4xx_HAL_Driver/Src/stm32l4xx_hal_dfsdm.o
                0x0000000008009a20                HAL_DFSDM_ChannelInit
 .text.DFSDM_GetChannelFromInstance
                0x0000000008009ba0       0x98 Drivers/STM32L4xx_HAL_Driver/Src/stm32l4xx_hal_dfsdm.o
 .text.HAL_DMA_Abort_IT
                0x0000000008009c38       0x82 Drivers/STM32L4xx_HAL_Driver/Src/stm32l4xx_hal_dma.o
                0x0000000008009c38                HAL_DMA_Abort_IT
 *fill*         0x0000000008009cba        0x2 
 .text.HAL_GPIO_Init
                0x0000000008009cbc      0x350 Drivers/STM32L4xx_HAL_Driver/Src/stm32l4xx_hal_gpio.o
                0x0000000008009cbc                HAL_GPIO_Init
 .text.HAL_GPIO_DeInit
                0x000000000800a00c      0x1e8 Drivers/STM32L4xx_HAL_Driver/Src/stm32l4xx_hal_gpio.o
                0x000000000800a00c                HAL_GPIO_DeInit
 .text.HAL_GPIO_ReadPin
                0x000000000800a1f4       0x30 Drivers/STM32L4xx_HAL_Driver/Src/stm32l4xx_hal_gpio.o
                0x000000000800a1f4                HAL_GPIO_ReadPin
 .text.HAL_GPIO_WritePin
                0x000000000800a224       0x30 Drivers/STM32L4xx_HAL_Driver/Src/stm32l4xx_hal_gpio.o
                0x000000000800a224                HAL_GPIO_WritePin
 .text.HAL_GPIO_EXTI_IRQHandler
                0x000000000800a254       0x30 Drivers/STM32L4xx_HAL_Driver/Src/stm32l4xx_hal_gpio.o
                0x000000000800a254                HAL_GPIO_EXTI_IRQHandler
 .text.HAL_I2C_Init
                0x000000000800a284      0x11e Drivers/STM32L4xx_HAL_Driver/Src/stm32l4xx_hal_i2c.o
                0x000000000800a284                HAL_I2C_Init
 .text.HAL_I2C_DeInit
                0x000000000800a3a2       0x5e Drivers/STM32L4xx_HAL_Driver/Src/stm32l4xx_hal_i2c.o
                0x000000000800a3a2                HAL_I2C_DeInit
 .text.HAL_I2C_Master_Transmit
                0x000000000800a400      0x1e8 Drivers/STM32L4xx_HAL_Driver/Src/stm32l4xx_hal_i2c.o
                0x000000000800a400                HAL_I2C_Master_Transmit
 .text.HAL_I2C_Master_Receive
                0x000000000800a5e8      0x1ec Drivers/STM32L4xx_HAL_Driver/Src/stm32l4xx_hal_i2c.o
                0x000000000800a5e8                HAL_I2C_Master_Receive
 .text.HAL_I2C_Mem_Write
                0x000000000800a7d4      0x228 Drivers/STM32L4xx_HAL_Driver/Src/stm32l4xx_hal_i2c.o
                0x000000000800a7d4                HAL_I2C_Mem_Write
 .text.HAL_I2C_Mem_Read
                0x000000000800a9fc      0x234 Drivers/STM32L4xx_HAL_Driver/Src/stm32l4xx_hal_i2c.o
                0x000000000800a9fc                HAL_I2C_Mem_Read
 .text.I2C_RequestMemoryWrite
                0x000000000800ac30       0xa8 Drivers/STM32L4xx_HAL_Driver/Src/stm32l4xx_hal_i2c.o
 .text.I2C_RequestMemoryRead
                0x000000000800acd8       0xa8 Drivers/STM32L4xx_HAL_Driver/Src/stm32l4xx_hal_i2c.o
 .text.I2C_Flush_TXDR
                0x000000000800ad80       0x48 Drivers/STM32L4xx_HAL_Driver/Src/stm32l4xx_hal_i2c.o
 .text.I2C_WaitOnFlagUntilTimeout
                0x000000000800adc8       0x80 Drivers/STM32L4xx_HAL_Driver/Src/stm32l4xx_hal_i2c.o
 .text.I2C_WaitOnTXISFlagUntilTimeout
                0x000000000800ae48       0x80 Drivers/STM32L4xx_HAL_Driver/Src/stm32l4xx_hal_i2c.o
 .text.I2C_WaitOnSTOPFlagUntilTimeout
                0x000000000800aec8       0x78 Drivers/STM32L4xx_HAL_Driver/Src/stm32l4xx_hal_i2c.o
 .text.I2C_WaitOnRXNEFlagUntilTimeout
                0x000000000800af40       0xd8 Drivers/STM32L4xx_HAL_Driver/Src/stm32l4xx_hal_i2c.o
 .text.I2C_IsAcknowledgeFailed
                0x000000000800b018       0xcc Drivers/STM32L4xx_HAL_Driver/Src/stm32l4xx_hal_i2c.o
 .text.I2C_TransferConfig
                0x000000000800b0e4       0x5c Drivers/STM32L4xx_HAL_Driver/Src/stm32l4xx_hal_i2c.o
 .text.HAL_I2CEx_ConfigAnalogFilter
                0x000000000800b140       0x96 Drivers/STM32L4xx_HAL_Driver/Src/stm32l4xx_hal_i2c_ex.o
                0x000000000800b140                HAL_I2CEx_ConfigAnalogFilter
 .text.HAL_I2CEx_ConfigDigitalFilter
                0x000000000800b1d6       0x98 Drivers/STM32L4xx_HAL_Driver/Src/stm32l4xx_hal_i2c_ex.o
                0x000000000800b1d6                HAL_I2CEx_ConfigDigitalFilter
 .text.HAL_PCD_Init
                0x000000000800b26e      0x248 Drivers/STM32L4xx_HAL_Driver/Src/stm32l4xx_hal_pcd.o
                0x000000000800b26e                HAL_PCD_Init
 .text.HAL_PCDEx_ActivateLPM
                0x000000000800b4b6       0x48 Drivers/STM32L4xx_HAL_Driver/Src/stm32l4xx_hal_pcd_ex.o
                0x000000000800b4b6                HAL_PCDEx_ActivateLPM
 *fill*         0x000000000800b4fe        0x2 
 .text.HAL_PWR_EnableBkUpAccess
                0x000000000800b500       0x20 Drivers/STM32L4xx_HAL_Driver/Src/stm32l4xx_hal_pwr.o
                0x000000000800b500                HAL_PWR_EnableBkUpAccess
 .text.HAL_PWREx_GetVoltageRange
                0x000000000800b520       0x1c Drivers/STM32L4xx_HAL_Driver/Src/stm32l4xx_hal_pwr_ex.o
                0x000000000800b520                HAL_PWREx_GetVoltageRange
 .text.HAL_PWREx_ControlVoltageScaling
                0x000000000800b53c       0xac Drivers/STM32L4xx_HAL_Driver/Src/stm32l4xx_hal_pwr_ex.o
                0x000000000800b53c                HAL_PWREx_ControlVoltageScaling
 .text.HAL_PWREx_EnableVddUSB
                0x000000000800b5e8       0x20 Drivers/STM32L4xx_HAL_Driver/Src/stm32l4xx_hal_pwr_ex.o
                0x000000000800b5e8                HAL_PWREx_EnableVddUSB
 .text.HAL_QSPI_Init
                0x000000000800b608       0xec Drivers/STM32L4xx_HAL_Driver/Src/stm32l4xx_hal_qspi.o
                0x000000000800b608                HAL_QSPI_Init
 .text.HAL_QSPI_SetTimeout
                0x000000000800b6f4       0x1c Drivers/STM32L4xx_HAL_Driver/Src/stm32l4xx_hal_qspi.o
                0x000000000800b6f4                HAL_QSPI_SetTimeout
 .text.QSPI_WaitFlagStateUntilTimeout
                0x000000000800b710       0x6e Drivers/STM32L4xx_HAL_Driver/Src/stm32l4xx_hal_qspi.o
 *fill*         0x000000000800b77e        0x2 
 .text.HAL_RCC_OscConfig
                0x000000000800b780      0x7cc Drivers/STM32L4xx_HAL_Driver/Src/stm32l4xx_hal_rcc.o
                0x000000000800b780                HAL_RCC_OscConfig
 .text.HAL_RCC_ClockConfig
                0x000000000800bf4c      0x1c4 Drivers/STM32L4xx_HAL_Driver/Src/stm32l4xx_hal_rcc.o
                0x000000000800bf4c                HAL_RCC_ClockConfig
 .text.HAL_RCC_GetSysClockFreq
                0x000000000800c110      0x114 Drivers/STM32L4xx_HAL_Driver/Src/stm32l4xx_hal_rcc.o
                0x000000000800c110                HAL_RCC_GetSysClockFreq
 .text.HAL_RCC_GetHCLKFreq
                0x000000000800c224       0x18 Drivers/STM32L4xx_HAL_Driver/Src/stm32l4xx_hal_rcc.o
                0x000000000800c224                HAL_RCC_GetHCLKFreq
 .text.HAL_RCC_GetPCLK1Freq
                0x000000000800c23c       0x2c Drivers/STM32L4xx_HAL_Driver/Src/stm32l4xx_hal_rcc.o
                0x000000000800c23c                HAL_RCC_GetPCLK1Freq
 .text.HAL_RCC_GetPCLK2Freq
                0x000000000800c268       0x2c Drivers/STM32L4xx_HAL_Driver/Src/stm32l4xx_hal_rcc.o
                0x000000000800c268                HAL_RCC_GetPCLK2Freq
 .text.RCC_SetFlashLatencyFromMSIRange
                0x000000000800c294       0xc0 Drivers/STM32L4xx_HAL_Driver/Src/stm32l4xx_hal_rcc.o
 .text.HAL_RCCEx_PeriphCLKConfig
                0x000000000800c354      0x5cc Drivers/STM32L4xx_HAL_Driver/Src/stm32l4xx_hal_rcc_ex.o
                0x000000000800c354                HAL_RCCEx_PeriphCLKConfig
 .text.HAL_RCCEx_EnableMSIPLLMode
                0x000000000800c920       0x20 Drivers/STM32L4xx_HAL_Driver/Src/stm32l4xx_hal_rcc_ex.o
                0x000000000800c920                HAL_RCCEx_EnableMSIPLLMode
 .text.RCCEx_PLLSAI1_Config
                0x000000000800c940      0x1e0 Drivers/STM32L4xx_HAL_Driver/Src/stm32l4xx_hal_rcc_ex.o
 .text.RCCEx_PLLSAI2_Config
                0x000000000800cb20      0x1b4 Drivers/STM32L4xx_HAL_Driver/Src/stm32l4xx_hal_rcc_ex.o
 .text.HAL_SPI_Init
                0x000000000800ccd4      0x146 Drivers/STM32L4xx_HAL_Driver/Src/stm32l4xx_hal_spi.o
                0x000000000800ccd4                HAL_SPI_Init
 .text.HAL_SPI_DeInit
                0x000000000800ce1a       0x50 Drivers/STM32L4xx_HAL_Driver/Src/stm32l4xx_hal_spi.o
                0x000000000800ce1a                HAL_SPI_DeInit
 .text.HAL_SPI_Receive
                0x000000000800ce6a      0x260 Drivers/STM32L4xx_HAL_Driver/Src/stm32l4xx_hal_spi.o
                0x000000000800ce6a                HAL_SPI_Receive
 .text.HAL_SPI_TransmitReceive
                0x000000000800d0ca      0x426 Drivers/STM32L4xx_HAL_Driver/Src/stm32l4xx_hal_spi.o
                0x000000000800d0ca                HAL_SPI_TransmitReceive
 .text.HAL_SPI_Transmit_IT
                0x000000000800d4f0      0x11c Drivers/STM32L4xx_HAL_Driver/Src/stm32l4xx_hal_spi.o
                0x000000000800d4f0                HAL_SPI_Transmit_IT
 .text.HAL_SPI_Receive_IT
                0x000000000800d60c      0x160 Drivers/STM32L4xx_HAL_Driver/Src/stm32l4xx_hal_spi.o
                0x000000000800d60c                HAL_SPI_Receive_IT
 .text.HAL_SPI_TransmitReceive_IT
                0x000000000800d76c      0x160 Drivers/STM32L4xx_HAL_Driver/Src/stm32l4xx_hal_spi.o
                0x000000000800d76c                HAL_SPI_TransmitReceive_IT
 .text.HAL_SPI_IRQHandler
                0x000000000800d8cc      0x200 Drivers/STM32L4xx_HAL_Driver/Src/stm32l4xx_hal_spi.o
                0x000000000800d8cc                HAL_SPI_IRQHandler
 .text.HAL_SPI_TxRxCpltCallback
                0x000000000800dacc       0x14 Drivers/STM32L4xx_HAL_Driver/Src/stm32l4xx_hal_spi.o
                0x000000000800dacc                HAL_SPI_TxRxCpltCallback
 .text.HAL_SPI_ErrorCallback
                0x000000000800dae0       0x14 Drivers/STM32L4xx_HAL_Driver/Src/stm32l4xx_hal_spi.o
                0x000000000800dae0                HAL_SPI_ErrorCallback
 .text.SPI_DMAAbortOnError
                0x000000000800daf4       0x2a Drivers/STM32L4xx_HAL_Driver/Src/stm32l4xx_hal_spi.o
 .text.SPI_2linesRxISR_8BIT
                0x000000000800db1e       0xbe Drivers/STM32L4xx_HAL_Driver/Src/stm32l4xx_hal_spi.o
 .text.SPI_2linesTxISR_8BIT
                0x000000000800dbdc       0x92 Drivers/STM32L4xx_HAL_Driver/Src/stm32l4xx_hal_spi.o
 .text.SPI_2linesRxISR_16BIT
                0x000000000800dc6e       0x66 Drivers/STM32L4xx_HAL_Driver/Src/stm32l4xx_hal_spi.o
 .text.SPI_2linesTxISR_16BIT
                0x000000000800dcd4       0x60 Drivers/STM32L4xx_HAL_Driver/Src/stm32l4xx_hal_spi.o
 .text.SPI_RxISR_8BIT
                0x000000000800dd34       0x50 Drivers/STM32L4xx_HAL_Driver/Src/stm32l4xx_hal_spi.o
 .text.SPI_RxISR_16BIT
                0x000000000800dd84       0x4c Drivers/STM32L4xx_HAL_Driver/Src/stm32l4xx_hal_spi.o
 .text.SPI_TxISR_8BIT
                0x000000000800ddd0       0x46 Drivers/STM32L4xx_HAL_Driver/Src/stm32l4xx_hal_spi.o
 .text.SPI_TxISR_16BIT
                0x000000000800de16       0x44 Drivers/STM32L4xx_HAL_Driver/Src/stm32l4xx_hal_spi.o
 *fill*         0x000000000800de5a        0x2 
 .text.SPI_WaitFlagStateUntilTimeout
                0x000000000800de5c      0x110 Drivers/STM32L4xx_HAL_Driver/Src/stm32l4xx_hal_spi.o
 .text.SPI_WaitFifoStateUntilTimeout
                0x000000000800df6c      0x11c Drivers/STM32L4xx_HAL_Driver/Src/stm32l4xx_hal_spi.o
 .text.SPI_EndRxTransaction
                0x000000000800e088       0xb0 Drivers/STM32L4xx_HAL_Driver/Src/stm32l4xx_hal_spi.o
 .text.SPI_EndRxTxTransaction
                0x000000000800e138       0x8c Drivers/STM32L4xx_HAL_Driver/Src/stm32l4xx_hal_spi.o
 .text.SPI_CloseRxTx_ISR
                0x000000000800e1c4       0x84 Drivers/STM32L4xx_HAL_Driver/Src/stm32l4xx_hal_spi.o
 .text.SPI_CloseRx_ISR
                0x000000000800e248       0x60 Drivers/STM32L4xx_HAL_Driver/Src/stm32l4xx_hal_spi.o
 .text.SPI_CloseTx_ISR
                0x000000000800e2a8       0x7e Drivers/STM32L4xx_HAL_Driver/Src/stm32l4xx_hal_spi.o
 .text.HAL_UART_Init
                0x000000000800e326       0x9c Drivers/STM32L4xx_HAL_Driver/Src/stm32l4xx_hal_uart.o
                0x000000000800e326                HAL_UART_Init
 .text.HAL_UART_Transmit
                0x000000000800e3c2      0x126 Drivers/STM32L4xx_HAL_Driver/Src/stm32l4xx_hal_uart.o
                0x000000000800e3c2                HAL_UART_Transmit
 .text.UART_SetConfig
                0x000000000800e4e8      0x514 Drivers/STM32L4xx_HAL_Driver/Src/stm32l4xx_hal_uart.o
                0x000000000800e4e8                UART_SetConfig
 .text.UART_AdvFeatureConfig
                0x000000000800e9fc      0x144 Drivers/STM32L4xx_HAL_Driver/Src/stm32l4xx_hal_uart.o
                0x000000000800e9fc                UART_AdvFeatureConfig
 .text.UART_CheckIdleState
                0x000000000800eb40       0x8a Drivers/STM32L4xx_HAL_Driver/Src/stm32l4xx_hal_uart.o
                0x000000000800eb40                UART_CheckIdleState
 .text.UART_WaitOnFlagUntilTimeout
                0x000000000800ebca       0xf6 Drivers/STM32L4xx_HAL_Driver/Src/stm32l4xx_hal_uart.o
                0x000000000800ebca                UART_WaitOnFlagUntilTimeout
 .text.USB_CoreInit
                0x000000000800ecc0       0xa4 Drivers/STM32L4xx_HAL_Driver/Src/stm32l4xx_ll_usb.o
                0x000000000800ecc0                USB_CoreInit
 .text.USB_DisableGlobalInt
                0x000000000800ed64       0x22 Drivers/STM32L4xx_HAL_Driver/Src/stm32l4xx_ll_usb.o
                0x000000000800ed64                USB_DisableGlobalInt
 .text.USB_SetCurrentMode
                0x000000000800ed86       0x54 Drivers/STM32L4xx_HAL_Driver/Src/stm32l4xx_ll_usb.o
                0x000000000800ed86                USB_SetCurrentMode
 *fill*         0x000000000800edda        0x2 
 .text.USB_DevInit
                0x000000000800eddc      0x298 Drivers/STM32L4xx_HAL_Driver/Src/stm32l4xx_ll_usb.o
                0x000000000800eddc                USB_DevInit
 .text.USB_FlushTxFifo
                0x000000000800f074       0x4c Drivers/STM32L4xx_HAL_Driver/Src/stm32l4xx_ll_usb.o
                0x000000000800f074                USB_FlushTxFifo
 .text.USB_FlushRxFifo
                0x000000000800f0c0       0x44 Drivers/STM32L4xx_HAL_Driver/Src/stm32l4xx_ll_usb.o
                0x000000000800f0c0                USB_FlushRxFifo
 .text.USB_SetDevSpeed
                0x000000000800f104       0x32 Drivers/STM32L4xx_HAL_Driver/Src/stm32l4xx_ll_usb.o
                0x000000000800f104                USB_SetDevSpeed
 .text.USB_DevDisconnect
                0x000000000800f136       0x42 Drivers/STM32L4xx_HAL_Driver/Src/stm32l4xx_ll_usb.o
                0x000000000800f136                USB_DevDisconnect
 .text.USB_CoreReset
                0x000000000800f178       0x68 Drivers/STM32L4xx_HAL_Driver/Src/stm32l4xx_ll_usb.o
 .text.SVC_Setup
                0x000000000800f1e0        0xe Middlewares/Third_Party/FreeRTOS/Source/CMSIS_RTOS_V2/cmsis_os2.o
 *fill*         0x000000000800f1ee        0x2 
 .text.osKernelInitialize
                0x000000000800f1f0       0x68 Middlewares/Third_Party/FreeRTOS/Source/CMSIS_RTOS_V2/cmsis_os2.o
                0x000000000800f1f0                osKernelInitialize
 .text.osKernelStart
                0x000000000800f258       0x6c Middlewares/Third_Party/FreeRTOS/Source/CMSIS_RTOS_V2/cmsis_os2.o
                0x000000000800f258                osKernelStart
 .text.osThreadNew
                0x000000000800f2c4      0x14c Middlewares/Third_Party/FreeRTOS/Source/CMSIS_RTOS_V2/cmsis_os2.o
                0x000000000800f2c4                osThreadNew
 .text.osDelay  0x000000000800f410       0x5c Middlewares/Third_Party/FreeRTOS/Source/CMSIS_RTOS_V2/cmsis_os2.o
                0x000000000800f410                osDelay
 .text.osSemaphoreNew
                0x000000000800f46c      0x13c Middlewares/Third_Party/FreeRTOS/Source/CMSIS_RTOS_V2/cmsis_os2.o
                0x000000000800f46c                osSemaphoreNew
 .text.osSemaphoreAcquire
                0x000000000800f5a8       0xcc Middlewares/Third_Party/FreeRTOS/Source/CMSIS_RTOS_V2/cmsis_os2.o
                0x000000000800f5a8                osSemaphoreAcquire
 .text.osSemaphoreRelease
                0x000000000800f674       0xb0 Middlewares/Third_Party/FreeRTOS/Source/CMSIS_RTOS_V2/cmsis_os2.o
                0x000000000800f674                osSemaphoreRelease
 .text.vApplicationGetIdleTaskMemory
                0x000000000800f724       0x34 Middlewares/Third_Party/FreeRTOS/Source/CMSIS_RTOS_V2/cmsis_os2.o
                0x000000000800f724                vApplicationGetIdleTaskMemory
 .text.vApplicationGetTimerTaskMemory
                0x000000000800f758       0x34 Middlewares/Third_Party/FreeRTOS/Source/CMSIS_RTOS_V2/cmsis_os2.o
                0x000000000800f758                vApplicationGetTimerTaskMemory
 .text.vListInitialise
                0x000000000800f78c       0x40 Middlewares/Third_Party/FreeRTOS/Source/list.o
                0x000000000800f78c                vListInitialise
 .text.vListInitialiseItem
                0x000000000800f7cc       0x1a Middlewares/Third_Party/FreeRTOS/Source/list.o
                0x000000000800f7cc                vListInitialiseItem
 .text.vListInsertEnd
                0x000000000800f7e6       0x48 Middlewares/Third_Party/FreeRTOS/Source/list.o
                0x000000000800f7e6                vListInsertEnd
 .text.vListInsert
                0x000000000800f82e       0x72 Middlewares/Third_Party/FreeRTOS/Source/list.o
                0x000000000800f82e                vListInsert
 .text.uxListRemove
                0x000000000800f8a0       0x54 Middlewares/Third_Party/FreeRTOS/Source/list.o
                0x000000000800f8a0                uxListRemove
 .text.xQueueGenericReset
                0x000000000800f8f4       0xd0 Middlewares/Third_Party/FreeRTOS/Source/queue.o
                0x000000000800f8f4                xQueueGenericReset
 .text.xQueueGenericCreateStatic
                0x000000000800f9c4       0xe6 Middlewares/Third_Party/FreeRTOS/Source/queue.o
                0x000000000800f9c4                xQueueGenericCreateStatic
 .text.xQueueGenericCreate
                0x000000000800faaa       0x7e Middlewares/Third_Party/FreeRTOS/Source/queue.o
                0x000000000800faaa                xQueueGenericCreate
 .text.prvInitialiseNewQueue
                0x000000000800fb28       0x46 Middlewares/Third_Party/FreeRTOS/Source/queue.o
 .text.xQueueCreateCountingSemaphoreStatic
                0x000000000800fb6e       0x6a Middlewares/Third_Party/FreeRTOS/Source/queue.o
                0x000000000800fb6e                xQueueCreateCountingSemaphoreStatic
 .text.xQueueCreateCountingSemaphore
                0x000000000800fbd8       0x62 Middlewares/Third_Party/FreeRTOS/Source/queue.o
                0x000000000800fbd8                xQueueCreateCountingSemaphore
 *fill*         0x000000000800fc3a        0x2 
 .text.xQueueGenericSend
                0x000000000800fc3c      0x1f4 Middlewares/Third_Party/FreeRTOS/Source/queue.o
                0x000000000800fc3c                xQueueGenericSend
 .text.xQueueGenericSendFromISR
                0x000000000800fe30      0x128 Middlewares/Third_Party/FreeRTOS/Source/queue.o
                0x000000000800fe30                xQueueGenericSendFromISR
 .text.xQueueGiveFromISR
                0x000000000800ff58      0x112 Middlewares/Third_Party/FreeRTOS/Source/queue.o
                0x000000000800ff58                xQueueGiveFromISR
 *fill*         0x000000000801006a        0x2 
 .text.xQueueReceive
                0x000000000801006c      0x1b8 Middlewares/Third_Party/FreeRTOS/Source/queue.o
                0x000000000801006c                xQueueReceive
 .text.xQueueSemaphoreTake
                0x0000000008010224      0x210 Middlewares/Third_Party/FreeRTOS/Source/queue.o
                0x0000000008010224                xQueueSemaphoreTake
 .text.xQueueReceiveFromISR
                0x0000000008010434       0xfa Middlewares/Third_Party/FreeRTOS/Source/queue.o
                0x0000000008010434                xQueueReceiveFromISR
 .text.vQueueDelete
                0x000000000801052e       0x44 Middlewares/Third_Party/FreeRTOS/Source/queue.o
                0x000000000801052e                vQueueDelete
 .text.prvGetDisinheritPriorityAfterTimeout
                0x0000000008010572       0x30 Middlewares/Third_Party/FreeRTOS/Source/queue.o
 .text.prvCopyDataToQueue
                0x00000000080105a2       0xd4 Middlewares/Third_Party/FreeRTOS/Source/queue.o
 .text.prvCopyDataFromQueue
                0x0000000008010676       0x4c Middlewares/Third_Party/FreeRTOS/Source/queue.o
 .text.prvUnlockQueue
                0x00000000080106c2       0xa4 Middlewares/Third_Party/FreeRTOS/Source/queue.o
 .text.prvIsQueueEmpty
                0x0000000008010766       0x2c Middlewares/Third_Party/FreeRTOS/Source/queue.o
 .text.prvIsQueueFull
                0x0000000008010792       0x30 Middlewares/Third_Party/FreeRTOS/Source/queue.o
 *fill*         0x00000000080107c2        0x2 
 .text.vQueueAddToRegistry
                0x00000000080107c4       0x50 Middlewares/Third_Party/FreeRTOS/Source/queue.o
                0x00000000080107c4                vQueueAddToRegistry
 .text.vQueueUnregisterQueue
                0x0000000008010814       0x54 Middlewares/Third_Party/FreeRTOS/Source/queue.o
                0x0000000008010814                vQueueUnregisterQueue
 .text.vQueueWaitForMessageRestricted
                0x0000000008010868       0x68 Middlewares/Third_Party/FreeRTOS/Source/queue.o
                0x0000000008010868                vQueueWaitForMessageRestricted
 .text.xTaskCreateStatic
                0x00000000080108d0       0xb4 Middlewares/Third_Party/FreeRTOS/Source/tasks.o
                0x00000000080108d0                xTaskCreateStatic
 .text.xTaskCreate
                0x0000000008010984       0x8a Middlewares/Third_Party/FreeRTOS/Source/tasks.o
                0x0000000008010984                xTaskCreate
 .text.prvInitialiseNewTask
                0x0000000008010a0e      0x11c Middlewares/Third_Party/FreeRTOS/Source/tasks.o
 *fill*         0x0000000008010b2a        0x2 
 .text.prvAddNewTaskToReadyList
                0x0000000008010b2c       0xe0 Middlewares/Third_Party/FreeRTOS/Source/tasks.o
 .text.vTaskDelay
                0x0000000008010c0c       0x68 Middlewares/Third_Party/FreeRTOS/Source/tasks.o
                0x0000000008010c0c                vTaskDelay
 .text.vTaskStartScheduler
                0x0000000008010c74       0xc8 Middlewares/Third_Party/FreeRTOS/Source/tasks.o
                0x0000000008010c74                vTaskStartScheduler
 .text.vTaskSuspendAll
                0x0000000008010d3c       0x1c Middlewares/Third_Party/FreeRTOS/Source/tasks.o
                0x0000000008010d3c                vTaskSuspendAll
 .text.xTaskResumeAll
                0x0000000008010d58      0x138 Middlewares/Third_Party/FreeRTOS/Source/tasks.o
                0x0000000008010d58                xTaskResumeAll
 .text.xTaskGetTickCount
                0x0000000008010e90       0x20 Middlewares/Third_Party/FreeRTOS/Source/tasks.o
                0x0000000008010e90                xTaskGetTickCount
 .text.xTaskIncrementTick
                0x0000000008010eb0      0x170 Middlewares/Third_Party/FreeRTOS/Source/tasks.o
                0x0000000008010eb0                xTaskIncrementTick
 .text.vTaskSwitchContext
                0x0000000008011020       0xb8 Middlewares/Third_Party/FreeRTOS/Source/tasks.o
                0x0000000008011020                vTaskSwitchContext
 .text.vTaskPlaceOnEventList
                0x00000000080110d8       0x48 Middlewares/Third_Party/FreeRTOS/Source/tasks.o
                0x00000000080110d8                vTaskPlaceOnEventList
 .text.vTaskPlaceOnEventListRestricted
                0x0000000008011120       0x54 Middlewares/Third_Party/FreeRTOS/Source/tasks.o
                0x0000000008011120                vTaskPlaceOnEventListRestricted
 .text.xTaskRemoveFromEventList
                0x0000000008011174       0xc4 Middlewares/Third_Party/FreeRTOS/Source/tasks.o
                0x0000000008011174                xTaskRemoveFromEventList
 .text.vTaskInternalSetTimeOutState
                0x0000000008011238       0x2c Middlewares/Third_Party/FreeRTOS/Source/tasks.o
                0x0000000008011238                vTaskInternalSetTimeOutState
 .text.xTaskCheckForTimeOut
                0x0000000008011264       0xc0 Middlewares/Third_Party/FreeRTOS/Source/tasks.o
                0x0000000008011264                xTaskCheckForTimeOut
 .text.vTaskMissedYield
                0x0000000008011324       0x18 Middlewares/Third_Party/FreeRTOS/Source/tasks.o
                0x0000000008011324                vTaskMissedYield
 .text.prvIdleTask
                0x000000000801133c       0x30 Middlewares/Third_Party/FreeRTOS/Source/tasks.o
 .text.prvInitialiseTaskLists
                0x000000000801136c       0x80 Middlewares/Third_Party/FreeRTOS/Source/tasks.o
 .text.prvCheckTasksWaitingTermination
                0x00000000080113ec       0x58 Middlewares/Third_Party/FreeRTOS/Source/tasks.o
 .text.prvDeleteTCB
                0x0000000008011444       0x5c Middlewares/Third_Party/FreeRTOS/Source/tasks.o
 .text.prvResetNextTaskUnblockTime
                0x00000000080114a0       0x40 Middlewares/Third_Party/FreeRTOS/Source/tasks.o
 .text.xTaskGetSchedulerState
                0x00000000080114e0       0x3c Middlewares/Third_Party/FreeRTOS/Source/tasks.o
                0x00000000080114e0                xTaskGetSchedulerState
 .text.xTaskPriorityInherit
                0x000000000801151c       0xd0 Middlewares/Third_Party/FreeRTOS/Source/tasks.o
                0x000000000801151c                xTaskPriorityInherit
 .text.xTaskPriorityDisinherit
                0x00000000080115ec       0xd8 Middlewares/Third_Party/FreeRTOS/Source/tasks.o
                0x00000000080115ec                xTaskPriorityDisinherit
 .text.vTaskPriorityDisinheritAfterTimeout
                0x00000000080116c4      0x100 Middlewares/Third_Party/FreeRTOS/Source/tasks.o
                0x00000000080116c4                vTaskPriorityDisinheritAfterTimeout
 .text.pvTaskIncrementMutexHeldCount
                0x00000000080117c4       0x28 Middlewares/Third_Party/FreeRTOS/Source/tasks.o
                0x00000000080117c4                pvTaskIncrementMutexHeldCount
 .text.prvAddCurrentTaskToDelayedList
                0x00000000080117ec       0xa8 Middlewares/Third_Party/FreeRTOS/Source/tasks.o
 .text.xTimerCreateTimerTask
                0x0000000008011894       0x90 Middlewares/Third_Party/FreeRTOS/Source/timers.o
                0x0000000008011894                xTimerCreateTimerTask
 .text.xTimerGenericCommand
                0x0000000008011924       0x98 Middlewares/Third_Party/FreeRTOS/Source/timers.o
                0x0000000008011924                xTimerGenericCommand
 .text.prvProcessExpiredTimer
                0x00000000080119bc       0x98 Middlewares/Third_Party/FreeRTOS/Source/timers.o
 .text.prvTimerTask
                0x0000000008011a54       0x24 Middlewares/Third_Party/FreeRTOS/Source/timers.o
 .text.prvProcessTimerOrBlockTask
                0x0000000008011a78       0x9c Middlewares/Third_Party/FreeRTOS/Source/timers.o
 .text.prvGetNextExpireTime
                0x0000000008011b14       0x48 Middlewares/Third_Party/FreeRTOS/Source/timers.o
 .text.prvSampleTimeNow
                0x0000000008011b5c       0x40 Middlewares/Third_Party/FreeRTOS/Source/timers.o
 .text.prvInsertTimerInActiveList
                0x0000000008011b9c       0x84 Middlewares/Third_Party/FreeRTOS/Source/timers.o
 .text.prvProcessReceivedCommands
                0x0000000008011c20      0x1b8 Middlewares/Third_Party/FreeRTOS/Source/timers.o
 .text.prvSwitchTimerLists
                0x0000000008011dd8       0xc8 Middlewares/Third_Party/FreeRTOS/Source/timers.o
 .text.prvCheckForValidListAndQueue
                0x0000000008011ea0       0x80 Middlewares/Third_Party/FreeRTOS/Source/timers.o
 .text.pxPortInitialiseStack
                0x0000000008011f20       0x68 Middlewares/Third_Party/FreeRTOS/Source/portable/GCC/ARM_CM4F/port.o
                0x0000000008011f20                pxPortInitialiseStack
 .text.prvTaskExitError
                0x0000000008011f88       0x54 Middlewares/Third_Party/FreeRTOS/Source/portable/GCC/ARM_CM4F/port.o
 *fill*         0x0000000008011fdc        0x4 
 .text.SVC_Handler
                0x0000000008011fe0       0x28 Middlewares/Third_Party/FreeRTOS/Source/portable/GCC/ARM_CM4F/port.o
                0x0000000008011fe0                SVC_Handler
 .text.prvPortStartFirstTask
                0x0000000008012008       0x28 Middlewares/Third_Party/FreeRTOS/Source/portable/GCC/ARM_CM4F/port.o
 .text.xPortStartScheduler
                0x0000000008012030      0x13c Middlewares/Third_Party/FreeRTOS/Source/portable/GCC/ARM_CM4F/port.o
                0x0000000008012030                xPortStartScheduler
 .text.vPortEnterCritical
                0x000000000801216c       0x5c Middlewares/Third_Party/FreeRTOS/Source/portable/GCC/ARM_CM4F/port.o
                0x000000000801216c                vPortEnterCritical
 .text.vPortExitCritical
                0x00000000080121c8       0x50 Middlewares/Third_Party/FreeRTOS/Source/portable/GCC/ARM_CM4F/port.o
                0x00000000080121c8                vPortExitCritical
 *fill*         0x0000000008012218        0x8 
 .text.PendSV_Handler
                0x0000000008012220       0x68 Middlewares/Third_Party/FreeRTOS/Source/portable/GCC/ARM_CM4F/port.o
                0x0000000008012220                PendSV_Handler
 .text.xPortSysTickHandler
                0x0000000008012288       0x40 Middlewares/Third_Party/FreeRTOS/Source/portable/GCC/ARM_CM4F/port.o
                0x0000000008012288                xPortSysTickHandler
 .text.vPortSetupTimerInterrupt
                0x00000000080122c8       0x48 Middlewares/Third_Party/FreeRTOS/Source/portable/GCC/ARM_CM4F/port.o
                0x00000000080122c8                vPortSetupTimerInterrupt
 .text.vPortEnableVFP
                0x0000000008012310       0x14 Middlewares/Third_Party/FreeRTOS/Source/portable/GCC/ARM_CM4F/port.o
 .text.vPortValidateInterruptPriority
                0x0000000008012324       0x7c Middlewares/Third_Party/FreeRTOS/Source/portable/GCC/ARM_CM4F/port.o
                0x0000000008012324                vPortValidateInterruptPriority
 .text.pvPortMalloc
                0x00000000080123a0      0x184 Middlewares/Third_Party/FreeRTOS/Source/portable/MemMang/heap_4.o
                0x00000000080123a0                pvPortMalloc
 .text.vPortFree
                0x0000000008012524       0xb0 Middlewares/Third_Party/FreeRTOS/Source/portable/MemMang/heap_4.o
                0x0000000008012524                vPortFree
 .text.prvHeapInit
                0x00000000080125d4       0xc4 Middlewares/Third_Party/FreeRTOS/Source/portable/MemMang/heap_4.o
 .text.prvInsertBlockIntoFreeList
                0x0000000008012698       0xb4 Middlewares/Third_Party/FreeRTOS/Source/portable/MemMang/heap_4.o
 .text.atoi     0x000000000801274c        0x8 c:/st/stm32cubeide_1.4.0/stm32cubeide/plugins/com.st.stm32cube.ide.mcu.externaltools.gnu-tools-for-stm32.7-2018-q2-update.win32_1.4.0.202007081208/tools/bin/../lib/gcc/arm-none-eabi/7.3.1/../../../../arm-none-eabi/lib/thumb/v7e-m/fpv4-sp/hard\libc_nano.a(lib_a-atoi.o)
                0x000000000801274c                atoi
 .text.__errno  0x0000000008012754        0xc c:/st/stm32cubeide_1.4.0/stm32cubeide/plugins/com.st.stm32cube.ide.mcu.externaltools.gnu-tools-for-stm32.7-2018-q2-update.win32_1.4.0.202007081208/tools/bin/../lib/gcc/arm-none-eabi/7.3.1/../../../../arm-none-eabi/lib/thumb/v7e-m/fpv4-sp/hard\libc_nano.a(lib_a-errno.o)
                0x0000000008012754                __errno
 .text.__libc_init_array
                0x0000000008012760       0x48 c:/st/stm32cubeide_1.4.0/stm32cubeide/plugins/com.st.stm32cube.ide.mcu.externaltools.gnu-tools-for-stm32.7-2018-q2-update.win32_1.4.0.202007081208/tools/bin/../lib/gcc/arm-none-eabi/7.3.1/../../../../arm-none-eabi/lib/thumb/v7e-m/fpv4-sp/hard\libc_nano.a(lib_a-init.o)
                0x0000000008012760                __libc_init_array
 .text.memcmp   0x00000000080127a8       0x1e c:/st/stm32cubeide_1.4.0/stm32cubeide/plugins/com.st.stm32cube.ide.mcu.externaltools.gnu-tools-for-stm32.7-2018-q2-update.win32_1.4.0.202007081208/tools/bin/../lib/gcc/arm-none-eabi/7.3.1/../../../../arm-none-eabi/lib/thumb/v7e-m/fpv4-sp/hard\libc_nano.a(lib_a-memcmp.o)
                0x00000000080127a8                memcmp
 .text.memcpy   0x00000000080127c6       0x16 c:/st/stm32cubeide_1.4.0/stm32cubeide/plugins/com.st.stm32cube.ide.mcu.externaltools.gnu-tools-for-stm32.7-2018-q2-update.win32_1.4.0.202007081208/tools/bin/../lib/gcc/arm-none-eabi/7.3.1/../../../../arm-none-eabi/lib/thumb/v7e-m/fpv4-sp/hard\libc_nano.a(lib_a-memcpy-stub.o)
                0x00000000080127c6                memcpy
 .text.memset   0x00000000080127dc       0x10 c:/st/stm32cubeide_1.4.0/stm32cubeide/plugins/com.st.stm32cube.ide.mcu.externaltools.gnu-tools-for-stm32.7-2018-q2-update.win32_1.4.0.202007081208/tools/bin/../lib/gcc/arm-none-eabi/7.3.1/../../../../arm-none-eabi/lib/thumb/v7e-m/fpv4-sp/hard\libc_nano.a(lib_a-memset.o)
                0x00000000080127dc                memset
 .text.printf   0x00000000080127ec       0x30 c:/st/stm32cubeide_1.4.0/stm32cubeide/plugins/com.st.stm32cube.ide.mcu.externaltools.gnu-tools-for-stm32.7-2018-q2-update.win32_1.4.0.202007081208/tools/bin/../lib/gcc/arm-none-eabi/7.3.1/../../../../arm-none-eabi/lib/thumb/v7e-m/fpv4-sp/hard\libc_nano.a(lib_a-printf.o)
                0x00000000080127ec                iprintf
                0x00000000080127ec                printf
 .text._puts_r  0x000000000801281c       0xb8 c:/st/stm32cubeide_1.4.0/stm32cubeide/plugins/com.st.stm32cube.ide.mcu.externaltools.gnu-tools-for-stm32.7-2018-q2-update.win32_1.4.0.202007081208/tools/bin/../lib/gcc/arm-none-eabi/7.3.1/../../../../arm-none-eabi/lib/thumb/v7e-m/fpv4-sp/hard\libc_nano.a(lib_a-puts.o)
                0x000000000801281c                _puts_r
 .text.puts     0x00000000080128d4       0x10 c:/st/stm32cubeide_1.4.0/stm32cubeide/plugins/com.st.stm32cube.ide.mcu.externaltools.gnu-tools-for-stm32.7-2018-q2-update.win32_1.4.0.202007081208/tools/bin/../lib/gcc/arm-none-eabi/7.3.1/../../../../arm-none-eabi/lib/thumb/v7e-m/fpv4-sp/hard\libc_nano.a(lib_a-puts.o)
                0x00000000080128d4                puts
 .text.snprintf
                0x00000000080128e4       0x68 c:/st/stm32cubeide_1.4.0/stm32cubeide/plugins/com.st.stm32cube.ide.mcu.externaltools.gnu-tools-for-stm32.7-2018-q2-update.win32_1.4.0.202007081208/tools/bin/../lib/gcc/arm-none-eabi/7.3.1/../../../../arm-none-eabi/lib/thumb/v7e-m/fpv4-sp/hard\libc_nano.a(lib_a-snprintf.o)
                0x00000000080128e4                sniprintf
                0x00000000080128e4                snprintf
 .text.sprintf  0x000000000801294c       0x40 c:/st/stm32cubeide_1.4.0/stm32cubeide/plugins/com.st.stm32cube.ide.mcu.externaltools.gnu-tools-for-stm32.7-2018-q2-update.win32_1.4.0.202007081208/tools/bin/../lib/gcc/arm-none-eabi/7.3.1/../../../../arm-none-eabi/lib/thumb/v7e-m/fpv4-sp/hard\libc_nano.a(lib_a-sprintf.o)
                0x000000000801294c                siprintf
                0x000000000801294c                sprintf
 .text.strcpy   0x000000000801298c       0x10 c:/st/stm32cubeide_1.4.0/stm32cubeide/plugins/com.st.stm32cube.ide.mcu.externaltools.gnu-tools-for-stm32.7-2018-q2-update.win32_1.4.0.202007081208/tools/bin/../lib/gcc/arm-none-eabi/7.3.1/../../../../arm-none-eabi/lib/thumb/v7e-m/fpv4-sp/hard\libc_nano.a(lib_a-strcpy.o)
                0x000000000801298c                strcpy
 .text.strncpy  0x000000000801299c       0x2a c:/st/stm32cubeide_1.4.0/stm32cubeide/plugins/com.st.stm32cube.ide.mcu.externaltools.gnu-tools-for-stm32.7-2018-q2-update.win32_1.4.0.202007081208/tools/bin/../lib/gcc/arm-none-eabi/7.3.1/../../../../arm-none-eabi/lib/thumb/v7e-m/fpv4-sp/hard\libc_nano.a(lib_a-strncpy.o)
                0x000000000801299c                strncpy
 .text.strstr   0x00000000080129c6       0x34 c:/st/stm32cubeide_1.4.0/stm32cubeide/plugins/com.st.stm32cube.ide.mcu.externaltools.gnu-tools-for-stm32.7-2018-q2-update.win32_1.4.0.202007081208/tools/bin/../lib/gcc/arm-none-eabi/7.3.1/../../../../arm-none-eabi/lib/thumb/v7e-m/fpv4-sp/hard\libc_nano.a(lib_a-strstr.o)
                0x00000000080129c6                strstr
 *fill*         0x00000000080129fa        0x2 
 .text.strtok   0x00000000080129fc       0x54 c:/st/stm32cubeide_1.4.0/stm32cubeide/plugins/com.st.stm32cube.ide.mcu.externaltools.gnu-tools-for-stm32.7-2018-q2-update.win32_1.4.0.202007081208/tools/bin/../lib/gcc/arm-none-eabi/7.3.1/../../../../arm-none-eabi/lib/thumb/v7e-m/fpv4-sp/hard\libc_nano.a(lib_a-strtok.o)
                0x00000000080129fc                strtok
 .text.__strtok_r
                0x0000000008012a50       0x54 c:/st/stm32cubeide_1.4.0/stm32cubeide/plugins/com.st.stm32cube.ide.mcu.externaltools.gnu-tools-for-stm32.7-2018-q2-update.win32_1.4.0.202007081208/tools/bin/../lib/gcc/arm-none-eabi/7.3.1/../../../../arm-none-eabi/lib/thumb/v7e-m/fpv4-sp/hard\libc_nano.a(lib_a-strtok_r.o)
                0x0000000008012a50                __strtok_r
 .text._strtol_l.isra.0
                0x0000000008012aa4       0xf6 c:/st/stm32cubeide_1.4.0/stm32cubeide/plugins/com.st.stm32cube.ide.mcu.externaltools.gnu-tools-for-stm32.7-2018-q2-update.win32_1.4.0.202007081208/tools/bin/../lib/gcc/arm-none-eabi/7.3.1/../../../../arm-none-eabi/lib/thumb/v7e-m/fpv4-sp/hard\libc_nano.a(lib_a-strtol.o)
 *fill*         0x0000000008012b9a        0x2 
 .text.strtol   0x0000000008012b9c       0x2c c:/st/stm32cubeide_1.4.0/stm32cubeide/plugins/com.st.stm32cube.ide.mcu.externaltools.gnu-tools-for-stm32.7-2018-q2-update.win32_1.4.0.202007081208/tools/bin/../lib/gcc/arm-none-eabi/7.3.1/../../../../arm-none-eabi/lib/thumb/v7e-m/fpv4-sp/hard\libc_nano.a(lib_a-strtol.o)
                0x0000000008012b9c                strtol
 .text.__swbuf_r
                0x0000000008012bc8       0xa4 c:/st/stm32cubeide_1.4.0/stm32cubeide/plugins/com.st.stm32cube.ide.mcu.externaltools.gnu-tools-for-stm32.7-2018-q2-update.win32_1.4.0.202007081208/tools/bin/../lib/gcc/arm-none-eabi/7.3.1/../../../../arm-none-eabi/lib/thumb/v7e-m/fpv4-sp/hard\libc_nano.a(lib_a-wbuf.o)
                0x0000000008012bc8                __swbuf_r
 .text.__swsetup_r
                0x0000000008012c6c       0xdc c:/st/stm32cubeide_1.4.0/stm32cubeide/plugins/com.st.stm32cube.ide.mcu.externaltools.gnu-tools-for-stm32.7-2018-q2-update.win32_1.4.0.202007081208/tools/bin/../lib/gcc/arm-none-eabi/7.3.1/../../../../arm-none-eabi/lib/thumb/v7e-m/fpv4-sp/hard\libc_nano.a(lib_a-wsetup.o)
                0x0000000008012c6c                __swsetup_r
 .text.__sflush_r
                0x0000000008012d48      0x10c c:/st/stm32cubeide_1.4.0/stm32cubeide/plugins/com.st.stm32cube.ide.mcu.externaltools.gnu-tools-for-stm32.7-2018-q2-update.win32_1.4.0.202007081208/tools/bin/../lib/gcc/arm-none-eabi/7.3.1/../../../../arm-none-eabi/lib/thumb/v7e-m/fpv4-sp/hard\libc_nano.a(lib_a-fflush.o)
                0x0000000008012d48                __sflush_r
 .text._fflush_r
                0x0000000008012e54       0x54 c:/st/stm32cubeide_1.4.0/stm32cubeide/plugins/com.st.stm32cube.ide.mcu.externaltools.gnu-tools-for-stm32.7-2018-q2-update.win32_1.4.0.202007081208/tools/bin/../lib/gcc/arm-none-eabi/7.3.1/../../../../arm-none-eabi/lib/thumb/v7e-m/fpv4-sp/hard\libc_nano.a(lib_a-fflush.o)
                0x0000000008012e54                _fflush_r
 .text.std      0x0000000008012ea8       0x48 c:/st/stm32cubeide_1.4.0/stm32cubeide/plugins/com.st.stm32cube.ide.mcu.externaltools.gnu-tools-for-stm32.7-2018-q2-update.win32_1.4.0.202007081208/tools/bin/../lib/gcc/arm-none-eabi/7.3.1/../../../../arm-none-eabi/lib/thumb/v7e-m/fpv4-sp/hard\libc_nano.a(lib_a-findfp.o)
 .text._cleanup_r
                0x0000000008012ef0        0xc c:/st/stm32cubeide_1.4.0/stm32cubeide/plugins/com.st.stm32cube.ide.mcu.externaltools.gnu-tools-for-stm32.7-2018-q2-update.win32_1.4.0.202007081208/tools/bin/../lib/gcc/arm-none-eabi/7.3.1/../../../../arm-none-eabi/lib/thumb/v7e-m/fpv4-sp/hard\libc_nano.a(lib_a-findfp.o)
                0x0000000008012ef0                _cleanup_r
 .text.__sfmoreglue
                0x0000000008012efc       0x2c c:/st/stm32cubeide_1.4.0/stm32cubeide/plugins/com.st.stm32cube.ide.mcu.externaltools.gnu-tools-for-stm32.7-2018-q2-update.win32_1.4.0.202007081208/tools/bin/../lib/gcc/arm-none-eabi/7.3.1/../../../../arm-none-eabi/lib/thumb/v7e-m/fpv4-sp/hard\libc_nano.a(lib_a-findfp.o)
                0x0000000008012efc                __sfmoreglue