main.c:258:6:inizialize	16	static
main.c:301:5:main	8	static
main.c:383:6:SystemClock_Config	232	static
main.c:462:1:__io_putchar	16	static
main.c:478:13:MX_DFSDM1_Init	8	static
main.c:516:13:MX_I2C2_Init	8	static
main.c:562:13:MX_QUADSPI_Init	8	static
main.c:595:13:MX_SPI3_Init	8	static
main.c:635:13:MX_USART1_UART_Init	8	static
main.c:670:13:MX_USART3_UART_Init	8	static
main.c:705:13:MX_USB_OTG_FS_PCD_Init	8	static
main.c:740:13:MX_GPIO_Init	48	static
main.c:928:13:VL53L0X_PROXIMITY_Init	496	static
main.c:971:17:VL53L0X_PROXIMITY_GetDistance	40	static
main.c:980:13:VL53L0X_PROXIMITY_MspInit	32	static
main.c:1003:6:controlla_valori_telefono	152	static
main.c:1174:6:StartDefaultTask	16	static
main.c:1190:6:stampa	144	static
main.c:1250:6:StartTask02	16	static
main.c:1262:6:aggiorna_contatore	24	static
main.c:1280:6:Proximity_Test	16	static
main.c:1298:6:stampaDewpoint	72	static
main.c:1316:6:StartDewpointTask	16	static
main.c:1328:6:computeAndUpdate	24	static
main.c:1366:6:ComputeStatistics	16	static
main.c:1376:6:checkAndPrint	144	static
main.c:1428:6:SerialPrint	16	static
main.c:1444:6:Error_Handler	4	static
main.c:1470:6:HAL_GPIO_EXTI_Callback	16	static
main.c:1493:6:SPI3_IRQHandler	8	static
