main.c:258:6:inizialize	16	static
main.c:301:5:main	8	static
main.c:383:6:SystemClock_Config	232	static
main.c:462:1:__io_putchar	16	static
main.c:478:13:MX_DFSDM1_Init	8	static
main.c:516:13:MX_I2C2_Init	8	static
main.c:562:13:MX_QUADSPI_Init	8	static
main.c:595:13:MX_SPI3_Init	8	static
main.c:635:13:MX_USART1_UART_Init	8	static
main.c:670:13:MX_USART3_UART_Init	8	static
main.c:705:13:MX_USB_OTG_FS_PCD_Init	8	static
main.c:740:13:MX_GPIO_Init	48	static
main.c:928:13:VL53L0X_PROXIMITY_Init	496	static
main.c:971:17:VL53L0X_PROXIMITY_GetDistance	40	static
main.c:980:13:VL53L0X_PROXIMITY_MspInit	32	static
main.c:1003:5:controlla_valori_telefono	88	static
main.c:1096:6:StartDefaultTask	64	static
main.c:1213:6:stampa	48	static
main.c:1271:6:StartTask02	16	static
main.c:1283:6:aggiorna_contatore	24	static
main.c:1301:6:Proximity_Test	16	static
main.c:1319:6:stampaDewpoint	80	static
main.c:1342:6:StartDewpointTask	16	static
main.c:1354:6:computeAndUpdate	24	static
main.c:1392:6:ComputeStatistics	16	static
main.c:1402:6:checkAndPrint	544	static
main.c:1469:6:SerialPrint	16	static
main.c:1485:6:Error_Handler	4	static
main.c:1511:6:HAL_GPIO_EXTI_Callback	16	static
main.c:1534:6:SPI3_IRQHandler	8	static
