vl53l0x_api_calibration.c:38:15:VL53L0X_perform_xtalk_calibration	104	static
vl53l0x_api_calibration.c:177:15:VL53L0X_perform_offset_calibration	80	static
vl53l0x_api_calibration.c:276:15:VL53L0X_set_offset_calibration_data_micro_meter	40	static
vl53l0x_api_calibration.c:313:15:VL53L0X_get_offset_calibration_data_micro_meter	24	static
vl53l0x_api_calibration.c:345:15:VL53L0X_apply_offset_adjustment	32	static
vl53l0x_api_calibration.c:385:6:get_next_good_spad	48	static
vl53l0x_api_calibration.c:434:9:is_aperture	24	static
vl53l0x_api_calibration.c:450:15:enable_spad_bit	40	static
vl53l0x_api_calibration.c:468:15:count_enabled_spads	56	static
vl53l0x_api_calibration.c:526:15:set_ref_spad_map	24	static
vl53l0x_api_calibration.c:534:15:get_ref_spad_map	24	static
vl53l0x_api_calibration.c:543:15:enable_ref_spads	56	static
vl53l0x_api_calibration.c:616:15:perform_ref_signal_measurement	48	static
vl53l0x_api_calibration.c:663:15:VL53L0X_perform_ref_spad_management	128	static
vl53l0x_api_calibration.c:927:15:VL53L0X_set_reference_spads	88	static
vl53l0x_api_calibration.c:994:15:VL53L0X_get_reference_spads	64	static
vl53l0x_api_calibration.c:1049:15:VL53L0X_perform_single_ref_calibration	24	static
vl53l0x_api_calibration.c:1072:15:VL53L0X_ref_calibration_io	24	static
vl53l0x_api_calibration.c:1107:15:VL53L0X_perform_vhv_calibration	48	static
vl53l0x_api_calibration.c:1152:15:VL53L0X_perform_phase_calibration	48	static
vl53l0x_api_calibration.c:1197:15:VL53L0X_perform_ref_calibration	32	static
vl53l0x_api_calibration.c:1232:15:VL53L0X_set_ref_calibration	40	static
vl53l0x_api_calibration.c:1247:15:VL53L0X_get_ref_calibration	48	static
