vl53l0x_api_core.c:31:15:VL53L0X_reverse_bytes	40	static
vl53l0x_api_core.c:48:15:VL53L0X_measurement_poll_for_completion	32	static
vl53l0x_api_core.c:81:9:VL53L0X_decode_vcsel_period	24	static
vl53l0x_api_core.c:95:9:VL53L0X_encode_vcsel_period	24	static
vl53l0x_api_core.c:110:10:VL53L0X_isqrt	24	static
vl53l0x_api_core.c:142:10:VL53L0X_quadrature_sum	24	static
vl53l0x_api_core.c:165:15:VL53L0X_device_read_strobe	32	static
vl53l0x_api_core.c:198:15:VL53L0X_get_info_from_device	104	static
vl53l0x_api_core.c:465:10:VL53L0X_calc_macro_period_ps	32	static
vl53l0x_api_core.c:486:10:VL53L0X_encode_timeout	32	static
vl53l0x_api_core.c:512:10:VL53L0X_decode_timeout	24	static
vl53l0x_api_core.c:528:10:VL53L0X_calc_timeout_mclks	40	static
vl53l0x_api_core.c:547:10:VL53L0X_calc_timeout_us	32	static
vl53l0x_api_core.c:566:15:get_sequence_step_timeout	56	static
vl53l0x_api_core.c:675:15:set_sequence_step_timeout	48	static
vl53l0x_api_core.c:819:15:VL53L0X_set_vcsel_pulse_period	48	static
vl53l0x_api_core.c:1068:15:VL53L0X_get_vcsel_pulse_period	32	static
vl53l0x_api_core.c:1098:15:VL53L0X_set_measurement_timing_budget_micro_seconds	80	static
vl53l0x_api_core.c:1248:15:VL53L0X_get_measurement_timing_budget_micro_seconds	72	static
vl53l0x_api_core.c:1339:15:VL53L0X_load_tuning_settings	40	static
vl53l0x_api_core.c:1425:15:VL53L0X_get_total_xtalk_rate	40	static
vl53l0x_api_core.c:1461:15:VL53L0X_get_total_signal_rate	32	static
vl53l0x_api_core.c:1482:15:VL53L0X_calc_dmax	112	static
vl53l0x_api_core.c:1674:15:VL53L0X_calc_sigma_estimate	208	static
vl53l0x_api_core.c:2012:15:VL53L0X_get_pal_range_status	72	static
